Component: ARM Compiler 5.06 update 7 (build 960) Tool: armlink [4d3601]

==============================================================================

Section Cross References

    startup.o(RESET) refers to startup.o(STACK) for StackMem
    startup.o(RESET) refers to timer0a.o(i.Timer0A_Handler) for Timer0A_Handler
    startup.o(RESET) refers to timer1a.o(i.Timer1A_Handler) for Timer1A_Handler
    startup.o(RESET) refers to timer2a.o(i.Timer2A_Handler) for Timer2A_Handler
    startup.o(RESET) refers to timer3a.o(i.Timer3A_Handler) for Timer3A_Handler
    startup.o(RESET) refers to timer4a.o(i.Timer4A_Handler) for Timer4A_Handler
    startup.o(RESET) refers to texas.o(i.Timer5A_Handler) for Timer5A_Handler
    startup.o(RESET) refers to entry.o(.ARM.Collect$$$$00000000) for __main
    lab5.o(i.main) refers to startup.o(.text) for DisableInterrupts
    lab5.o(i.main) refers to pll.o(i.PLL_Init) for PLL_Init
    lab5.o(i.main) refers to switch.o(i.Switch_Init) for Switch_Init
    lab5.o(i.main) refers to transmitter.o(i.Transmitter_Init) for Transmitter_Init
    lab5.o(i.main) refers to adcswtrigger.o(i.ADC0_InitSWTriggerSeq3_Ch9) for ADC0_InitSWTriggerSeq3_Ch9
    lab5.o(i.main) refers to timer3a.o(i.Timer3A_Init) for Timer3A_Init
    lab5.o(i.main) refers to timer0a.o(i.Timer0A_Init) for Timer0A_Init
    lab5.o(i.main) refers to timer4a.o(i.Timer4A_Init) for Timer4A_Init
    lab5.o(i.main) refers to dsp.o(i.DFT_Init) for DFT_Init
    lab5.o(i.main) refers to led.o(i.LED_Init) for LED_Init
    lab5.o(i.main) refers to led_matrix.o(i.LED_Matrix_Init) for LED_Matrix_Init
    lab5.o(i.main) refers to transmitter.o(i.Music_PlaySong) for Music_PlaySong
    lab5.o(i.main) refers to receiver.o(i.torecieve) for torecieve
    lab5.o(i.main) refers to led_matrix.o(i.Charliplex) for Charliplex
    lab5.o(i.main) refers to led_matrix.o(i.switch_image) for switch_image
    lab5.o(i.main) refers to transmitter.o(.data) for songchoice
    texas.o(i.TExaS_Init) refers to pll.o(i.PLL_Init) for PLL_Init
    texas.o(i.TExaS_Init) refers to texas.o(i.UART_Init) for UART_Init
    texas.o(i.TExaS_Init) refers to texas.o(i.Timer5A_Init) for Timer5A_Init
    texas.o(i.TExaS_Init) refers to startup.o(.text) for EnableInterrupts
    texas.o(i.TExaS_Init) refers to texas.o(i.ADC1_InitPD3) for ADC1_InitPD3
    texas.o(i.TExaS_Init) refers to texas.o(i.ADC1_Init_PD2) for ADC1_Init_PD2
    texas.o(i.TExaS_Init) refers to texas.o(i.ADC1_Init_PE2) for ADC1_Init_PE2
    texas.o(i.TExaS_Init) refers to texas.o(i.ADC1_Init_PB5) for ADC1_Init_PB5
    texas.o(i.TExaS_Init) refers to texas.o(i.LogicAnalyzerA) for LogicAnalyzerA
    texas.o(i.TExaS_Init) refers to texas.o(i.LogicAnalyzerB) for LogicAnalyzerB
    texas.o(i.TExaS_Init) refers to texas.o(i.LogicAnalyzerC) for LogicAnalyzerC
    texas.o(i.TExaS_Init) refers to texas.o(i.LogicAnalyzerE) for LogicAnalyzerE
    texas.o(i.TExaS_Init) refers to texas.o(i.LogicAnalyzerF) for LogicAnalyzerF
    texas.o(i.TExaS_Init) refers to texas.o(i.Scope) for Scope
    texas.o(i.TExaS_Stop) refers to texas.o(i.Timer5A_Stop) for Timer5A_Stop
    texas.o(i.Timer5A_Handler) refers to texas.o(.data) for PeriodicTask5
    texas.o(i.Timer5A_Init) refers to startup.o(.text) for StartCritical
    texas.o(i.Timer5A_Init) refers to texas.o(.data) for PeriodicTask5
    timer0a.o(i.Timer0A_Handler) refers to timer0a.o(.data) for PeriodicTask0
    timer0a.o(i.Timer0A_Init) refers to timer0a.o(.data) for PeriodicTask0
    timer1a.o(i.Timer1A_Handler) refers to timer1a.o(.data) for PeriodicTask1
    timer1a.o(i.Timer1A_Init) refers to timer1a.o(.data) for PeriodicTask1
    transmitter.o(i.Music_PlaySong) refers to transmitter.o(i.Transmitter_Init) for Transmitter_Init
    transmitter.o(i.Music_PlaySong) refers to timer2a.o(i.Timer2A_Init) for Timer2A_Init
    transmitter.o(i.Music_PlaySong) refers to timer1a.o(i.Timer1A_Init) for Timer1A_Init
    transmitter.o(i.Music_PlaySong) refers to transmitter.o(.data) for notePtr
    transmitter.o(i.Music_PlaySong) refers to transmitter.o(i.func2) for func2
    transmitter.o(i.Music_PlaySong) refers to tlv5616.o(i.func1) for func1
    transmitter.o(i.Transmitter_Init) refers to tlv5616.o(i.DAC_Init) for DAC_Init
    transmitter.o(i.Transmitter_Init) refers to transmitter.o(.data) for songchoice
    transmitter.o(i.Transmitter_Init) refers to transmitter.o(.constdata) for Song
    transmitter.o(i.func2) refers to transmitter.o(.data) for notePtr
    receiver.o(i.torecieve) refers to adcswtrigger.o(i.ADC0_InSeq3) for ADC0_InSeq3
    receiver.o(i.torecieve) refers to dsp.o(i.DFT) for DFT
    receiver.o(i.torecieve) refers to dsp.o(i.Mag1) for Mag1
    receiver.o(i.torecieve) refers to dsp.o(i.Mag2) for Mag2
    receiver.o(i.torecieve) refers to led.o(i.LED_GreenOn) for LED_GreenOn
    receiver.o(i.torecieve) refers to led.o(i.LED_BlueOff) for LED_BlueOff
    receiver.o(i.torecieve) refers to led.o(i.LED_BlueOn) for LED_BlueOn
    receiver.o(i.torecieve) refers to led.o(i.LED_GreenOff) for LED_GreenOff
    receiver.o(i.torecieve) refers to receiver.o(.bss) for FIFO
    receiver.o(i.torecieve) refers to receiver.o(.data) for i
    st7735.o(i.Output_Clear) refers to st7735.o(i.ST7735_FillScreen) for ST7735_FillScreen
    st7735.o(i.Output_Color) refers to st7735.o(i.ST7735_SetTextColor) for ST7735_SetTextColor
    st7735.o(i.Output_Init) refers to st7735.o(i.ST7735_InitR) for ST7735_InitR
    st7735.o(i.Output_Init) refers to st7735.o(i.ST7735_FillScreen) for ST7735_FillScreen
    st7735.o(i.Output_Off) refers to st7735.o(i.Output_Clear) for Output_Clear
    st7735.o(i.Output_On) refers to st7735.o(i.Output_Init) for Output_Init
    st7735.o(i.ST7735_DrawBitmap) refers to st7735.o(i.setAddrWindow) for setAddrWindow
    st7735.o(i.ST7735_DrawBitmap) refers to st7735.o(i.writedata) for writedata
    st7735.o(i.ST7735_DrawBitmap) refers to st7735.o(i.deselect) for deselect
    st7735.o(i.ST7735_DrawBitmap) refers to st7735.o(.data) for _width
    st7735.o(i.ST7735_DrawChar) refers to st7735.o(i.setAddrWindow) for setAddrWindow
    st7735.o(i.ST7735_DrawChar) refers to st7735.o(i.pushColor) for pushColor
    st7735.o(i.ST7735_DrawChar) refers to st7735.o(i.deselect) for deselect
    st7735.o(i.ST7735_DrawChar) refers to st7735.o(.data) for _width
    st7735.o(i.ST7735_DrawChar) refers to st7735.o(.constdata) for Font
    st7735.o(i.ST7735_DrawCharS) refers to st7735.o(i.ST7735_DrawPixel) for ST7735_DrawPixel
    st7735.o(i.ST7735_DrawCharS) refers to st7735.o(i.ST7735_FillRect) for ST7735_FillRect
    st7735.o(i.ST7735_DrawCharS) refers to st7735.o(.data) for _width
    st7735.o(i.ST7735_DrawCharS) refers to st7735.o(.constdata) for Font
    st7735.o(i.ST7735_DrawCircle) refers to st7735.o(i.setAddrWindow) for setAddrWindow
    st7735.o(i.ST7735_DrawCircle) refers to st7735.o(i.writedata) for writedata
    st7735.o(i.ST7735_DrawCircle) refers to st7735.o(i.deselect) for deselect
    st7735.o(i.ST7735_DrawCircle) refers to st7735.o(.data) for _width
    st7735.o(i.ST7735_DrawCircle) refers to st7735.o(.constdata) for circle
    st7735.o(i.ST7735_DrawFastHLine) refers to st7735.o(i.setAddrWindow) for setAddrWindow
    st7735.o(i.ST7735_DrawFastHLine) refers to st7735.o(i.writedata) for writedata
    st7735.o(i.ST7735_DrawFastHLine) refers to st7735.o(i.deselect) for deselect
    st7735.o(i.ST7735_DrawFastHLine) refers to st7735.o(.data) for _width
    st7735.o(i.ST7735_DrawFastVLine) refers to st7735.o(i.setAddrWindow) for setAddrWindow
    st7735.o(i.ST7735_DrawFastVLine) refers to st7735.o(i.writedata) for writedata
    st7735.o(i.ST7735_DrawFastVLine) refers to st7735.o(i.deselect) for deselect
    st7735.o(i.ST7735_DrawFastVLine) refers to st7735.o(.data) for _width
    st7735.o(i.ST7735_DrawLine) refers to st7735.o(i.ST7735_DrawPixel) for ST7735_DrawPixel
    st7735.o(i.ST7735_DrawPixel) refers to st7735.o(i.setAddrWindow) for setAddrWindow
    st7735.o(i.ST7735_DrawPixel) refers to st7735.o(i.pushColor) for pushColor
    st7735.o(i.ST7735_DrawPixel) refers to st7735.o(i.deselect) for deselect
    st7735.o(i.ST7735_DrawPixel) refers to st7735.o(.data) for _width
    st7735.o(i.ST7735_DrawSmallCircle) refers to st7735.o(i.setAddrWindow) for setAddrWindow
    st7735.o(i.ST7735_DrawSmallCircle) refers to st7735.o(i.writedata) for writedata
    st7735.o(i.ST7735_DrawSmallCircle) refers to st7735.o(i.deselect) for deselect
    st7735.o(i.ST7735_DrawSmallCircle) refers to st7735.o(.data) for _width
    st7735.o(i.ST7735_DrawSmallCircle) refers to st7735.o(.constdata) for smallCircle
    st7735.o(i.ST7735_DrawString) refers to st7735.o(i.ST7735_DrawCharS) for ST7735_DrawCharS
    st7735.o(i.ST7735_FillRect) refers to st7735.o(i.setAddrWindow) for setAddrWindow
    st7735.o(i.ST7735_FillRect) refers to st7735.o(i.writedata) for writedata
    st7735.o(i.ST7735_FillRect) refers to st7735.o(i.deselect) for deselect
    st7735.o(i.ST7735_FillRect) refers to st7735.o(.data) for _width
    st7735.o(i.ST7735_FillScreen) refers to st7735.o(i.ST7735_FillRect) for ST7735_FillRect
    st7735.o(i.ST7735_FillScreen) refers to st7735.o(.data) for _height
    st7735.o(i.ST7735_InitB) refers to st7735.o(i.commonInit) for commonInit
    st7735.o(i.ST7735_InitB) refers to st7735.o(i.ST7735_SetCursor) for ST7735_SetCursor
    st7735.o(i.ST7735_InitB) refers to st7735.o(i.ST7735_FillScreen) for ST7735_FillScreen
    st7735.o(i.ST7735_InitB) refers to st7735.o(.constdata) for Bcmd
    st7735.o(i.ST7735_InitB) refers to st7735.o(.data) for StTextColor
    st7735.o(i.ST7735_InitR) refers to st7735.o(i.commonInit) for commonInit
    st7735.o(i.ST7735_InitR) refers to st7735.o(i.commandList) for commandList
    st7735.o(i.ST7735_InitR) refers to st7735.o(i.writecommand) for writecommand
    st7735.o(i.ST7735_InitR) refers to st7735.o(i.writedata) for writedata
    st7735.o(i.ST7735_InitR) refers to st7735.o(i.ST7735_SetCursor) for ST7735_SetCursor
    st7735.o(i.ST7735_InitR) refers to st7735.o(i.ST7735_FillScreen) for ST7735_FillScreen
    st7735.o(i.ST7735_InitR) refers to st7735.o(.constdata) for Rcmd1
    st7735.o(i.ST7735_InitR) refers to st7735.o(.data) for ColStart
    st7735.o(i.ST7735_InvertDisplay) refers to st7735.o(i.writecommand) for writecommand
    st7735.o(i.ST7735_InvertDisplay) refers to st7735.o(i.deselect) for deselect
    st7735.o(i.ST7735_Line) refers to st7735.o(i.plotLineX) for plotLineX
    st7735.o(i.ST7735_Line) refers to st7735.o(i.plotLineY) for plotLineY
    st7735.o(i.ST7735_OutChar) refers to st7735.o(i.ST7735_DrawString) for ST7735_DrawString
    st7735.o(i.ST7735_OutChar) refers to st7735.o(i.ST7735_DrawCharS) for ST7735_DrawCharS
    st7735.o(i.ST7735_OutChar) refers to st7735.o(.data) for StY
    st7735.o(i.ST7735_OutString) refers to st7735.o(i.ST7735_OutChar) for ST7735_OutChar
    st7735.o(i.ST7735_OutUDec) refers to st7735.o(i.fillmessage) for fillmessage
    st7735.o(i.ST7735_OutUDec) refers to st7735.o(i.ST7735_DrawString) for ST7735_DrawString
    st7735.o(i.ST7735_OutUDec) refers to st7735.o(i.ST7735_DrawCharS) for ST7735_DrawCharS
    st7735.o(i.ST7735_OutUDec) refers to st7735.o(.data) for Messageindex
    st7735.o(i.ST7735_OutUDec) refers to st7735.o(.bss) for Message
    st7735.o(i.ST7735_OutUDec4) refers to st7735.o(i.fillmessage4) for fillmessage4
    st7735.o(i.ST7735_OutUDec4) refers to st7735.o(i.ST7735_DrawString) for ST7735_DrawString
    st7735.o(i.ST7735_OutUDec4) refers to st7735.o(i.ST7735_DrawCharS) for ST7735_DrawCharS
    st7735.o(i.ST7735_OutUDec4) refers to st7735.o(.data) for Messageindex
    st7735.o(i.ST7735_OutUDec4) refers to st7735.o(.bss) for Message
    st7735.o(i.ST7735_OutUDec5) refers to st7735.o(i.fillmessage5) for fillmessage5
    st7735.o(i.ST7735_OutUDec5) refers to st7735.o(i.ST7735_DrawString) for ST7735_DrawString
    st7735.o(i.ST7735_OutUDec5) refers to st7735.o(i.ST7735_DrawCharS) for ST7735_DrawCharS
    st7735.o(i.ST7735_OutUDec5) refers to st7735.o(.data) for Messageindex
    st7735.o(i.ST7735_OutUDec5) refers to st7735.o(.bss) for Message
    st7735.o(i.ST7735_PlotBar) refers to st7735.o(i.ST7735_DrawFastVLine) for ST7735_DrawFastVLine
    st7735.o(i.ST7735_PlotBar) refers to st7735.o(.data) for Ymin
    st7735.o(i.ST7735_PlotClear) refers to st7735.o(i.ST7735_Color565) for ST7735_Color565
    st7735.o(i.ST7735_PlotClear) refers to st7735.o(i.ST7735_FillRect) for ST7735_FillRect
    st7735.o(i.ST7735_PlotClear) refers to st7735.o(.data) for Ymax
    st7735.o(i.ST7735_PlotLine) refers to st7735.o(i.ST7735_DrawPixel) for ST7735_DrawPixel
    st7735.o(i.ST7735_PlotLine) refers to st7735.o(.data) for Ymin
    st7735.o(i.ST7735_PlotNext) refers to st7735.o(.data) for X
    st7735.o(i.ST7735_PlotNextErase) refers to st7735.o(i.ST7735_Color565) for ST7735_Color565
    st7735.o(i.ST7735_PlotNextErase) refers to st7735.o(i.ST7735_DrawFastVLine) for ST7735_DrawFastVLine
    st7735.o(i.ST7735_PlotNextErase) refers to st7735.o(.data) for X
    st7735.o(i.ST7735_PlotPoint) refers to st7735.o(i.ST7735_DrawPixel) for ST7735_DrawPixel
    st7735.o(i.ST7735_PlotPoint) refers to st7735.o(.data) for Ymin
    st7735.o(i.ST7735_PlotPoints) refers to st7735.o(i.ST7735_DrawPixel) for ST7735_DrawPixel
    st7735.o(i.ST7735_PlotPoints) refers to st7735.o(.data) for Ymin
    st7735.o(i.ST7735_PlotdBfs) refers to st7735.o(i.ST7735_DrawFastVLine) for ST7735_DrawFastVLine
    st7735.o(i.ST7735_PlotdBfs) refers to st7735.o(.constdata) for dBfs
    st7735.o(i.ST7735_PlotdBfs) refers to st7735.o(.data) for X
    st7735.o(i.ST7735_SetCursor) refers to st7735.o(.data) for StX
    st7735.o(i.ST7735_SetRotation) refers to st7735.o(i.writecommand) for writecommand
    st7735.o(i.ST7735_SetRotation) refers to st7735.o(i.writedata) for writedata
    st7735.o(i.ST7735_SetRotation) refers to st7735.o(i.deselect) for deselect
    st7735.o(i.ST7735_SetRotation) refers to st7735.o(.data) for Rotation
    st7735.o(i.ST7735_SetTextColor) refers to st7735.o(.data) for StTextColor
    st7735.o(i.ST7735_SetX) refers to st7735.o(.data) for X
    st7735.o(i.commandList) refers to st7735.o(i.writecommand) for writecommand
    st7735.o(i.commandList) refers to st7735.o(i.writedata) for writedata
    st7735.o(i.commandList) refers to st7735.o(i.Delay1ms) for Delay1ms
    st7735.o(i.commonInit) refers to st7735.o(i.Delay1ms) for Delay1ms
    st7735.o(i.commonInit) refers to st7735.o(i.commandList) for commandList
    st7735.o(i.commonInit) refers to st7735.o(.data) for RowStart
    st7735.o(i.fillmessage) refers to st7735.o(.bss) for Message
    st7735.o(i.fillmessage) refers to st7735.o(.data) for Messageindex
    st7735.o(i.fillmessage4) refers to st7735.o(i.fillmessage) for fillmessage
    st7735.o(i.fillmessage4) refers to st7735.o(.data) for Messageindex
    st7735.o(i.fillmessage4) refers to st7735.o(.bss) for Message
    st7735.o(i.fillmessage5) refers to st7735.o(i.fillmessage) for fillmessage
    st7735.o(i.fillmessage5) refers to st7735.o(.data) for Messageindex
    st7735.o(i.fillmessage5) refers to st7735.o(.bss) for Message
    st7735.o(i.fputc) refers to st7735.o(i.ST7735_OutChar) for ST7735_OutChar
    st7735.o(i.plotLineX) refers to st7735.o(i.ST7735_DrawPixel) for ST7735_DrawPixel
    st7735.o(i.plotLineY) refers to st7735.o(i.ST7735_DrawPixel) for ST7735_DrawPixel
    st7735.o(i.pushColor) refers to st7735.o(i.writedata) for writedata
    st7735.o(i.setAddrWindow) refers to st7735.o(i.writecommand) for writecommand
    st7735.o(i.setAddrWindow) refers to st7735.o(i.writedata) for writedata
    st7735.o(i.setAddrWindow) refers to st7735.o(.data) for ColStart
    dsp.o(i.DFT) refers to dsp.o(.constdata) for ReW
    dsp.o(i.DFT) refers to dsp.o(.data) for rsum1
    dsp.o(i.DFT_Init) refers to dsp.o(.data) for isum1
    dsp.o(i.Mag1) refers to dsp.o(.data) for rsum1
    dsp.o(i.Mag2) refers to dsp.o(.data) for rsum2
    dsp.o(i.Median) refers to dsp.o(.data) for x1
    dsp.o(i.NoiseReject) refers to dsp.o(.data) for t1
    dsp.o(i.NoiseReject_Init) refers to dsp.o(.data) for t2
    dsp.o(i.aMag1) refers to dsp.o(.data) for isum1
    dsp.o(i.aMag1) refers to dsp.o(.bss) for x
    dsp.o(i.aMag1) refers to dsp.o(.constdata) for ReW
    dsp.o(i.aMag2) refers to dsp.o(.data) for isum2
    dsp.o(i.aMag2) refers to dsp.o(.bss) for x
    dsp.o(i.aMag2) refers to dsp.o(.constdata) for ReW
    tlv5616.o(i.func1) refers to tlv5616.o(i.DAC_Out) for DAC_Out
    tlv5616.o(i.func1) refers to tlv5616.o(.data) for SineWave
    timer2a.o(i.Timer2A_Handler) refers to timer2a.o(.data) for PeriodicTask2
    timer2a.o(i.Timer2A_Init) refers to timer2a.o(.data) for PeriodicTask2
    beat_detect.o(i.detect_tempo) refers to beat_detect.o(i.calculate_energy) for calculate_energy
    beat_detect.o(i.detect_tempo) refers to dfltui.o(.text) for __aeabi_ui2d
    beat_detect.o(i.detect_tempo) refers to cdrcmple.o(.text) for __aeabi_cdrcmple
    beat_detect.o(i.detect_tempo) refers to ddiv.o(.text) for __aeabi_ddiv
    beat_detect.o(i.detect_tempo) refers to dfixui.o(.text) for __aeabi_d2uiz
    adcswtrigger.o(i.ADC0_InSeq2) refers to adcswtrigger.o(.data) for UserTask2
    adcswtrigger.o(i.ADC0_InitSWTriggerSeq2) refers to adcswtrigger.o(.data) for UserTask2
    led_matrix.o(i.Charliplex) refers to led_matrix.o(i.LED_Matrix_Off_All) for LED_Matrix_Off_All
    led_matrix.o(i.Charliplex) refers to led_matrix.o(i.LED_Matrix_On) for LED_Matrix_On
    led_matrix.o(i.Charliplex) refers to led_matrix.o(.data) for cur_image
    led_matrix.o(i.Clock_Delay1ms) refers to led_matrix.o(i.Clock_Delay) for Clock_Delay
    led_matrix.o(i.switch_image) refers to led_matrix.o(.data) for cur_image
    timer4a.o(i.Timer4A_Handler) refers to timer4a.o(.data) for PeriodicTask4
    timer4a.o(i.Timer4A_Init) refers to timer4a.o(.data) for PeriodicTask4
    timer3a.o(i.Timer3A_Handler) refers to timer3a.o(.data) for PeriodicTask3
    timer3a.o(i.Timer3A_Init) refers to timer3a.o(.data) for PeriodicTask3
    entry.o(.ARM.Collect$$$$00000000) refers (Special) to entry10a.o(.ARM.Collect$$$$0000000F) for __rt_final_cpp
    entry.o(.ARM.Collect$$$$00000000) refers (Special) to entry11a.o(.ARM.Collect$$$$00000011) for __rt_final_exit
    entry.o(.ARM.Collect$$$$00000000) refers (Special) to entry12b.o(.ARM.Collect$$$$0000000E) for __rt_lib_shutdown_fini
    entry.o(.ARM.Collect$$$$00000000) refers (Special) to entry7b.o(.ARM.Collect$$$$00000008) for _main_clock
    entry.o(.ARM.Collect$$$$00000000) refers (Special) to entry8b.o(.ARM.Collect$$$$0000000A) for _main_cpp_init
    entry.o(.ARM.Collect$$$$00000000) refers (Special) to entry9a.o(.ARM.Collect$$$$0000000B) for _main_init
    entry.o(.ARM.Collect$$$$00000000) refers (Special) to entry5.o(.ARM.Collect$$$$00000004) for _main_scatterload
    entry.o(.ARM.Collect$$$$00000000) refers (Special) to entry2.o(.ARM.Collect$$$$00000001) for _main_stk
    ddiv.o(.text) refers (Special) to iusefp.o(.text) for __I$use$fp
    ddiv.o(.text) refers to depilogue.o(.text) for _double_round
    dfltui.o(.text) refers (Special) to iusefp.o(.text) for __I$use$fp
    dfltui.o(.text) refers to depilogue.o(.text) for _double_epilogue
    dfixui.o(.text) refers (Special) to iusefp.o(.text) for __I$use$fp
    dfixui.o(.text) refers to llushr.o(.text) for __aeabi_llsr
    cdrcmple.o(.text) refers (Special) to iusefp.o(.text) for __I$use$fp
    entry2.o(.ARM.Collect$$$$00000001) refers to entry2.o(.ARM.Collect$$$$00002712) for __lit__00000000
    entry2.o(.ARM.Collect$$$$00002712) refers to startup.o(STACK) for __initial_sp
    entry2.o(__vectab_stack_and_reset_area) refers to startup.o(STACK) for __initial_sp
    entry2.o(__vectab_stack_and_reset_area) refers to entry.o(.ARM.Collect$$$$00000000) for __main
    entry5.o(.ARM.Collect$$$$00000004) refers to init.o(.text) for __scatterload
    entry9a.o(.ARM.Collect$$$$0000000B) refers to lab5.o(i.main) for main
    entry9b.o(.ARM.Collect$$$$0000000C) refers to lab5.o(i.main) for main
    depilogue.o(.text) refers to llshl.o(.text) for __aeabi_llsl
    depilogue.o(.text) refers to llushr.o(.text) for __aeabi_llsr
    init.o(.text) refers to entry5.o(.ARM.Collect$$$$00000004) for __main_after_scatterload


==============================================================================

Removing Unused input sections from the image.

    Removing startup.o(HEAP), (0 bytes).
    Removing texas.o(i.ADC1_InitPD3), (200 bytes).
    Removing texas.o(i.ADC1_Init_PB5), (200 bytes).
    Removing texas.o(i.ADC1_Init_PD2), (200 bytes).
    Removing texas.o(i.ADC1_Init_PE2), (200 bytes).
    Removing texas.o(i.LogicAnalyzerA), (24 bytes).
    Removing texas.o(i.LogicAnalyzerB), (24 bytes).
    Removing texas.o(i.LogicAnalyzerC), (24 bytes).
    Removing texas.o(i.LogicAnalyzerE), (24 bytes).
    Removing texas.o(i.LogicAnalyzerF), (24 bytes).
    Removing texas.o(i.Scope), (20 bytes).
    Removing texas.o(i.TExaS_Init), (312 bytes).
    Removing texas.o(i.TExaS_Stop), (8 bytes).
    Removing texas.o(i.Timer5A_Init), (184 bytes).
    Removing texas.o(i.Timer5A_Stop), (36 bytes).
    Removing texas.o(i.UART_Init), (156 bytes).
    Removing timer0a.o(i.Timer0A_Stop), (24 bytes).
    Removing timer1a.o(i.Timer1A_Stop), (24 bytes).
    Removing transmitter.o(i.Music_Reset), (28 bytes).
    Removing st7735.o(i.Delay1ms), (32 bytes).
    Removing st7735.o(i.Output_Clear), (10 bytes).
    Removing st7735.o(i.Output_Color), (12 bytes).
    Removing st7735.o(i.Output_Init), (16 bytes).
    Removing st7735.o(i.Output_Off), (8 bytes).
    Removing st7735.o(i.Output_On), (8 bytes).
    Removing st7735.o(i.ST7735_Color565), (24 bytes).
    Removing st7735.o(i.ST7735_DrawBitmap), (292 bytes).
    Removing st7735.o(i.ST7735_DrawChar), (276 bytes).
    Removing st7735.o(i.ST7735_DrawCharS), (248 bytes).
    Removing st7735.o(i.ST7735_DrawCircle), (172 bytes).
    Removing st7735.o(i.ST7735_DrawFastHLine), (128 bytes).
    Removing st7735.o(i.ST7735_DrawFastVLine), (128 bytes).
    Removing st7735.o(i.ST7735_DrawLine), (246 bytes).
    Removing st7735.o(i.ST7735_DrawPixel), (76 bytes).
    Removing st7735.o(i.ST7735_DrawSmallCircle), (172 bytes).
    Removing st7735.o(i.ST7735_DrawString), (86 bytes).
    Removing st7735.o(i.ST7735_FillRect), (176 bytes).
    Removing st7735.o(i.ST7735_FillScreen), (36 bytes).
    Removing st7735.o(i.ST7735_InitB), (40 bytes).
    Removing st7735.o(i.ST7735_InitR), (124 bytes).
    Removing st7735.o(i.ST7735_InvertDisplay), (26 bytes).
    Removing st7735.o(i.ST7735_Line), (126 bytes).
    Removing st7735.o(i.ST7735_OutChar), (212 bytes).
    Removing st7735.o(i.ST7735_OutString), (24 bytes).
    Removing st7735.o(i.ST7735_OutUDec), (140 bytes).
    Removing st7735.o(i.ST7735_OutUDec4), (140 bytes).
    Removing st7735.o(i.ST7735_OutUDec5), (140 bytes).
    Removing st7735.o(i.ST7735_PlotBar), (88 bytes).
    Removing st7735.o(i.ST7735_PlotClear), (92 bytes).
    Removing st7735.o(i.ST7735_PlotLine), (264 bytes).
    Removing st7735.o(i.ST7735_PlotNext), (32 bytes).
    Removing st7735.o(i.ST7735_PlotNextErase), (64 bytes).
    Removing st7735.o(i.ST7735_PlotPoint), (152 bytes).
    Removing st7735.o(i.ST7735_PlotPoints), (172 bytes).
    Removing st7735.o(i.ST7735_PlotdBfs), (60 bytes).
    Removing st7735.o(i.ST7735_SetCursor), (32 bytes).
    Removing st7735.o(i.ST7735_SetRotation), (216 bytes).
    Removing st7735.o(i.ST7735_SetTextColor), (12 bytes).
    Removing st7735.o(i.ST7735_SetX), (36 bytes).
    Removing st7735.o(i.ST7735_SwapColor), (18 bytes).
    Removing st7735.o(i.ST7735_XYplot), (2 bytes).
    Removing st7735.o(i.ST7735_XYplotInit), (6 bytes).
    Removing st7735.o(i.ST7735_sDecOut2), (2 bytes).
    Removing st7735.o(i.ST7735_uBinOut6), (2 bytes).
    Removing st7735.o(i.commandList), (86 bytes).
    Removing st7735.o(i.commonInit), (392 bytes).
    Removing st7735.o(i.deselect), (28 bytes).
    Removing st7735.o(i.ferror), (8 bytes).
    Removing st7735.o(i.fgetc), (6 bytes).
    Removing st7735.o(i.fillmessage), (72 bytes).
    Removing st7735.o(i.fillmessage4), (100 bytes).
    Removing st7735.o(i.fillmessage5), (128 bytes).
    Removing st7735.o(i.fputc), (16 bytes).
    Removing st7735.o(i.plotLineX), (166 bytes).
    Removing st7735.o(i.plotLineY), (164 bytes).
    Removing st7735.o(i.pushColor), (18 bytes).
    Removing st7735.o(i.setAddrWindow), (116 bytes).
    Removing st7735.o(i.writecommand), (56 bytes).
    Removing st7735.o(i.writedata), (36 bytes).
    Removing st7735.o(.bss), (12 bytes).
    Removing st7735.o(.constdata), (2114 bytes).
    Removing st7735.o(.data), (44 bytes).
    Removing dsp.o(i.Median), (164 bytes).
    Removing dsp.o(i.Median3), (46 bytes).
    Removing dsp.o(i.NoiseReject), (132 bytes).
    Removing dsp.o(i.NoiseReject_Init), (28 bytes).
    Removing dsp.o(i.aMag1), (140 bytes).
    Removing dsp.o(i.aMag2), (144 bytes).
    Removing dsp.o(.bss), (64 bytes).
    Removing tlv5616.o(i.DAC_Out_NB), (24 bytes).
    Removing tlv5616.o(.constdata), (64 bytes).
    Removing cr4_fft_256_stm32.o(.text), (1502 bytes).
    Removing cr4_fft_64_stm32.o(.text), (718 bytes).
    Removing cr4_fft_1024_stm32.o(.text), (4576 bytes).
    Removing led.o(i.Board_Input), (24 bytes).
    Removing led.o(i.LED_BlueToggle), (20 bytes).
    Removing led.o(i.LED_GreenToggle), (20 bytes).
    Removing led.o(i.LED_RedOff), (12 bytes).
    Removing led.o(i.LED_RedOn), (12 bytes).
    Removing led.o(i.LED_RedToggle), (20 bytes).
    Removing timer2a.o(i.Timer2A_Stop), (24 bytes).
    Removing beat_detect.o(i.calculate_energy), (34 bytes).
    Removing beat_detect.o(i.detect_tempo), (208 bytes).
    Removing adcswtrigger.o(i.ADC0_InSeq2), (80 bytes).
    Removing adcswtrigger.o(i.ADC0_InSeq3_InternalTemperature), (64 bytes).
    Removing adcswtrigger.o(i.ADC0_InitSWTriggerSeq2), (224 bytes).
    Removing adcswtrigger.o(i.ADC0_InitSWTriggerSeq3), (1016 bytes).
    Removing adcswtrigger.o(i.ADC0_InitSWTriggerSeq3_Ch7), (248 bytes).
    Removing adcswtrigger.o(i.ADC0_InitSWTriggerSeq3_InternalTemperature), (128 bytes).
    Removing adcswtrigger.o(i.ADC_In3210), (80 bytes).
    Removing adcswtrigger.o(i.ADC_In89), (56 bytes).
    Removing adcswtrigger.o(i.ADC_InTriple), (72 bytes).
    Removing adcswtrigger.o(i.ADC_Init3210), (248 bytes).
    Removing adcswtrigger.o(i.ADC_Init89), (220 bytes).
    Removing adcswtrigger.o(i.ADC_InitTriple), (244 bytes).
    Removing adcswtrigger.o(.data), (4 bytes).
    Removing led_matrix.o(i.Clock_Delay), (10 bytes).
    Removing led_matrix.o(i.Clock_Delay1ms), (22 bytes).
    Removing led_matrix.o(i.LED_Matrix_Off), (28 bytes).
    Removing timer4a.o(i.Timer4A_Stop), (24 bytes).
    Removing timer3a.o(i.Timer3A_Stop), (24 bytes).
    Removing ddiv.o(.text), (222 bytes).
    Removing dfltui.o(.text), (26 bytes).
    Removing dfixui.o(.text), (50 bytes).
    Removing cdrcmple.o(.text), (48 bytes).
    Removing depilogue.o(.text), (186 bytes).

126 unused section(s) (total 20942 bytes) removed from the image.

==============================================================================

Image Symbol Table

    Local Symbols

    Symbol Name                              Value     Ov Type        Size  Object(Section)

    RESET                                    0x00000000   Section      644  startup.o(RESET)
    ../clib/../cmprslib/zerorunl2.c          0x00000000   Number         0  __dczerorl2.o ABSOLUTE
    ../clib/microlib/init/entry.s            0x00000000   Number         0  entry.o ABSOLUTE
    ../clib/microlib/init/entry.s            0x00000000   Number         0  entry11b.o ABSOLUTE
    ../clib/microlib/init/entry.s            0x00000000   Number         0  entry7a.o ABSOLUTE
    ../clib/microlib/init/entry.s            0x00000000   Number         0  entry7b.o ABSOLUTE
    ../clib/microlib/init/entry.s            0x00000000   Number         0  entry8a.o ABSOLUTE
    ../clib/microlib/init/entry.s            0x00000000   Number         0  entry8b.o ABSOLUTE
    ../clib/microlib/init/entry.s            0x00000000   Number         0  entry9a.o ABSOLUTE
    ../clib/microlib/init/entry.s            0x00000000   Number         0  entry9b.o ABSOLUTE
    ../clib/microlib/init/entry.s            0x00000000   Number         0  entry10a.o ABSOLUTE
    ../clib/microlib/init/entry.s            0x00000000   Number         0  entry10b.o ABSOLUTE
    ../clib/microlib/init/entry.s            0x00000000   Number         0  entry11a.o ABSOLUTE
    ../clib/microlib/init/entry.s            0x00000000   Number         0  entry12a.o ABSOLUTE
    ../clib/microlib/init/entry.s            0x00000000   Number         0  entry12b.o ABSOLUTE
    ../clib/microlib/init/entry.s            0x00000000   Number         0  entry5.o ABSOLUTE
    ../clib/microlib/init/entry.s            0x00000000   Number         0  entry2.o ABSOLUTE
    ../clib/microlib/longlong.c              0x00000000   Number         0  llshl.o ABSOLUTE
    ../clib/microlib/longlong.c              0x00000000   Number         0  llushr.o ABSOLUTE
    ../clib/microlib/stubs.s                 0x00000000   Number         0  iusefp.o ABSOLUTE
    ../fplib/microlib/fpdiv.c                0x00000000   Number         0  ddiv.o ABSOLUTE
    ../fplib/microlib/fpepilogue.c           0x00000000   Number         0  depilogue.o ABSOLUTE
    ../fplib/microlib/fpfix.c                0x00000000   Number         0  dfixui.o ABSOLUTE
    ../fplib/microlib/fpflt.c                0x00000000   Number         0  dfltui.o ABSOLUTE
    ..\..\..\..\lab5_code\ece-445l-lab-5-eva-and-rathna\sw\inc\ADCSWTrigger.c 0x00000000   Number         0  adcswtrigger.o ABSOLUTE
    ..\..\..\..\lab5_code\ece-445l-lab-5-eva-and-rathna\sw\inc\Timer3A.c 0x00000000   Number         0  timer3a.o ABSOLUTE
    ..\..\..\..\lab5_code\ece-445l-lab-5-eva-and-rathna\sw\inc\Timer4A.c 0x00000000   Number         0  timer4a.o ABSOLUTE
    ..\inc\LED.c                             0x00000000   Number         0  led.o ABSOLUTE
    ..\inc\PLL.c                             0x00000000   Number         0  pll.o ABSOLUTE
    ..\inc\ST7735.c                          0x00000000   Number         0  st7735.o ABSOLUTE
    ..\inc\TLV5616.c                         0x00000000   Number         0  tlv5616.o ABSOLUTE
    ..\inc\Texas.c                           0x00000000   Number         0  texas.o ABSOLUTE
    ..\inc\Timer0A.c                         0x00000000   Number         0  timer0a.o ABSOLUTE
    ..\inc\Timer1A.c                         0x00000000   Number         0  timer1a.o ABSOLUTE
    ..\inc\Timer2A.c                         0x00000000   Number         0  timer2a.o ABSOLUTE
    ..\inc\cr4_fft_1024_stm32.s              0x00000000   Number         0  cr4_fft_1024_stm32.o ABSOLUTE
    ..\inc\cr4_fft_256_stm32.s               0x00000000   Number         0  cr4_fft_256_stm32.o ABSOLUTE
    ..\inc\cr4_fft_64_stm32.s                0x00000000   Number         0  cr4_fft_64_stm32.o ABSOLUTE
    ..\inc\dsp.c                             0x00000000   Number         0  dsp.o ABSOLUTE
    Lab5.c                                   0x00000000   Number         0  lab5.o ABSOLUTE
    Receiver.c                               0x00000000   Number         0  receiver.o ABSOLUTE
    Switch.c                                 0x00000000   Number         0  switch.o ABSOLUTE
    Transmitter.c                            0x00000000   Number         0  transmitter.o ABSOLUTE
    beat_detect.c                            0x00000000   Number         0  beat_detect.o ABSOLUTE
    cdrcmple.s                               0x00000000   Number         0  cdrcmple.o ABSOLUTE
    dc.s                                     0x00000000   Number         0  dc.o ABSOLUTE
    handlers.s                               0x00000000   Number         0  handlers.o ABSOLUTE
    init.s                                   0x00000000   Number         0  init.o ABSOLUTE
    led_matrix.c                             0x00000000   Number         0  led_matrix.o ABSOLUTE
    startup.s                                0x00000000   Number         0  startup.o ABSOLUTE
    $v0                                      0x0000026c   Number         0  startup.o(RESET)
    .ARM.Collect$$$$00000000                 0x00000284   Section        0  entry.o(.ARM.Collect$$$$00000000)
    .ARM.Collect$$$$00000001                 0x00000284   Section        4  entry2.o(.ARM.Collect$$$$00000001)
    .ARM.Collect$$$$00000004                 0x00000288   Section        4  entry5.o(.ARM.Collect$$$$00000004)
    .ARM.Collect$$$$00000008                 0x0000028c   Section        0  entry7b.o(.ARM.Collect$$$$00000008)
    .ARM.Collect$$$$0000000A                 0x0000028c   Section        0  entry8b.o(.ARM.Collect$$$$0000000A)
    .ARM.Collect$$$$0000000B                 0x0000028c   Section        8  entry9a.o(.ARM.Collect$$$$0000000B)
    .ARM.Collect$$$$0000000E                 0x00000294   Section        4  entry12b.o(.ARM.Collect$$$$0000000E)
    .ARM.Collect$$$$0000000F                 0x00000298   Section        0  entry10a.o(.ARM.Collect$$$$0000000F)
    .ARM.Collect$$$$00000011                 0x00000298   Section        0  entry11a.o(.ARM.Collect$$$$00000011)
    .ARM.Collect$$$$00002712                 0x00000298   Section        4  entry2.o(.ARM.Collect$$$$00002712)
    __lit__00000000                          0x00000298   Data           4  entry2.o(.ARM.Collect$$$$00002712)
    .text                                    0x0000029c   Section       28  startup.o(.text)
    $v0                                      0x0000029c   Number         0  startup.o(.text)
    .text                                    0x000002b8   Section       36  init.o(.text)
    .text                                    0x000002dc   Section        0  __dczerorl2.o(.text)
    i.ADC0_InSeq3                            0x00000334   Section        0  adcswtrigger.o(i.ADC0_InSeq3)
    i.ADC0_InitSWTriggerSeq3_Ch9             0x00000360   Section        0  adcswtrigger.o(i.ADC0_InitSWTriggerSeq3_Ch9)
    i.Charliplex                             0x00000458   Section        0  led_matrix.o(i.Charliplex)
    i.DAC_Init                               0x000004ac   Section        0  tlv5616.o(i.DAC_Init)
    i.DAC_Out                                0x000005a8   Section        0  tlv5616.o(i.DAC_Out)
    i.DFT                                    0x000005d0   Section        0  dsp.o(i.DFT)
    i.DFT_Init                               0x00000638   Section        0  dsp.o(i.DFT_Init)
    i.LED_BlueOff                            0x0000065c   Section        0  led.o(i.LED_BlueOff)
    i.LED_BlueOn                             0x00000668   Section        0  led.o(i.LED_BlueOn)
    i.LED_GreenOff                           0x00000674   Section        0  led.o(i.LED_GreenOff)
    i.LED_GreenOn                            0x00000680   Section        0  led.o(i.LED_GreenOn)
    i.LED_Init                               0x0000068c   Section        0  led.o(i.LED_Init)
    i.LED_Matrix_Init                        0x000006f8   Section        0  led_matrix.o(i.LED_Matrix_Init)
    i.LED_Matrix_Off_All                     0x0000073c   Section        0  led_matrix.o(i.LED_Matrix_Off_All)
    i.LED_Matrix_On                          0x00000748   Section        0  led_matrix.o(i.LED_Matrix_On)
    i.Mag1                                   0x00000764   Section        0  dsp.o(i.Mag1)
    i.Mag2                                   0x000007ac   Section        0  dsp.o(i.Mag2)
    i.Music_PlaySong                         0x000007f4   Section        0  transmitter.o(i.Music_PlaySong)
    i.PLL_Init                               0x00000824   Section        0  pll.o(i.PLL_Init)
    i.Switch_Init                            0x000008a0   Section        0  switch.o(i.Switch_Init)
    i.Timer0A_Handler                        0x000009f0   Section        0  timer0a.o(i.Timer0A_Handler)
    i.Timer0A_Init                           0x00000a08   Section        0  timer0a.o(i.Timer0A_Init)
    i.Timer1A_Handler                        0x00000a80   Section        0  timer1a.o(i.Timer1A_Handler)
    i.Timer1A_Init                           0x00000a98   Section        0  timer1a.o(i.Timer1A_Init)
    i.Timer2A_Handler                        0x00000af8   Section        0  timer2a.o(i.Timer2A_Handler)
    i.Timer2A_Init                           0x00000b10   Section        0  timer2a.o(i.Timer2A_Init)
    i.Timer3A_Handler                        0x00000b70   Section        0  timer3a.o(i.Timer3A_Handler)
    i.Timer3A_Init                           0x00000b88   Section        0  timer3a.o(i.Timer3A_Init)
    i.Timer4A_Handler                        0x00000be8   Section        0  timer4a.o(i.Timer4A_Handler)
    i.Timer4A_Init                           0x00000c00   Section        0  timer4a.o(i.Timer4A_Init)
    i.Timer5A_Handler                        0x00000c60   Section        0  texas.o(i.Timer5A_Handler)
    i.Transmitter_Init                       0x00000c78   Section        0  transmitter.o(i.Transmitter_Init)
    i.__scatterload_copy                     0x00000cb4   Section       14  handlers.o(i.__scatterload_copy)
    i.__scatterload_null                     0x00000cc2   Section        2  handlers.o(i.__scatterload_null)
    i.__scatterload_zeroinit                 0x00000cc4   Section       14  handlers.o(i.__scatterload_zeroinit)
    i.func1                                  0x00000cd4   Section        0  tlv5616.o(i.func1)
    i.func2                                  0x00000d04   Section        0  transmitter.o(i.func2)
    i.main                                   0x00000d44   Section        0  lab5.o(i.main)
    i.switch_image                           0x00000df4   Section        0  led_matrix.o(i.switch_image)
    i.torecieve                              0x00000e08   Section        0  receiver.o(i.torecieve)
    .constdata                               0x00000e94   Section       32  transmitter.o(.constdata)
    .constdata                               0x00000eb4   Section      256  dsp.o(.constdata)
    .data                                    0x20000000   Section        4  texas.o(.data)
    .data                                    0x20000004   Section        4  timer0a.o(.data)
    .data                                    0x20000008   Section        4  timer1a.o(.data)
    .data                                    0x2000000c   Section        8  transmitter.o(.data)
    .data                                    0x20000014   Section       12  receiver.o(.data)
    i                                        0x2000001c   Data           4  receiver.o(.data)
    .data                                    0x20000020   Section       35  dsp.o(.data)
    .data                                    0x20000044   Section      132  tlv5616.o(.data)
    .data                                    0x200000c8   Section        4  timer2a.o(.data)
    .data                                    0x200000cc   Section      152  led_matrix.o(.data)
    cur_pin                                  0x20000160   Data           4  led_matrix.o(.data)
    .data                                    0x20000164   Section        4  timer4a.o(.data)
    .data                                    0x20000168   Section        4  timer3a.o(.data)
    .bss                                     0x2000016c   Section       64  receiver.o(.bss)
    STACK                                    0x200001b0   Section     1024  startup.o(STACK)
    StackMem                                 0x200001b0   Data           0  startup.o(STACK)

    Global Symbols

    Symbol Name                              Value     Ov Type        Size  Object(Section)

    BuildAttributes$$THM_ISAv4$E$P$D$K$B$S$7EM$VFPi3$EXTD16$VFPS$VFMA$PE$A:L22UL41UL21$X:L11$S22US41US21$IEEE1$IW$USESV6$~STKCKD$USESV7$~SHL$OSPACE$ROPI$EBA8$MICROLIB$REQ8$PRES8$EABIv2 0x00000000   Number         0  anon$$obj.o ABSOLUTE
    __ARM_use_no_argv                        0x00000000   Number         0  lab5.o ABSOLUTE
    __Vectors                                0x00000000   Data           0  startup.o(RESET)
    __arm_fini_                               - Undefined Weak Reference
    __cpp_initialize__aeabi_                  - Undefined Weak Reference
    __cxa_finalize                            - Undefined Weak Reference
    _clock_init                               - Undefined Weak Reference
    _microlib_exit                            - Undefined Weak Reference
    Reset_Handler                            0x0000026d   Thumb Code     0  startup.o(RESET)
    NMI_Handler                              0x00000271   Thumb Code     2  startup.o(RESET)
    HardFault_Handler                        0x00000273   Thumb Code     2  startup.o(RESET)
    MemManage_Handler                        0x00000275   Thumb Code     2  startup.o(RESET)
    BusFault_Handler                         0x00000277   Thumb Code     2  startup.o(RESET)
    UsageFault_Handler                       0x00000279   Thumb Code     2  startup.o(RESET)
    SVC_Handler                              0x0000027b   Thumb Code     2  startup.o(RESET)
    DebugMon_Handler                         0x0000027d   Thumb Code     2  startup.o(RESET)
    PendSV_Handler                           0x0000027f   Thumb Code     2  startup.o(RESET)
    SysTick_Handler                          0x00000281   Thumb Code     2  startup.o(RESET)
    ADC0Seq0_Handler                         0x00000283   Thumb Code     0  startup.o(RESET)
    ADC0Seq1_Handler                         0x00000283   Thumb Code     0  startup.o(RESET)
    ADC0Seq2_Handler                         0x00000283   Thumb Code     0  startup.o(RESET)
    ADC0Seq3_Handler                         0x00000283   Thumb Code     0  startup.o(RESET)
    ADC1Seq0_Handler                         0x00000283   Thumb Code     0  startup.o(RESET)
    ADC1Seq1_Handler                         0x00000283   Thumb Code     0  startup.o(RESET)
    ADC1Seq2_Handler                         0x00000283   Thumb Code     0  startup.o(RESET)
    ADC1Seq3_Handler                         0x00000283   Thumb Code     0  startup.o(RESET)
    CAN0_Handler                             0x00000283   Thumb Code     0  startup.o(RESET)
    CAN1_Handler                             0x00000283   Thumb Code     0  startup.o(RESET)
    CAN2_Handler                             0x00000283   Thumb Code     0  startup.o(RESET)
    Comp0_Handler                            0x00000283   Thumb Code     0  startup.o(RESET)
    Comp1_Handler                            0x00000283   Thumb Code     0  startup.o(RESET)
    Comp2_Handler                            0x00000283   Thumb Code     0  startup.o(RESET)
    Ethernet_Handler                         0x00000283   Thumb Code     0  startup.o(RESET)
    ExtBus_Handler                           0x00000283   Thumb Code     0  startup.o(RESET)
    FPU_Handler                              0x00000283   Thumb Code     0  startup.o(RESET)
    Fan0_Handler                             0x00000283   Thumb Code     0  startup.o(RESET)
    FlashCtl_Handler                         0x00000283   Thumb Code     0  startup.o(RESET)
    GPIOPortA_Handler                        0x00000283   Thumb Code     0  startup.o(RESET)
    GPIOPortB_Handler                        0x00000283   Thumb Code     0  startup.o(RESET)
    GPIOPortC_Handler                        0x00000283   Thumb Code     0  startup.o(RESET)
    GPIOPortD_Handler                        0x00000283   Thumb Code     0  startup.o(RESET)
    GPIOPortE_Handler                        0x00000283   Thumb Code     0  startup.o(RESET)
    GPIOPortF_Handler                        0x00000283   Thumb Code     0  startup.o(RESET)
    GPIOPortG_Handler                        0x00000283   Thumb Code     0  startup.o(RESET)
    GPIOPortH_Handler                        0x00000283   Thumb Code     0  startup.o(RESET)
    GPIOPortJ_Handler                        0x00000283   Thumb Code     0  startup.o(RESET)
    GPIOPortK_Handler                        0x00000283   Thumb Code     0  startup.o(RESET)
    GPIOPortL_Handler                        0x00000283   Thumb Code     0  startup.o(RESET)
    GPIOPortM_Handler                        0x00000283   Thumb Code     0  startup.o(RESET)
    GPIOPortN_Handler                        0x00000283   Thumb Code     0  startup.o(RESET)
    GPIOPortP1_Handler                       0x00000283   Thumb Code     0  startup.o(RESET)
    GPIOPortP2_Handler                       0x00000283   Thumb Code     0  startup.o(RESET)
    GPIOPortP3_Handler                       0x00000283   Thumb Code     0  startup.o(RESET)
    GPIOPortP4_Handler                       0x00000283   Thumb Code     0  startup.o(RESET)
    GPIOPortP5_Handler                       0x00000283   Thumb Code     0  startup.o(RESET)
    GPIOPortP6_Handler                       0x00000283   Thumb Code     0  startup.o(RESET)
    GPIOPortP7_Handler                       0x00000283   Thumb Code     0  startup.o(RESET)
    GPIOPortP_Handler                        0x00000283   Thumb Code     0  startup.o(RESET)
    GPIOPortQ1_Handler                       0x00000283   Thumb Code     0  startup.o(RESET)
    GPIOPortQ2_Handler                       0x00000283   Thumb Code     0  startup.o(RESET)
    GPIOPortQ3_Handler                       0x00000283   Thumb Code     0  startup.o(RESET)
    GPIOPortQ4_Handler                       0x00000283   Thumb Code     0  startup.o(RESET)
    GPIOPortQ5_Handler                       0x00000283   Thumb Code     0  startup.o(RESET)
    GPIOPortQ6_Handler                       0x00000283   Thumb Code     0  startup.o(RESET)
    GPIOPortQ7_Handler                       0x00000283   Thumb Code     0  startup.o(RESET)
    GPIOPortQ_Handler                        0x00000283   Thumb Code     0  startup.o(RESET)
    GPIOPortR_Handler                        0x00000283   Thumb Code     0  startup.o(RESET)
    GPIOPortS_Handler                        0x00000283   Thumb Code     0  startup.o(RESET)
    Hibernate_Handler                        0x00000283   Thumb Code     0  startup.o(RESET)
    I2C0_Handler                             0x00000283   Thumb Code     0  startup.o(RESET)
    I2C1_Handler                             0x00000283   Thumb Code     0  startup.o(RESET)
    I2C2_Handler                             0x00000283   Thumb Code     0  startup.o(RESET)
    I2C3_Handler                             0x00000283   Thumb Code     0  startup.o(RESET)
    I2C4_Handler                             0x00000283   Thumb Code     0  startup.o(RESET)
    I2C5_Handler                             0x00000283   Thumb Code     0  startup.o(RESET)
    I2S0_Handler                             0x00000283   Thumb Code     0  startup.o(RESET)
    LPC0_Handler                             0x00000283   Thumb Code     0  startup.o(RESET)
    PECI0_Handler                            0x00000283   Thumb Code     0  startup.o(RESET)
    PWM0Fault_Handler                        0x00000283   Thumb Code     0  startup.o(RESET)
    PWM0Generator0_Handler                   0x00000283   Thumb Code     0  startup.o(RESET)
    PWM0Generator1_Handler                   0x00000283   Thumb Code     0  startup.o(RESET)
    PWM0Generator2_Handler                   0x00000283   Thumb Code     0  startup.o(RESET)
    PWM0Generator3_Handler                   0x00000283   Thumb Code     0  startup.o(RESET)
    PWM1Fault_Handler                        0x00000283   Thumb Code     0  startup.o(RESET)
    PWM1Generator0_Handler                   0x00000283   Thumb Code     0  startup.o(RESET)
    PWM1Generator1_Handler                   0x00000283   Thumb Code     0  startup.o(RESET)
    PWM1Generator2_Handler                   0x00000283   Thumb Code     0  startup.o(RESET)
    PWM1Generator3_Handler                   0x00000283   Thumb Code     0  startup.o(RESET)
    Quadrature0_Handler                      0x00000283   Thumb Code     0  startup.o(RESET)
    Quadrature1_Handler                      0x00000283   Thumb Code     0  startup.o(RESET)
    Quadrature2_Handler                      0x00000283   Thumb Code     0  startup.o(RESET)
    SSI0_Handler                             0x00000283   Thumb Code     0  startup.o(RESET)
    SSI1_Handler                             0x00000283   Thumb Code     0  startup.o(RESET)
    SSI2_Handler                             0x00000283   Thumb Code     0  startup.o(RESET)
    SSI3_Handler                             0x00000283   Thumb Code     0  startup.o(RESET)
    SysCtl_Handler                           0x00000283   Thumb Code     0  startup.o(RESET)
    Timer0B_Handler                          0x00000283   Thumb Code     0  startup.o(RESET)
    Timer1B_Handler                          0x00000283   Thumb Code     0  startup.o(RESET)
    Timer2B_Handler                          0x00000283   Thumb Code     0  startup.o(RESET)
    Timer3B_Handler                          0x00000283   Thumb Code     0  startup.o(RESET)
    Timer4B_Handler                          0x00000283   Thumb Code     0  startup.o(RESET)
    Timer5B_Handler                          0x00000283   Thumb Code     0  startup.o(RESET)
    UART0_Handler                            0x00000283   Thumb Code     0  startup.o(RESET)
    UART1_Handler                            0x00000283   Thumb Code     0  startup.o(RESET)
    UART2_Handler                            0x00000283   Thumb Code     0  startup.o(RESET)
    UART3_Handler                            0x00000283   Thumb Code     0  startup.o(RESET)
    UART4_Handler                            0x00000283   Thumb Code     0  startup.o(RESET)
    UART5_Handler                            0x00000283   Thumb Code     0  startup.o(RESET)
    UART6_Handler                            0x00000283   Thumb Code     0  startup.o(RESET)
    UART7_Handler                            0x00000283   Thumb Code     0  startup.o(RESET)
    USB0_Handler                             0x00000283   Thumb Code     0  startup.o(RESET)
    WDT_Handler                              0x00000283   Thumb Code     0  startup.o(RESET)
    WideTimer0A_Handler                      0x00000283   Thumb Code     0  startup.o(RESET)
    WideTimer0B_Handler                      0x00000283   Thumb Code     0  startup.o(RESET)
    WideTimer1A_Handler                      0x00000283   Thumb Code     0  startup.o(RESET)
    WideTimer1B_Handler                      0x00000283   Thumb Code     0  startup.o(RESET)
    WideTimer2A_Handler                      0x00000283   Thumb Code     0  startup.o(RESET)
    WideTimer2B_Handler                      0x00000283   Thumb Code     0  startup.o(RESET)
    WideTimer3A_Handler                      0x00000283   Thumb Code     0  startup.o(RESET)
    WideTimer3B_Handler                      0x00000283   Thumb Code     0  startup.o(RESET)
    WideTimer4A_Handler                      0x00000283   Thumb Code     0  startup.o(RESET)
    WideTimer4B_Handler                      0x00000283   Thumb Code     0  startup.o(RESET)
    WideTimer5A_Handler                      0x00000283   Thumb Code     0  startup.o(RESET)
    WideTimer5B_Handler                      0x00000283   Thumb Code     0  startup.o(RESET)
    uDMA_Error                               0x00000283   Thumb Code     0  startup.o(RESET)
    uDMA_Handler                             0x00000283   Thumb Code     0  startup.o(RESET)
    __main                                   0x00000285   Thumb Code     0  entry.o(.ARM.Collect$$$$00000000)
    _main_stk                                0x00000285   Thumb Code     0  entry2.o(.ARM.Collect$$$$00000001)
    _main_scatterload                        0x00000289   Thumb Code     0  entry5.o(.ARM.Collect$$$$00000004)
    __main_after_scatterload                 0x0000028d   Thumb Code     0  entry5.o(.ARM.Collect$$$$00000004)
    _main_clock                              0x0000028d   Thumb Code     0  entry7b.o(.ARM.Collect$$$$00000008)
    _main_cpp_init                           0x0000028d   Thumb Code     0  entry8b.o(.ARM.Collect$$$$0000000A)
    _main_init                               0x0000028d   Thumb Code     0  entry9a.o(.ARM.Collect$$$$0000000B)
    __rt_lib_shutdown_fini                   0x00000295   Thumb Code     0  entry12b.o(.ARM.Collect$$$$0000000E)
    __rt_final_cpp                           0x00000299   Thumb Code     0  entry10a.o(.ARM.Collect$$$$0000000F)
    __rt_final_exit                          0x00000299   Thumb Code     0  entry11a.o(.ARM.Collect$$$$00000011)
    DisableInterrupts                        0x0000029d   Thumb Code     0  startup.o(.text)
    EnableInterrupts                         0x000002a1   Thumb Code     0  startup.o(.text)
    StartCritical                            0x000002a5   Thumb Code     0  startup.o(.text)
    EndCritical                              0x000002ad   Thumb Code     0  startup.o(.text)
    WaitForInterrupt                         0x000002b3   Thumb Code     0  startup.o(.text)
    __scatterload                            0x000002b9   Thumb Code    28  init.o(.text)
    __scatterload_rt2                        0x000002b9   Thumb Code     0  init.o(.text)
    __decompress                             0x000002dd   Thumb Code     0  __dczerorl2.o(.text)
    __decompress1                            0x000002dd   Thumb Code    86  __dczerorl2.o(.text)
    ADC0_InSeq3                              0x00000335   Thumb Code    38  adcswtrigger.o(i.ADC0_InSeq3)
    ADC0_InitSWTriggerSeq3_Ch9               0x00000361   Thumb Code   222  adcswtrigger.o(i.ADC0_InitSWTriggerSeq3_Ch9)
    Charliplex                               0x00000459   Thumb Code    68  led_matrix.o(i.Charliplex)
    DAC_Init                                 0x000004ad   Thumb Code   218  tlv5616.o(i.DAC_Init)
    DAC_Out                                  0x000005a9   Thumb Code    34  tlv5616.o(i.DAC_Out)
    DFT                                      0x000005d1   Thumb Code    78  dsp.o(i.DFT)
    DFT_Init                                 0x00000639   Thumb Code    20  dsp.o(i.DFT_Init)
    LED_BlueOff                              0x0000065d   Thumb Code     8  led.o(i.LED_BlueOff)
    LED_BlueOn                               0x00000669   Thumb Code     8  led.o(i.LED_BlueOn)
    LED_GreenOff                             0x00000675   Thumb Code     8  led.o(i.LED_GreenOff)
    LED_GreenOn                              0x00000681   Thumb Code     8  led.o(i.LED_GreenOn)
    LED_Init                                 0x0000068d   Thumb Code    88  led.o(i.LED_Init)
    LED_Matrix_Init                          0x000006f9   Thumb Code    52  led_matrix.o(i.LED_Matrix_Init)
    LED_Matrix_Off_All                       0x0000073d   Thumb Code     8  led_matrix.o(i.LED_Matrix_Off_All)
    LED_Matrix_On                            0x00000749   Thumb Code    18  led_matrix.o(i.LED_Matrix_On)
    Mag1                                     0x00000765   Thumb Code    62  dsp.o(i.Mag1)
    Mag2                                     0x000007ad   Thumb Code    62  dsp.o(i.Mag2)
    Music_PlaySong                           0x000007f5   Thumb Code    36  transmitter.o(i.Music_PlaySong)
    PLL_Init                                 0x00000825   Thumb Code   120  pll.o(i.PLL_Init)
    Switch_Init                              0x000008a1   Thumb Code   306  switch.o(i.Switch_Init)
    Timer0A_Handler                          0x000009f1   Thumb Code    16  timer0a.o(i.Timer0A_Handler)
    Timer0A_Init                             0x00000a09   Thumb Code    98  timer0a.o(i.Timer0A_Init)
    Timer1A_Handler                          0x00000a81   Thumb Code    16  timer1a.o(i.Timer1A_Handler)
    Timer1A_Init                             0x00000a99   Thumb Code    76  timer1a.o(i.Timer1A_Init)
    Timer2A_Handler                          0x00000af9   Thumb Code    16  timer2a.o(i.Timer2A_Handler)
    Timer2A_Init                             0x00000b11   Thumb Code    76  timer2a.o(i.Timer2A_Init)
    Timer3A_Handler                          0x00000b71   Thumb Code    16  timer3a.o(i.Timer3A_Handler)
    Timer3A_Init                             0x00000b89   Thumb Code    74  timer3a.o(i.Timer3A_Init)
    Timer4A_Handler                          0x00000be9   Thumb Code    16  timer4a.o(i.Timer4A_Handler)
    Timer4A_Init                             0x00000c01   Thumb Code    74  timer4a.o(i.Timer4A_Init)
    Timer5A_Handler                          0x00000c61   Thumb Code    16  texas.o(i.Timer5A_Handler)
    Transmitter_Init                         0x00000c79   Thumb Code    44  transmitter.o(i.Transmitter_Init)
    __scatterload_copy                       0x00000cb5   Thumb Code    14  handlers.o(i.__scatterload_copy)
    __scatterload_null                       0x00000cc3   Thumb Code     2  handlers.o(i.__scatterload_null)
    __scatterload_zeroinit                   0x00000cc5   Thumb Code    14  handlers.o(i.__scatterload_zeroinit)
    func1                                    0x00000cd5   Thumb Code    40  tlv5616.o(i.func1)
    func2                                    0x00000d05   Thumb Code    52  transmitter.o(i.func2)
    main                                     0x00000d45   Thumb Code   150  lab5.o(i.main)
    switch_image                             0x00000df5   Thumb Code    16  led_matrix.o(i.switch_image)
    torecieve                                0x00000e09   Thumb Code   124  receiver.o(i.torecieve)
    Song                                     0x00000e94   Data          16  transmitter.o(.constdata)
    Song1                                    0x00000ea4   Data          16  transmitter.o(.constdata)
    ReW                                      0x00000eb4   Data         128  dsp.o(.constdata)
    ImW                                      0x00000f34   Data         128  dsp.o(.constdata)
    Region$$Table$$Base                      0x00000fb4   Number         0  anon$$obj.o(Region$$Table)
    Region$$Table$$Limit                     0x00000fd4   Number         0  anon$$obj.o(Region$$Table)
    PeriodicTask5                            0x20000000   Data           4  texas.o(.data)
    PeriodicTask0                            0x20000004   Data           4  timer0a.o(.data)
    PeriodicTask1                            0x20000008   Data           4  timer1a.o(.data)
    songchoice                               0x2000000c   Data           4  transmitter.o(.data)
    notePtr                                  0x20000010   Data           4  transmitter.o(.data)
    fs1                                      0x20000014   Data           4  receiver.o(.data)
    fs2                                      0x20000018   Data           4  receiver.o(.data)
    t0                                       0x20000020   Data           4  dsp.o(.data)
    t1                                       0x20000024   Data           4  dsp.o(.data)
    t2                                       0x20000028   Data           4  dsp.o(.data)
    Rxx2                                     0x2000002c   Data           4  dsp.o(.data)
    rsum1                                    0x20000030   Data           4  dsp.o(.data)
    isum1                                    0x20000034   Data           4  dsp.o(.data)
    rsum2                                    0x20000038   Data           4  dsp.o(.data)
    isum2                                    0x2000003c   Data           4  dsp.o(.data)
    x0                                       0x20000040   Data           1  dsp.o(.data)
    x1                                       0x20000041   Data           1  dsp.o(.data)
    x2                                       0x20000042   Data           1  dsp.o(.data)
    SineWave                                 0x20000044   Data         128  tlv5616.o(.data)
    i                                        0x200000c4   Data           4  tlv5616.o(.data)
    PeriodicTask2                            0x200000c8   Data           4  timer2a.o(.data)
    images                                   0x200000cc   Data          96  led_matrix.o(.data)
    pinH                                     0x2000012c   Data          48  led_matrix.o(.data)
    cur_image                                0x2000015c   Data           4  led_matrix.o(.data)
    PeriodicTask4                            0x20000164   Data           4  timer4a.o(.data)
    PeriodicTask3                            0x20000168   Data           4  timer3a.o(.data)
    FIFO                                     0x2000016c   Data          64  receiver.o(.bss)
    __initial_sp                             0x200005b0   Data           0  startup.o(STACK)



==============================================================================

Memory Map of the image

  Image Entry point : 0x0000026d

  Load Region LR_1 (Base: 0x00000000, Size: 0x00001140, Max: 0xffffffff, ABSOLUTE, COMPRESSED[0x00001070])

    Execution Region ER_RO (Exec base: 0x00000000, Load base: 0x00000000, Size: 0x00000fd4, Max: 0xffffffff, ABSOLUTE)

    Exec Addr    Load Addr    Size         Type   Attr      Idx    E Section Name        Object

    0x00000000   0x00000000   0x00000284   Code   RO            3  * RESET               startup.o
    0x00000284   0x00000284   0x00000000   Code   RO         1152  * .ARM.Collect$$$$00000000  mc_w.l(entry.o)
    0x00000284   0x00000284   0x00000004   Code   RO         1163    .ARM.Collect$$$$00000001  mc_w.l(entry2.o)
    0x00000288   0x00000288   0x00000004   Code   RO         1166    .ARM.Collect$$$$00000004  mc_w.l(entry5.o)
    0x0000028c   0x0000028c   0x00000000   Code   RO         1168    .ARM.Collect$$$$00000008  mc_w.l(entry7b.o)
    0x0000028c   0x0000028c   0x00000000   Code   RO         1170    .ARM.Collect$$$$0000000A  mc_w.l(entry8b.o)
    0x0000028c   0x0000028c   0x00000008   Code   RO         1171    .ARM.Collect$$$$0000000B  mc_w.l(entry9a.o)
    0x00000294   0x00000294   0x00000004   Code   RO         1178    .ARM.Collect$$$$0000000E  mc_w.l(entry12b.o)
    0x00000298   0x00000298   0x00000000   Code   RO         1173    .ARM.Collect$$$$0000000F  mc_w.l(entry10a.o)
    0x00000298   0x00000298   0x00000000   Code   RO         1175    .ARM.Collect$$$$00000011  mc_w.l(entry11a.o)
    0x00000298   0x00000298   0x00000004   Code   RO         1164    .ARM.Collect$$$$00002712  mc_w.l(entry2.o)
    0x0000029c   0x0000029c   0x0000001c   Code   RO            4    .text               startup.o
    0x000002b8   0x000002b8   0x00000024   Code   RO         1184    .text               mc_w.l(init.o)
    0x000002dc   0x000002dc   0x00000056   Code   RO         1196    .text               mc_w.l(__dczerorl2.o)
    0x00000332   0x00000332   0x00000002   PAD
    0x00000334   0x00000334   0x0000002c   Code   RO          946    i.ADC0_InSeq3       adcswtrigger.o
    0x00000360   0x00000360   0x000000f8   Code   RO          951    i.ADC0_InitSWTriggerSeq3_Ch9  adcswtrigger.o
    0x00000458   0x00000458   0x00000054   Code   RO         1041    i.Charliplex        led_matrix.o
    0x000004ac   0x000004ac   0x000000fc   Code   RO          773    i.DAC_Init          tlv5616.o
    0x000005a8   0x000005a8   0x00000028   Code   RO          774    i.DAC_Out           tlv5616.o
    0x000005d0   0x000005d0   0x00000068   Code   RO          702    i.DFT               dsp.o
    0x00000638   0x00000638   0x00000024   Code   RO          703    i.DFT_Init          dsp.o
    0x0000065c   0x0000065c   0x0000000c   Code   RO          829    i.LED_BlueOff       led.o
    0x00000668   0x00000668   0x0000000c   Code   RO          830    i.LED_BlueOn        led.o
    0x00000674   0x00000674   0x0000000c   Code   RO          832    i.LED_GreenOff      led.o
    0x00000680   0x00000680   0x0000000c   Code   RO          833    i.LED_GreenOn       led.o
    0x0000068c   0x0000068c   0x0000006c   Code   RO          835    i.LED_Init          led.o
    0x000006f8   0x000006f8   0x00000044   Code   RO         1044    i.LED_Matrix_Init   led_matrix.o
    0x0000073c   0x0000073c   0x0000000c   Code   RO         1046    i.LED_Matrix_Off_All  led_matrix.o
    0x00000748   0x00000748   0x0000001c   Code   RO         1047    i.LED_Matrix_On     led_matrix.o
    0x00000764   0x00000764   0x00000048   Code   RO          704    i.Mag1              dsp.o
    0x000007ac   0x000007ac   0x00000048   Code   RO          705    i.Mag2              dsp.o
    0x000007f4   0x000007f4   0x00000030   Code   RO          248    i.Music_PlaySong    transmitter.o
    0x00000824   0x00000824   0x0000007c   Code   RO          690    i.PLL_Init          pll.o
    0x000008a0   0x000008a0   0x00000150   Code   RO          816    i.Switch_Init       switch.o
    0x000009f0   0x000009f0   0x00000018   Code   RO          194    i.Timer0A_Handler   timer0a.o
    0x00000a08   0x00000a08   0x00000078   Code   RO          195    i.Timer0A_Init      timer0a.o
    0x00000a80   0x00000a80   0x00000018   Code   RO          221    i.Timer1A_Handler   timer1a.o
    0x00000a98   0x00000a98   0x00000060   Code   RO          222    i.Timer1A_Init      timer1a.o
    0x00000af8   0x00000af8   0x00000018   Code   RO          900    i.Timer2A_Handler   timer2a.o
    0x00000b10   0x00000b10   0x00000060   Code   RO          901    i.Timer2A_Init      timer2a.o
    0x00000b70   0x00000b70   0x00000018   Code   RO         1125    i.Timer3A_Handler   timer3a.o
    0x00000b88   0x00000b88   0x00000060   Code   RO         1126    i.Timer3A_Init      timer3a.o
    0x00000be8   0x00000be8   0x00000018   Code   RO         1098    i.Timer4A_Handler   timer4a.o
    0x00000c00   0x00000c00   0x00000060   Code   RO         1099    i.Timer4A_Init      timer4a.o
    0x00000c60   0x00000c60   0x00000018   Code   RO           89    i.Timer5A_Handler   texas.o
    0x00000c78   0x00000c78   0x0000003c   Code   RO          250    i.Transmitter_Init  transmitter.o
    0x00000cb4   0x00000cb4   0x0000000e   Code   RO         1190    i.__scatterload_copy  mc_w.l(handlers.o)
    0x00000cc2   0x00000cc2   0x00000002   Code   RO         1191    i.__scatterload_null  mc_w.l(handlers.o)
    0x00000cc4   0x00000cc4   0x0000000e   Code   RO         1192    i.__scatterload_zeroinit  mc_w.l(handlers.o)
    0x00000cd2   0x00000cd2   0x00000002   PAD
    0x00000cd4   0x00000cd4   0x00000030   Code   RO          776    i.func1             tlv5616.o
    0x00000d04   0x00000d04   0x00000040   Code   RO          251    i.func2             transmitter.o
    0x00000d44   0x00000d44   0x000000b0   Code   RO           12    i.main              lab5.o
    0x00000df4   0x00000df4   0x00000014   Code   RO         1048    i.switch_image      led_matrix.o
    0x00000e08   0x00000e08   0x0000008c   Code   RO          294    i.torecieve         receiver.o
    0x00000e94   0x00000e94   0x00000020   Data   RO          252    .constdata          transmitter.o
    0x00000eb4   0x00000eb4   0x00000100   Data   RO          713    .constdata          dsp.o
    0x00000fb4   0x00000fb4   0x00000020   Data   RO         1188    Region$$Table       anon$$obj.o


    Execution Region ER_RW (Exec base: 0x20000000, Load base: 0x00000fd4, Size: 0x0000016c, Max: 0xffffffff, ABSOLUTE, COMPRESSED[0x0000009c])

    Exec Addr    Load Addr    Size         Type   Attr      Idx    E Section Name        Object

    0x20000000   COMPRESSED   0x00000004   Data   RW           93    .data               texas.o
    0x20000004   COMPRESSED   0x00000004   Data   RW          197    .data               timer0a.o
    0x20000008   COMPRESSED   0x00000004   Data   RW          224    .data               timer1a.o
    0x2000000c   COMPRESSED   0x00000008   Data   RW          253    .data               transmitter.o
    0x20000014   COMPRESSED   0x0000000c   Data   RW          296    .data               receiver.o
    0x20000020   COMPRESSED   0x00000023   Data   RW          714    .data               dsp.o
    0x20000043   COMPRESSED   0x00000001   PAD
    0x20000044   COMPRESSED   0x00000084   Data   RW          778    .data               tlv5616.o
    0x200000c8   COMPRESSED   0x00000004   Data   RW          903    .data               timer2a.o
    0x200000cc   COMPRESSED   0x00000098   Data   RW         1049    .data               led_matrix.o
    0x20000164   COMPRESSED   0x00000004   Data   RW         1101    .data               timer4a.o
    0x20000168   COMPRESSED   0x00000004   Data   RW         1128    .data               timer3a.o


    Execution Region ER_ZI (Exec base: 0x2000016c, Load base: 0x00001070, Size: 0x00000444, Max: 0xffffffff, ABSOLUTE)

    Exec Addr    Load Addr    Size         Type   Attr      Idx    E Section Name        Object

    0x2000016c        -       0x00000040   Zero   RW          295    .bss                receiver.o
    0x200001ac   0x00001070   0x00000004   PAD
    0x200001b0        -       0x00000400   Zero   RW            1    STACK               startup.o


==============================================================================

Image component sizes


      Code (inc. data)   RO Data    RW Data    ZI Data      Debug   Object Name

       292         32          0          0          0       1323   adcswtrigger.o
       284         62        256         35          0       2834   dsp.o
       176         26          0          0          0       5067   lab5.o
       156         36          0          0          0       2307   led.o
       212         50          0        152          0       3431   led_matrix.o
       124          4          0          0          0        527   pll.o
       140         16          0         12         64       1279   receiver.o
       672        622          0          0       1024       1052   startup.o
       336         30          0          0          0        590   switch.o
        24          8          0          4          0       1430   texas.o
       144         30          0          4          0       1997   timer0a.o
       120         28          0          4          0       1717   timer1a.o
       120         28          0          4          0       1717   timer2a.o
       120         30          0          4          0       2133   timer3a.o
       120         30          0          4          0       2133   timer4a.o
       340         48          0        132          0       2219   tlv5616.o
       172         40         32          8          0       2368   transmitter.o

    ----------------------------------------------------------------------
      3552       1120        320        364       1092      34124   Object Totals
         0          0         32          0          0          0   (incl. Generated)
         0          0          0          1          4          0   (incl. Padding)

    ----------------------------------------------------------------------

      Code (inc. data)   RO Data    RW Data    ZI Data      Debug   Library Member Name

        86          0          0          0          0          0   __dczerorl2.o
         0          0          0          0          0          0   entry.o
         0          0          0          0          0          0   entry10a.o
         0          0          0          0          0          0   entry11a.o
         4          0          0          0          0          0   entry12b.o
         8          4          0          0          0          0   entry2.o
         4          0          0          0          0          0   entry5.o
         0          0          0          0          0          0   entry7b.o
         0          0          0          0          0          0   entry8b.o
         8          4          0          0          0          0   entry9a.o
        30          0          0          0          0          0   handlers.o
        36          8          0          0          0         68   init.o

    ----------------------------------------------------------------------
       180         16          0          0          0         68   Library Totals
         4          0          0          0          0          0   (incl. Padding)

    ----------------------------------------------------------------------

      Code (inc. data)   RO Data    RW Data    ZI Data      Debug   Library Name

       176         16          0          0          0         68   mc_w.l

    ----------------------------------------------------------------------
       180         16          0          0          0         68   Library Totals

    ----------------------------------------------------------------------

==============================================================================


      Code (inc. data)   RO Data    RW Data    ZI Data      Debug   

      3732       1136        320        364       1092      31176   Grand Totals
      3732       1136        320        156       1092      31176   ELF Image Totals (compressed)
      3732       1136        320        156          0          0   ROM Totals

==============================================================================

    Total RO  Size (Code + RO Data)                 4052 (   3.96kB)
    Total RW  Size (RW Data + ZI Data)              1456 (   1.42kB)
    Total ROM Size (Code + RO Data + RW Data)       4208 (   4.11kB)

==============================================================================

