<html>
<body>
<pre>
<h1>µVision Build Log</h1>
<h2>Tool Versions:</h2>
IDE-Version: µVision V5.33.0.0
Copyright (C) 2020 ARM Ltd and ARM Germany GmbH. All rights reserved.
License Information: Aishwarya Sivakumar, The University of Texas at Austin, LIC=----
 
Tool Versions:
Toolchain:       MDK-Lite  Version: 5.33.0.0
Toolchain Path:  C:\Keil_v5\ARM\ARMCC\Bin
C Compiler:      Armcc.exe V5.06 update 7 (build 960)
Assembler:       Armasm.exe V5.06 update 7 (build 960)
Linker/Locator:  ArmLink.exe V5.06 update 7 (build 960)
Library Manager: ArmAr.exe V5.06 update 7 (build 960)
Hex Converter:   FromElf.exe V5.06 update 7 (build 960)
CPU DLL:         SARMCM3.DLL V5.33.0.0
Dialog DLL:      DCM.DLL V1.17.3.0
Target DLL:      lmidk-agdi.dll V???
Dialog DLL:      TCM.DLL V1.48.0.0
 
<h2>Project:</h2>
C:\Keil_v5\EE445L Fall 2024\lab7\ece-445l-lab-7-and-10-icat\sw\src\Lab5.uvprojx
Project File Date:  10/28/2024

<h2>Output:</h2>
*** Using Compiler 'V5.06 update 7 (build 960)', folder: 'C:\Keil_v5\ARM\ARMCC\Bin'
Rebuild target 'Lab5'
assembling startup.s...
assembling cr4_fft_256_stm32.s...
compiling dsp.c...
compiling Timer0A.c...
assembling cr4_fft_64_stm32.s...
compiling TLV5616.c...
assembling cr4_fft_1024_stm32.s...
compiling Receiver.c...
compiling Lab5.c...
compiling PLL.c...
compiling Transmitter.c...
compiling Timer1A.c...
compiling Texas.c...
compiling beat_detect.c...
compiling ST7735.c...
compiling Switch.c...
Switch.c(13): warning:  #550-D: variable "delay"  was set but never used
  		int delay;
Switch.c: 1 warning, 0 errors
compiling Timer2A.c...
compiling LED.c...
compiling Timer4A.c...
compiling led_matrix.c...
compiling Timer3A.c...
compiling ADCSWTrigger.c...
linking...
Program Size: Code=3732 RO-data=320 RW-data=364 ZI-data=1092  
".\Lab5.axf" - 0 Error(s), 1 Warning(s).

<h2>Software Packages used:</h2>

Package Vendor: ARM
                http://www.keil.com/pack/ARM.CMSIS.5.7.0.pack
                ARM.CMSIS.5.7.0
                CMSIS (Cortex Microcontroller Software Interface Standard)
   * Component: CORE Version: 5.4.0

Package Vendor: Keil
                http://www.keil.com/pack/Keil.TM4C_DFP.1.1.0.pack
                Keil.TM4C_DFP.1.1.0
                Texas Instruments Tiva C Series Device Support and Examples

<h2>Collection of Component include folders:</h2>
  .\RTE\_Lab5
  C:\Users\rathn\AppData\Local\Arm\Packs\ARM\CMSIS\5.7.0\CMSIS\Core\Include
  C:\Users\rathn\AppData\Local\Arm\Packs\Keil\TM4C_DFP\1.1.0\Device\Include\TM4C123

<h2>Collection of Component Files used:</h2>

   * Component: ARM::CMSIS:CORE:5.4.0
Build Time Elapsed:  00:00:01
</pre>
</body>
</html>
