Component: ARM Compiler 6.16 Tool: armlink [5dfeaa00]

==============================================================================

Section Cross References

    startup.o(RESET) refers to startup.o(STACK) for StackMem
    startup.o(RESET) refers to ssd2119.o(.text.GPIOPortA_Handler) for GPIOPortA_Handler
    startup.o(RESET) refers to timer0a.o(.text.Timer0A_Handler) for Timer0A_Handler
    startup.o(RESET) refers to timer1a.o(.text.Timer1A_Handler) for Timer1A_Handler
    startup.o(RESET) refers to timer2a.o(.text.Timer2A_Handler) for Timer2A_Handler
    startup.o(RESET) refers to mqtt.o(.text.UART2_Handler) for UART2_Handler
    startup.o(RESET) refers to timer3a.o(.text.Timer3A_Handler) for Timer3A_Handler
    startup.o(RESET) refers to diskio.o(.text.Timer5A_Handler) for Timer5A_Handler
    startup.o(RESET) refers to entry.o(.ARM.Collect$$$$00000000) for __main
    lab9.o(.text.main) refers to startup.o(.text) for DisableInterrupts
    lab9.o(.text.main) refers to pll.o(.text.PLL_Init) for PLL_Init
    lab9.o(.text.main) refers to motor.o(.text.SysTick_Init) for SysTick_Init
    lab9.o(.text.main) refers to motor.o(.text.MotorDriver_Init) for MotorDriver_Init
    lab9.o(.text.main) refers to uart.o(.text.UART_Init) for UART_Init
    lab9.o(.text.main) refers to uart5.o(.text.UART5_Init) for UART5_Init
    lab9.o(.text.main) refers to st7735.o(.text.ST7735_InitR) for ST7735_InitR
    lab9.o(.text.main) refers to esp8266.o(.text.Reset_8266) for Reset_8266
    lab9.o(.text.main) refers to esp8266.o(.text.SetupWiFi) for SetupWiFi
    lab9.o(.text.main) refers to mqtt.o(.text.MQTT_to_TM4C) for MQTT_to_TM4C
    lab9.o(.text.main) refers to timer2a.o(.text.Timer2A_Init) for Timer2A_Init
    lab9.o(.text.main) refers to mqtt.o(.text.TM4C_to_MQTT) for TM4C_to_MQTT
    lab9.o(.text.main) refers to timer3a.o(.text.Timer3A_Init) for Timer3A_Init
    lab9.o(.text.main) refers to lab9.o(.rodata.str1.1) for .L__const.main.startLDC
    lab9.o(.text.main) refers to memcpya.o(.text) for __aeabi_memcpy
    lab9.o(.text.main) refers to sdcfile.o(.text.SDLCD) for SDLCD
    lab9.o(.text.main) refers to motor.o(.text.RightMotorHi) for RightMotorHi
    lab9.o(.ARM.exidx.text.main) refers to lab9.o(.text.main) for [Anonymous Symbol]
    pll.o(.ARM.exidx.text.PLL_Init) refers to pll.o(.text.PLL_Init) for [Anonymous Symbol]
    ssd2119.o(.ARM.exidx.text.LCD_GPIOInit) refers to ssd2119.o(.text.LCD_GPIOInit) for [Anonymous Symbol]
    ssd2119.o(.ARM.exidx.text.LCD_WriteCommand) refers to ssd2119.o(.text.LCD_WriteCommand) for [Anonymous Symbol]
    ssd2119.o(.ARM.exidx.text.LCD_WriteData) refers to ssd2119.o(.text.LCD_WriteData) for [Anonymous Symbol]
    ssd2119.o(.text.LCD_Init) refers to ssd2119.o(.text.LCD_GPIOInit) for LCD_GPIOInit
    ssd2119.o(.text.LCD_Init) refers to ssd2119.o(.text.LCD_WriteCommand) for LCD_WriteCommand
    ssd2119.o(.text.LCD_Init) refers to ssd2119.o(.text.LCD_WriteData) for LCD_WriteData
    ssd2119.o(.text.LCD_Init) refers to ssd2119.o(.text.LCD_SetCursor) for LCD_SetCursor
    ssd2119.o(.text.LCD_Init) refers to ssd2119.o(.text.LCD_SetTextColor) for LCD_SetTextColor
    ssd2119.o(.ARM.exidx.text.LCD_Init) refers to ssd2119.o(.text.LCD_Init) for [Anonymous Symbol]
    ssd2119.o(.text.LCD_SetCursor) refers to ssd2119.o(.bss.cursorX) for cursorX
    ssd2119.o(.text.LCD_SetCursor) refers to ssd2119.o(.bss.cursorY) for cursorY
    ssd2119.o(.ARM.exidx.text.LCD_SetCursor) refers to ssd2119.o(.text.LCD_SetCursor) for [Anonymous Symbol]
    ssd2119.o(.text.LCD_SetTextColor) refers to ssd2119.o(.text.convertColor) for convertColor
    ssd2119.o(.text.LCD_SetTextColor) refers to ssd2119.o(.bss.textColor) for textColor
    ssd2119.o(.ARM.exidx.text.LCD_SetTextColor) refers to ssd2119.o(.text.LCD_SetTextColor) for [Anonymous Symbol]
    ssd2119.o(.ARM.exidx.text.convertColor) refers to ssd2119.o(.text.convertColor) for [Anonymous Symbol]
    ssd2119.o(.text.LCD_ColorFill) refers to ssd2119.o(.text.LCD_DrawFilledRect) for LCD_DrawFilledRect
    ssd2119.o(.ARM.exidx.text.LCD_ColorFill) refers to ssd2119.o(.text.LCD_ColorFill) for [Anonymous Symbol]
    ssd2119.o(.text.LCD_DrawFilledRect) refers to ssd2119.o(.text.LCD_WriteCommand) for LCD_WriteCommand
    ssd2119.o(.text.LCD_DrawFilledRect) refers to ssd2119.o(.text.LCD_WriteData) for LCD_WriteData
    ssd2119.o(.ARM.exidx.text.LCD_DrawFilledRect) refers to ssd2119.o(.text.LCD_DrawFilledRect) for [Anonymous Symbol]
    ssd2119.o(.ARM.exidx.text.abs) refers to ssd2119.o(.text.abs) for [Anonymous Symbol]
    ssd2119.o(.text.LCD_PrintChar) refers to ssd2119.o(.bss.cursorY) for cursorY
    ssd2119.o(.text.LCD_PrintChar) refers to ssd2119.o(.text.LCD_SetCursor) for LCD_SetCursor
    ssd2119.o(.text.LCD_PrintChar) refers to ssd2119.o(.bss.cursorX) for cursorX
    ssd2119.o(.text.LCD_PrintChar) refers to ssd2119.o(.rodata.ASCII) for ASCII
    ssd2119.o(.text.LCD_PrintChar) refers to ssd2119.o(.bss.textColor) for textColor
[...]
    Removing ff.o(.ARM.exidx.text.f_closedir), (8 bytes).
    Removing ff.o(.text.f_readdir), (152 bytes).
    Removing ff.o(.ARM.exidx.text.f_readdir), (8 bytes).
    Removing ff.o(.text.f_stat), (98 bytes).
    Removing ff.o(.ARM.exidx.text.f_stat), (8 bytes).
    Removing ff.o(.text.f_getfree), (366 bytes).
    Removing ff.o(.ARM.exidx.text.f_getfree), (8 bytes).
    Removing ff.o(.text.f_truncate), (346 bytes).
    Removing ff.o(.ARM.exidx.text.f_truncate), (8 bytes).
    Removing ff.o(.text.f_unlink), (358 bytes).
    Removing ff.o(.ARM.exidx.text.f_unlink), (8 bytes).
    Removing ff.o(.text.dir_remove), (88 bytes).
    Removing ff.o(.ARM.exidx.text.dir_remove), (8 bytes).
    Removing ff.o(.text.f_mkdir), (562 bytes).
    Removing ff.o(.ARM.exidx.text.f_mkdir), (8 bytes).
    Removing ff.o(.ARM.exidx.text.sync_window), (8 bytes).
    Removing ff.o(.ARM.exidx.text.mem_set), (8 bytes).
    Removing ff.o(.text.f_chmod), (170 bytes).
    Removing ff.o(.ARM.exidx.text.f_chmod), (8 bytes).
    Removing ff.o(.text.f_rename), (422 bytes).
    Removing ff.o(.ARM.exidx.text.f_rename), (8 bytes).
    Removing ff.o(.text.f_utime), (164 bytes).
    Removing ff.o(.ARM.exidx.text.f_utime), (8 bytes).
    Removing ff.o(.text.f_getlabel), (234 bytes).
    Removing ff.o(.ARM.exidx.text.f_getlabel), (8 bytes).
    Removing ff.o(.text.f_setlabel), (754 bytes).
    Removing ff.o(.ARM.exidx.text.f_setlabel), (8 bytes).
    Removing ff.o(.ARM.exidx.text.chk_chr), (8 bytes).
    Removing ff.o(.ARM.exidx.text.dir_alloc), (8 bytes).
    Removing ff.o(.text.f_mkfs), (2182 bytes).
    Removing ff.o(.ARM.exidx.text.f_mkfs), (8 bytes).
    Removing ff.o(.ARM.exidx.text.check_fs), (8 bytes).
    Removing ff.o(.ARM.exidx.text.create_name), (8 bytes).
    Removing ff.o(.ARM.exidx.text.dir_find), (8 bytes).
    Removing ff.o(.ARM.exidx.text.mem_cmp), (8 bytes).
    Removing ff.o(.rodata.f_mkfs.vst), (22 bytes).
    Removing ff.o(.rodata.f_mkfs.cst), (22 bytes).
    Removing sdcfile.o(.text), (0 bytes).
    Removing sdcfile.o(.text.diskError), (12 bytes).
    Removing sdcfile.o(.ARM.exidx.text.diskError), (8 bytes).
    Removing sdcfile.o(.text.SimpleUnformattedTest), (388 bytes).
    Removing sdcfile.o(.ARM.exidx.text.SimpleUnformattedTest), (8 bytes).
    Removing sdcfile.o(.text.FileSystemTest), (862 bytes).
    Removing sdcfile.o(.ARM.exidx.text.FileSystemTest), (8 bytes).
    Removing sdcfile.o(.text.SDshenanigans), (1068 bytes).
    Removing sdcfile.o(.ARM.exidx.text.SDshenanigans), (8 bytes).
    Removing sdcfile.o(.text.Parser500), (160 bytes).
    Removing sdcfile.o(.ARM.exidx.text.Parser500), (8 bytes).
    Removing sdcfile.o(.text.SDReadIntoBuf), (426 bytes).
    Removing sdcfile.o(.ARM.exidx.text.SDReadIntoBuf), (8 bytes).
    Removing sdcfile.o(.text.getNowReading), (12 bytes).
    Removing sdcfile.o(.ARM.exidx.text.getNowReading), (8 bytes).
    Removing sdcfile.o(.ARM.exidx.text.SDLCD), (8 bytes).
    Removing sdcfile.o(.text.SDLCD_Transparent), (734 bytes).
    Removing sdcfile.o(.ARM.exidx.text.SDLCD_Transparent), (8 bytes).
    Removing sdcfile.o(.bss.buffer), (512 bytes).
    Removing sdcfile.o(.bss.Handle2), (548 bytes).
    Removing sdcfile.o(.bss.Handle), (548 bytes).
    Removing sdcfile.o(.rodata.inFilename), (18 bytes).
    Removing sdcfile.o(.rodata.outFilename), (8 bytes).
    Removing sdcfile.o(.bss.g_sFatFs), (564 bytes).
    Removing sdcfile.o(.bss.readinbuf), (500 bytes).
    Removing sdcfile.o(.bss.numbersamples), (4 bytes).
    Removing sdcfile.o(.bss.nowreading), (4 bytes).
    Removing st7735.o(.text), (0 bytes).
    Removing st7735.o(.ARM.exidx.text.SDC_CS_Init), (8 bytes).
    Removing st7735.o(.ARM.exidx.text.Delay1ms), (8 bytes).
    Removing st7735.o(.text.ST7735_InitB), (50 bytes).
    Removing st7735.o(.ARM.exidx.text.ST7735_InitB), (8 bytes).
    Removing st7735.o(.ARM.exidx.text.commonInit), (8 bytes).
    Removing st7735.o(.ARM.exidx.text.ST7735_SetCursor), (8 bytes).
    Removing st7735.o(.ARM.exidx.text.ST7735_FillScreen), (8 bytes).
    Removing st7735.o(.ARM.exidx.text.ST7735_InitR), (8 bytes).
    Removing st7735.o(.ARM.exidx.text.commandList), (8 bytes).
    Removing st7735.o(.ARM.exidx.text.writecommand), (8 bytes).
    Removing st7735.o(.ARM.exidx.text.writedata), (8 bytes).
    Removing st7735.o(.ARM.exidx.text.ST7735_DrawPixel), (8 bytes).
    Removing st7735.o(.ARM.exidx.text.setAddrWindow), (8 bytes).
    Removing st7735.o(.ARM.exidx.text.pushColor), (8 bytes).
    Removing st7735.o(.text.ST7735_DrawFastVLine), (198 bytes).
    Removing st7735.o(.ARM.exidx.text.ST7735_DrawFastVLine), (8 bytes).
    Removing st7735.o(.text.ST7735_DrawFastHLine), (198 bytes).
    Removing st7735.o(.ARM.exidx.text.ST7735_DrawFastHLine), (8 bytes).
    Removing st7735.o(.ARM.exidx.text.ST7735_FillRect), (8 bytes).
    Removing st7735.o(.text.ST7735_DrawSmallCircle), (212 bytes).
    Removing st7735.o(.ARM.exidx.text.ST7735_DrawSmallCircle), (8 bytes).
    Removing st7735.o(.text.ST7735_DrawCircle), (212 bytes).
    Removing st7735.o(.ARM.exidx.text.ST7735_DrawCircle), (8 bytes).
    Removing st7735.o(.text.ST7735_Color565), (48 bytes).
    Removing st7735.o(.ARM.exidx.text.ST7735_Color565), (8 bytes).
    Removing st7735.o(.text.ST7735_SwapColor), (28 bytes).
    Removing st7735.o(.ARM.exidx.text.ST7735_SwapColor), (8 bytes).
    Removing st7735.o(.text.ST7735_DrawBitmap), (588 bytes).
    Removing st7735.o(.ARM.exidx.text.ST7735_DrawBitmap), (8 bytes).
    Removing st7735.o(.ARM.exidx.text.ST7735_DrawCharS), (8 bytes).
    Removing st7735.o(.text.ST7735_DrawChar), (428 bytes).
    Removing st7735.o(.ARM.exidx.text.ST7735_DrawChar), (8 bytes).
    Removing st7735.o(.ARM.exidx.text.ST7735_DrawString), (8 bytes).
    Removing st7735.o(.text.fillmessage), (112 bytes).
    Removing st7735.o(.ARM.exidx.text.fillmessage), (8 bytes).
    Removing st7735.o(.text.ST7735_OutUDec), (166 bytes).
    Removing st7735.o(.ARM.exidx.text.ST7735_OutUDec), (8 bytes).
    Removing st7735.o(.text.ST7735_SetRotation), (290 bytes).
    Removing st7735.o(.ARM.exidx.text.ST7735_SetRotation), (8 bytes).
    Removing st7735.o(.text.ST7735_InvertDisplay), (32 bytes).
    Removing st7735.o(.ARM.exidx.text.ST7735_InvertDisplay), (8 bytes).
    Removing st7735.o(.text.ST7735_PlotClear), (144 bytes).
    Removing st7735.o(.ARM.exidx.text.ST7735_PlotClear), (8 bytes).
    Removing st7735.o(.text.ST7735_PlotPoint), (222 bytes).
    Removing st7735.o(.ARM.exidx.text.ST7735_PlotPoint), (8 bytes).
    Removing st7735.o(.text.ST7735_PlotLine), (462 bytes).
    Removing st7735.o(.ARM.exidx.text.ST7735_PlotLine), (8 bytes).
    Removing st7735.o(.text.ST7735_PlotPoints), (314 bytes).
    Removing st7735.o(.ARM.exidx.text.ST7735_PlotPoints), (8 bytes).
    Removing st7735.o(.text.ST7735_PlotBar), (138 bytes).
    Removing st7735.o(.ARM.exidx.text.ST7735_PlotBar), (8 bytes).
    Removing st7735.o(.text.ST7735_PlotdBfs), (96 bytes).
    Removing st7735.o(.ARM.exidx.text.ST7735_PlotdBfs), (8 bytes).
    Removing st7735.o(.text.ST7735_PlotNext), (48 bytes).
    Removing st7735.o(.ARM.exidx.text.ST7735_PlotNext), (8 bytes).
    Removing st7735.o(.text.ST7735_PlotNextErase), (90 bytes).
    Removing st7735.o(.ARM.exidx.text.ST7735_PlotNextErase), (8 bytes).
    Removing st7735.o(.text.ST7735_OutChar), (270 bytes).
    Removing st7735.o(.ARM.exidx.text.ST7735_OutChar), (8 bytes).
    Removing st7735.o(.text.ST7735_OutString), (36 bytes).
    Removing st7735.o(.ARM.exidx.text.ST7735_OutString), (8 bytes).
    Removing st7735.o(.text.ST7735_SetTextColor), (24 bytes).
    Removing st7735.o(.ARM.exidx.text.ST7735_SetTextColor), (8 bytes).
    Removing st7735.o(.text.fputc), (22 bytes).
    Removing st7735.o(.ARM.exidx.text.fputc), (8 bytes).
    Removing st7735.o(.text.fgetc), (10 bytes).
    Removing st7735.o(.ARM.exidx.text.fgetc), (8 bytes).
    Removing st7735.o(.text.ferror), (12 bytes).
    Removing st7735.o(.ARM.exidx.text.ferror), (8 bytes).
    Removing st7735.o(.text.Output_Init), (16 bytes).
    Removing st7735.o(.ARM.exidx.text.Output_Init), (8 bytes).
    Removing st7735.o(.text.Output_Clear), (10 bytes).
    Removing st7735.o(.ARM.exidx.text.Output_Clear), (8 bytes).
    Removing st7735.o(.text.Output_Off), (8 bytes).
    Removing st7735.o(.ARM.exidx.text.Output_Off), (8 bytes).
    Removing st7735.o(.text.Output_On), (8 bytes).
    Removing st7735.o(.ARM.exidx.text.Output_On), (8 bytes).
    Removing st7735.o(.text.Output_Color), (18 bytes).
    Removing st7735.o(.ARM.exidx.text.Output_Color), (8 bytes).
    Removing st7735.o(.rodata.Bcmd), (103 bytes).
    Removing st7735.o(.rodata.smallCircle), (36 bytes).
    Removing st7735.o(.rodata.circle), (60 bytes).
    Removing st7735.o(.bss.Message), (12 bytes).
    Removing st7735.o(.bss.Messageindex), (4 bytes).
    Removing st7735.o(.bss.Rotation), (1 bytes).
    Removing st7735.o(.bss.Ymax), (4 bytes).
    Removing st7735.o(.bss.Ymin), (4 bytes).
    Removing st7735.o(.bss.Yrange), (4 bytes).
    Removing st7735.o(.bss.X), (4 bytes).
    Removing st7735.o(.bss.lastj), (4 bytes).
    Removing st7735.o(.rodata.dBfs), (512 bytes).
    Removing st7735.o(.rodata.str1.1), (22 bytes).
    Removing timer2a.o(.text), (0 bytes).
    Removing timer2a.o(.ARM.exidx.text.Timer2A_Init), (8 bytes).
    Removing timer2a.o(.ARM.exidx.text.Timer2A_Handler), (8 bytes).
    Removing timer2a.o(.text.Timer2A_Stop), (28 bytes).
    Removing timer2a.o(.ARM.exidx.text.Timer2A_Stop), (8 bytes).
    Removing sd-lcd.o(.text), (0 bytes).
    Removing sd-lcd.o(.text.outputToLCD), (2 bytes).
    Removing sd-lcd.o(.ARM.exidx.text.outputToLCD), (8 bytes).
    Removing uart.o(.text), (0 bytes).
    Removing uart.o(.ARM.exidx.text.UART_Init), (8 bytes).
    Removing uart.o(.text.UART_InChar), (36 bytes).
    Removing uart.o(.ARM.exidx.text.UART_InChar), (8 bytes).
    Removing uart.o(.ARM.exidx.text.UART_OutChar), (8 bytes).
    Removing uart.o(.ARM.exidx.text.UART_OutString), (8 bytes).
    Removing uart.o(.text.UART_InUDec), (152 bytes).
    Removing uart.o(.ARM.exidx.text.UART_InUDec), (8 bytes).
    Removing uart.o(.text.UART_OutUDec), (72 bytes).
    Removing uart.o(.ARM.exidx.text.UART_OutUDec), (8 bytes).
    Removing uart.o(.text.UART_InUHex), (218 bytes).
    Removing uart.o(.ARM.exidx.text.UART_InUHex), (8 bytes).
    Removing uart.o(.text.UART_OutUHex), (72 bytes).
    Removing uart.o(.ARM.exidx.text.UART_OutUHex), (8 bytes).
    Removing uart.o(.text.outnibble), (42 bytes).
    Removing uart.o(.ARM.exidx.text.outnibble), (8 bytes).
    Removing uart.o(.text.UART_OutUHex2), (28 bytes).
    Removing uart.o(.ARM.exidx.text.UART_OutUHex2), (8 bytes).
    Removing uart.o(.text.UART_InString), (136 bytes).
    Removing uart.o(.ARM.exidx.text.UART_InString), (8 bytes).
    Removing esp8266.o(.text), (0 bytes).
    Removing esp8266.o(.ARM.exidx.text.DelayWait10ms), (8 bytes).
    Removing esp8266.o(.ARM.exidx.text.Reset_8266), (8 bytes).
    Removing esp8266.o(.ARM.exidx.text.SetupWiFi), (8 bytes).
    Removing esp8266.o(.bss.inchar), (1 bytes).
    Removing mqtt.o(.text), (0 bytes).
    Removing mqtt.o(.text.Parser), (68 bytes).
    Removing mqtt.o(.ARM.exidx.text.Parser), (8 bytes).
    Removing mqtt.o(.ARM.exidx.text.TM4C_to_MQTT), (8 bytes).
    Removing mqtt.o(.ARM.exidx.text.MQTT_to_TM4C), (8 bytes).
    Removing mqtt.o(.ARM.exidx.text.UART2_Handler), (8 bytes).
    Removing mqtt.o(.bss.example_left_motor_speed), (4 bytes).
    Removing uart5.o(.text), (0 bytes).
    Removing uart5.o(.ARM.exidx.text.UART5_Init), (8 bytes).
    Removing uart5.o(.text.UART5_InChar), (36 bytes).
    Removing uart5.o(.ARM.exidx.text.UART5_InChar), (8 bytes).
    Removing uart5.o(.ARM.exidx.text.UART5_OutChar), (8 bytes).
    Removing uart5.o(.ARM.exidx.text.UART5_OutString), (8 bytes).
    Removing uart5.o(.text.UART5_Out_CRLF), (16 bytes).
    Removing uart5.o(.ARM.exidx.text.UART5_Out_CRLF), (8 bytes).
    Removing uart5.o(.text.UART5_InUDec), (152 bytes).
    Removing uart5.o(.ARM.exidx.text.UART5_InUDec), (8 bytes).
    Removing uart5.o(.text.UART5_OutUDec), (72 bytes).
    Removing uart5.o(.ARM.exidx.text.UART5_OutUDec), (8 bytes).
    Removing uart5.o(.text.UART5_InUHex), (218 bytes).
    Removing uart5.o(.ARM.exidx.text.UART5_InUHex), (8 bytes).
    Removing uart5.o(.text.UART5_OutUHex), (72 bytes).
    Removing uart5.o(.ARM.exidx.text.UART5_OutUHex), (8 bytes).
    Removing uart5.o(.text.UART5_InString), (136 bytes).
    Removing uart5.o(.ARM.exidx.text.UART5_InString), (8 bytes).
    Removing timer3a.o(.text), (0 bytes).
    Removing timer3a.o(.ARM.exidx.text.Timer3A_Init), (8 bytes).
    Removing timer3a.o(.ARM.exidx.text.Timer3A_Handler), (8 bytes).
    Removing timer3a.o(.text.Timer3A_Stop), (26 bytes).
    Removing timer3a.o(.ARM.exidx.text.Timer3A_Stop), (8 bytes).
    Removing ffixi.o(.text), (50 bytes).
    Removing f2d.o(.text), (38 bytes).

439 unused section(s) (total 34452 bytes) removed from the image.

==============================================================================

Image Symbol Table

    Local Symbols

    Symbol Name                              Value     Ov Type        Size  Object(Section)

    ../clib/division.s                       0x00000000   Number         0  aeabi_sdiv.o ABSOLUTE
    ../clib/microlib/division.c              0x00000000   Number         0  uidiv.o ABSOLUTE
    ../clib/microlib/division.c              0x00000000   Number         0  uldiv.o ABSOLUTE
    ../clib/microlib/init/entry.s            0x00000000   Number         0  entry.o ABSOLUTE
    ../clib/microlib/init/entry.s            0x00000000   Number         0  entry2.o ABSOLUTE
    ../clib/microlib/init/entry.s            0x00000000   Number         0  entry5.o ABSOLUTE
    ../clib/microlib/init/entry.s            0x00000000   Number         0  entry7a.o ABSOLUTE
    ../clib/microlib/init/entry.s            0x00000000   Number         0  entry7b.o ABSOLUTE
    ../clib/microlib/init/entry.s            0x00000000   Number         0  entry8a.o ABSOLUTE
    ../clib/microlib/init/entry.s            0x00000000   Number         0  entry8b.o ABSOLUTE
    ../clib/microlib/init/entry.s            0x00000000   Number         0  entry9a.o ABSOLUTE
    ../clib/microlib/init/entry.s            0x00000000   Number         0  entry9b.o ABSOLUTE
    ../clib/microlib/init/entry.s            0x00000000   Number         0  entry10a.o ABSOLUTE
    ../clib/microlib/init/entry.s            0x00000000   Number         0  entry10b.o ABSOLUTE
    ../clib/microlib/init/entry.s            0x00000000   Number         0  entry11a.o ABSOLUTE
    ../clib/microlib/init/entry.s            0x00000000   Number         0  entry11b.o ABSOLUTE
    ../clib/microlib/longlong.c              0x00000000   Number         0  llshl.o ABSOLUTE
    ../clib/microlib/longlong.c              0x00000000   Number         0  llushr.o ABSOLUTE
    ../clib/microlib/longlong.c              0x00000000   Number         0  llsshr.o ABSOLUTE
    ../clib/microlib/printf/printf.c         0x00000000   Number         0  printfa.o ABSOLUTE
    ../clib/microlib/stdio/streams.c         0x00000000   Number         0  stdout.o ABSOLUTE
    ../clib/microlib/string/memcpy.c         0x00000000   Number         0  memcpya.o ABSOLUTE
    ../clib/microlib/string/memcpy.c         0x00000000   Number         0  memcpyb.o ABSOLUTE
    ../clib/microlib/string/strcpy.c         0x00000000   Number         0  strcpy.o ABSOLUTE
    ../clib/microlib/string/strtok.c         0x00000000   Number         0  strtok.o ABSOLUTE
    ../clib/microlib/string/strtok.c         0x00000000   Number         0  strtok_r.o ABSOLUTE
    ../clib/microlib/stubs.s                 0x00000000   Number         0  iusefp.o ABSOLUTE
    ../fplib/microlib/f2d.c                  0x00000000   Number         0  f2d.o ABSOLUTE
    ../fplib/microlib/fpadd.c                0x00000000   Number         0  dadd.o ABSOLUTE
    ../fplib/microlib/fpdiv.c                0x00000000   Number         0  ddiv.o ABSOLUTE
    ../fplib/microlib/fpepilogue.c           0x00000000   Number         0  depilogue.o ABSOLUTE
    ../fplib/microlib/fpfix.c                0x00000000   Number         0  ffixi.o ABSOLUTE
    ../fplib/microlib/fpfix.c                0x00000000   Number         0  dfixul.o ABSOLUTE
    ../fplib/microlib/fpmul.c                0x00000000   Number         0  dmul.o ABSOLUTE
    Lab9.c                                   0x00000000   Number         0  lab9.o ABSOLUTE
    MQTT.c                                   0x00000000   Number         0  mqtt.o ABSOLUTE
    Motor.c                                  0x00000000   Number         0  motor.o ABSOLUTE
    PLL.c                                    0x00000000   Number         0  pll.o ABSOLUTE
    SD-LCD.c                                 0x00000000   Number         0  sd-lcd.o ABSOLUTE
    SDCFile.c                                0x00000000   Number         0  sdcfile.o ABSOLUTE
    SSD2119.c                                0x00000000   Number         0  ssd2119.o ABSOLUTE
    ST7735.c                                 0x00000000   Number         0  st7735.o ABSOLUTE
    Sound.c                                  0x00000000   Number         0  sound.o ABSOLUTE
    TLV5616.c                                0x00000000   Number         0  tlv5616.o ABSOLUTE
    Timer0A.c                                0x00000000   Number         0  timer0a.o ABSOLUTE
    Timer1A.c                                0x00000000   Number         0  timer1a.o ABSOLUTE
    Timer2A.c                                0x00000000   Number         0  timer2a.o ABSOLUTE
    Timer3A.c                                0x00000000   Number         0  timer3a.o ABSOLUTE
    UART.c                                   0x00000000   Number         0  uart.o ABSOLUTE
    UART5.c                                  0x00000000   Number         0  uart5.o ABSOLUTE
    cdrcmple.s                               0x00000000   Number         0  cdrcmple.o ABSOLUTE
    dc.s                                     0x00000000   Number         0  dc.o ABSOLUTE
    diskio.c                                 0x00000000   Number         0  diskio.o ABSOLUTE
    esp8266.c                                0x00000000   Number         0  esp8266.o ABSOLUTE
    ff.c                                     0x00000000   Number         0  ff.o ABSOLUTE
    handlers.s                               0x00000000   Number         0  handlers.o ABSOLUTE
    init.s                                   0x00000000   Number         0  init.o ABSOLUTE
    startup.s                                0x00000000   Number         0  startup.o ABSOLUTE
    RESET                                    0x00000000   Section      644  startup.o(RESET)
    .ARM.Collect$$$$00000000                 0x00000284   Section        0  entry.o(.ARM.Collect$$$$00000000)
    .ARM.Collect$$$$00000001                 0x00000284   Section        4  entry2.o(.ARM.Collect$$$$00000001)
    .ARM.Collect$$$$00000004                 0x00000288   Section        4  entry5.o(.ARM.Collect$$$$00000004)
    .ARM.Collect$$$$00000008                 0x0000028c   Section        0  entry7b.o(.ARM.Collect$$$$00000008)
    .ARM.Collect$$$$0000000A                 0x0000028c   Section        0  entry8b.o(.ARM.Collect$$$$0000000A)
    .ARM.Collect$$$$0000000B                 0x0000028c   Section        8  entry9a.o(.ARM.Collect$$$$0000000B)
    __lit__00000000                          0x00000294   Data           4  entry2.o(.ARM.Collect$$$$00002712)
    .ARM.Collect$$$$0000000D                 0x00000294   Section        0  entry10a.o(.ARM.Collect$$$$0000000D)
    .ARM.Collect$$$$0000000F                 0x00000294   Section        0  entry11a.o(.ARM.Collect$$$$0000000F)
    .ARM.Collect$$$$00002712                 0x00000294   Section        4  entry2.o(.ARM.Collect$$$$00002712)
    .text                                    0x00000298   Section       28  startup.o(.text)
    .text                                    0x000002b4   Section        0  memcpya.o(.text)
    .text                                    0x000002d8   Section        0  uidiv.o(.text)
    .text                                    0x00000304   Section        0  uldiv.o(.text)
    .text                                    0x00000366   Section        0  iusefp.o(.text)
    .text                                    0x00000366   Section        0  dadd.o(.text)
    .text                                    0x000004b4   Section        0  dmul.o(.text)
    .text                                    0x00000598   Section        0  ddiv.o(.text)
    .text                                    0x00000676   Section        0  dfixul.o(.text)
    .text                                    0x000006a8   Section       48  cdrcmple.o(.text)
    .text                                    0x000006d8   Section       36  init.o(.text)
    .text                                    0x000006fc   Section        0  llshl.o(.text)
    .text                                    0x0000071a   Section        0  llushr.o(.text)
    .text                                    0x0000073a   Section        0  llsshr.o(.text)
    .text                                    0x0000075e   Section        0  depilogue.o(.text)
    [Anonymous Symbol]                       0x00000818   Section        0  diskio.o(.text.CS_Init)
    [Anonymous Symbol]                       0x000008bc   Section        0  st7735.o(.text.Delay1ms)
    [Anonymous Symbol]                       0x000008ec   Section        0  esp8266.o(.text.DelayWait10ms)
    [Anonymous Symbol]                       0x0000091c   Section        0  motor.o(.text.FlurryFight)
    [Anonymous Symbol]                       0x00000950   Section        0  ssd2119.o(.text.GPIOPortA_Handler)
    [Anonymous Symbol]                       0x00000960   Section        0  motor.o(.text.Hug4U)
    [Anonymous Symbol]                       0x000009a4   Section        0  motor.o(.text.LeftPunch)
    [Anonymous Symbol]                       0x000009e8   Section        0  mqtt.o(.text.MQTT_to_TM4C)
    [Anonymous Symbol]                       0x00000bc0   Section        0  motor.o(.text.MotorBackward)
    [Anonymous Symbol]                       0x00000c8c   Section        0  motor.o(.text.MotorDriver_Init)
    [Anonymous Symbol]                       0x00000e10   Section        0  motor.o(.text.MotorForward)
    [Anonymous Symbol]                       0x00000edc   Section        0  motor.o(.text.MotorStop)
    [Anonymous Symbol]                       0x00000f3c   Section        0  pll.o(.text.PLL_Init)
    [Anonymous Symbol]                       0x00000fc8   Section        0  esp8266.o(.text.Reset_8266)
    [Anonymous Symbol]                       0x00001040   Section        0  motor.o(.text.RightMotorHi)
    [Anonymous Symbol]                       0x00001084   Section        0  motor.o(.text.RightPunch)
    [Anonymous Symbol]                       0x000010c8   Section        0  st7735.o(.text.SDC_CS_Init)
    [Anonymous Symbol]                       0x0000116c   Section        0  sdcfile.o(.text.SDLCD)
    [Anonymous Symbol]                       0x00001434   Section        0  diskio.o(.text.SSI2_Init)
    [Anonymous Symbol]                       0x00001604   Section        0  st7735.o(.text.ST7735_DrawCharS)
    [Anonymous Symbol]                       0x000017b8   Section        0  st7735.o(.text.ST7735_DrawPixel)
    [Anonymous Symbol]                       0x00001828   Section        0  st7735.o(.text.ST7735_DrawString)
    [Anonymous Symbol]                       0x000018c4   Section        0  st7735.o(.text.ST7735_FillRect)
    [Anonymous Symbol]                       0x00001a04   Section        0  st7735.o(.text.ST7735_FillScreen)
    [Anonymous Symbol]                       0x00001a38   Section        0  st7735.o(.text.ST7735_InitR)
    [Anonymous Symbol]                       0x00001ae0   Section        0  st7735.o(.text.ST7735_SetCursor)
    [Anonymous Symbol]                       0x00001b18   Section        0  esp8266.o(.text.SetupWiFi)
    [Anonymous Symbol]                       0x00001c08   Section        0  motor.o(.text.SysTick_Init)
    [Anonymous Symbol]                       0x00001c34   Section        0  motor.o(.text.SysTick_Wait)
    [Anonymous Symbol]                       0x00001c6c   Section        0  motor.o(.text.SysTick_Wait1ms)
    [Anonymous Symbol]                       0x00001c9c   Section        0  mqtt.o(.text.TM4C_to_MQTT)
    [Anonymous Symbol]                       0x00001cf8   Section        0  timer0a.o(.text.Timer0A_Handler)
    [Anonymous Symbol]                       0x00001d14   Section        0  timer1a.o(.text.Timer1A_Handler)
    [Anonymous Symbol]                       0x00001d30   Section        0  timer2a.o(.text.Timer2A_Handler)
    [Anonymous Symbol]                       0x00001d4c   Section        0  timer2a.o(.text.Timer2A_Init)
    [Anonymous Symbol]                       0x00001dec   Section        0  timer3a.o(.text.Timer3A_Handler)
    [Anonymous Symbol]                       0x00001e08   Section        0  timer3a.o(.text.Timer3A_Init)
    [Anonymous Symbol]                       0x00001ea8   Section        0  diskio.o(.text.Timer5A_Handler)
    [Anonymous Symbol]                       0x00001ebc   Section        0  diskio.o(.text.Timer5_Init)
    [Anonymous Symbol]                       0x00001f5c   Section        0  mqtt.o(.text.UART2_Handler)
    [Anonymous Symbol]                       0x00001f90   Section        0  uart5.o(.text.UART5_Init)
    [Anonymous Symbol]                       0x000020a4   Section        0  uart5.o(.text.UART5_OutChar)
    [Anonymous Symbol]                       0x000020d4   Section        0  uart5.o(.text.UART5_OutString)
    [Anonymous Symbol]                       0x000020f8   Section        0  uart.o(.text.UART_Init)
    [Anonymous Symbol]                       0x00002198   Section        0  uart.o(.text.UART_OutChar)
    [Anonymous Symbol]                       0x000021c8   Section        0  uart.o(.text.UART_OutString)
    check_fs                                 0x000021ed   Thumb Code   188  ff.o(.text.check_fs)
    [Anonymous Symbol]                       0x000021ec   Section        0  ff.o(.text.check_fs)
    chk_chr                                  0x000022a9   Thumb Code    60  ff.o(.text.chk_chr)
    [Anonymous Symbol]                       0x000022a8   Section        0  ff.o(.text.chk_chr)
    [Anonymous Symbol]                       0x000022e4   Section        0  ff.o(.text.clust2sect)
    commandList                              0x0000231d   Thumb Code   170  st7735.o(.text.commandList)
    [Anonymous Symbol]                       0x0000231c   Section        0  st7735.o(.text.commandList)
    commonInit                               0x000023c9   Thumb Code   538  st7735.o(.text.commonInit)
    [Anonymous Symbol]                       0x000023c8   Section        0  st7735.o(.text.commonInit)
    create_chain                             0x000025e5   Thumb Code   334  ff.o(.text.create_chain)
    [Anonymous Symbol]                       0x000025e4   Section        0  ff.o(.text.create_chain)
    create_name                              0x00002735   Thumb Code   798  ff.o(.text.create_name)
    [Anonymous Symbol]                       0x00002734   Section        0  ff.o(.text.create_name)
    deselect                                 0x00002a55   Thumb Code    22  diskio.o(.text.deselect)
    [Anonymous Symbol]                       0x00002a54   Section        0  diskio.o(.text.deselect)
    dir_alloc                                0x00002a6d   Thumb Code   156  ff.o(.text.dir_alloc)
    [Anonymous Symbol]                       0x00002a6c   Section        0  ff.o(.text.dir_alloc)
    dir_find                                 0x00002b09   Thumb Code   164  ff.o(.text.dir_find)
    [Anonymous Symbol]                       0x00002b08   Section        0  ff.o(.text.dir_find)
    dir_next                                 0x00002bad   Thumb Code   448  ff.o(.text.dir_next)
    [Anonymous Symbol]                       0x00002bac   Section        0  ff.o(.text.dir_next)
    dir_register                             0x00002d6d   Thumb Code    92  ff.o(.text.dir_register)
    [Anonymous Symbol]                       0x00002d6c   Section        0  ff.o(.text.dir_register)
    dir_sdi                                  0x00002dc9   Thumb Code   286  ff.o(.text.dir_sdi)
    [Anonymous Symbol]                       0x00002dc8   Section        0  ff.o(.text.dir_sdi)
    [Anonymous Symbol]                       0x00002ee8   Section        0  diskio.o(.text.disk_initialize)
    [Anonymous Symbol]                       0x0000314c   Section        0  diskio.o(.text.disk_ioctl)
    [Anonymous Symbol]                       0x00003424   Section        0  diskio.o(.text.disk_read)
    [Anonymous Symbol]                       0x00003500   Section        0  diskio.o(.text.disk_status)
    [Anonymous Symbol]                       0x00003530   Section        0  diskio.o(.text.disk_timerproc)
    [Anonymous Symbol]                       0x000035c0   Section        0  diskio.o(.text.disk_write)
    [Anonymous Symbol]                       0x000036d8   Section        0  ff.o(.text.f_close)
    [Anonymous Symbol]                       0x00003714   Section        0  ff.o(.text.f_mount)
    [Anonymous Symbol]                       0x000037b4   Section        0  ff.o(.text.f_open)
    [Anonymous Symbol]                       0x00003a0c   Section        0  ff.o(.text.f_read)
    [Anonymous Symbol]                       0x00003c90   Section        0  ff.o(.text.f_sync)
    find_volume                              0x00003da5   Thumb Code  1190  ff.o(.text.find_volume)
    [Anonymous Symbol]                       0x00003da4   Section        0  ff.o(.text.find_volume)
    follow_path                              0x0000424d   Thumb Code   284  ff.o(.text.follow_path)
    [Anonymous Symbol]                       0x0000424c   Section        0  ff.o(.text.follow_path)
    [Anonymous Symbol]                       0x00004368   Section        0  ff.o(.text.get_fat)
    get_ldnumber                             0x00004499   Thumb Code   170  ff.o(.text.get_ldnumber)
    [Anonymous Symbol]                       0x00004498   Section        0  ff.o(.text.get_ldnumber)
    init_spi                                 0x00004545   Thumb Code    52  diskio.o(.text.init_spi)
    [Anonymous Symbol]                       0x00004544   Section        0  diskio.o(.text.init_spi)
    ld_clust                                 0x00004579   Thumb Code    48  ff.o(.text.ld_clust)
    [Anonymous Symbol]                       0x00004578   Section        0  ff.o(.text.ld_clust)
    [Anonymous Symbol]                       0x000045a8   Section        0  lab9.o(.text.main)
    mem_cmp                                  0x00004631   Thumb Code    82  ff.o(.text.mem_cmp)
    [Anonymous Symbol]                       0x00004630   Section        0  ff.o(.text.mem_cmp)
    mem_cpy                                  0x00004685   Thumb Code    50  ff.o(.text.mem_cpy)
    [Anonymous Symbol]                       0x00004684   Section        0  ff.o(.text.mem_cpy)
    mem_set                                  0x000046b9   Thumb Code    40  ff.o(.text.mem_set)
    [Anonymous Symbol]                       0x000046b8   Section        0  ff.o(.text.mem_set)
    move_window                              0x000046e1   Thumb Code    94  ff.o(.text.move_window)
    [Anonymous Symbol]                       0x000046e0   Section        0  ff.o(.text.move_window)
    pushColor                                0x00004741   Thumb Code    28  st7735.o(.text.pushColor)
    [Anonymous Symbol]                       0x00004740   Section        0  st7735.o(.text.pushColor)
    [Anonymous Symbol]                       0x0000475c   Section        0  ff.o(.text.put_fat)
    rcvr_datablock                           0x00004925   Thumb Code   128  diskio.o(.text.rcvr_datablock)
    [Anonymous Symbol]                       0x00004924   Section        0  diskio.o(.text.rcvr_datablock)
    rcvr_spi                                 0x000049a5   Thumb Code    70  diskio.o(.text.rcvr_spi)
    [Anonymous Symbol]                       0x000049a4   Section        0  diskio.o(.text.rcvr_spi)
    rcvr_spi_multi                           0x000049ed   Thumb Code    42  diskio.o(.text.rcvr_spi_multi)
    [Anonymous Symbol]                       0x000049ec   Section        0  diskio.o(.text.rcvr_spi_multi)
    remove_chain                             0x00004a19   Thumb Code   176  ff.o(.text.remove_chain)
    [Anonymous Symbol]                       0x00004a18   Section        0  ff.o(.text.remove_chain)
    select                                   0x00004ac9   Thumb Code    68  diskio.o(.text.select)
    [Anonymous Symbol]                       0x00004ac8   Section        0  diskio.o(.text.select)
    send_cmd                                 0x00004b0d   Thumb Code   296  diskio.o(.text.send_cmd)
    [Anonymous Symbol]                       0x00004b0c   Section        0  diskio.o(.text.send_cmd)
    setAddrWindow                            0x00004c35   Thumb Code   148  st7735.o(.text.setAddrWindow)
    [Anonymous Symbol]                       0x00004c34   Section        0  st7735.o(.text.setAddrWindow)
    st_clust                                 0x00004cc9   Thumb Code    40  ff.o(.text.st_clust)
    [Anonymous Symbol]                       0x00004cc8   Section        0  ff.o(.text.st_clust)
    sync_fs                                  0x00004cf1   Thumb Code   268  ff.o(.text.sync_fs)
    [Anonymous Symbol]                       0x00004cf0   Section        0  ff.o(.text.sync_fs)
    sync_window                              0x00004dfd   Thumb Code   138  ff.o(.text.sync_window)
    [Anonymous Symbol]                       0x00004dfc   Section        0  ff.o(.text.sync_window)
    validate                                 0x00004e89   Thumb Code    96  ff.o(.text.validate)
    [Anonymous Symbol]                       0x00004e88   Section        0  ff.o(.text.validate)
    wait_ready                               0x00004ee9   Thumb Code    92  diskio.o(.text.wait_ready)
    [Anonymous Symbol]                       0x00004ee8   Section        0  diskio.o(.text.wait_ready)
    writecommand                             0x00004f45   Thumb Code   126  st7735.o(.text.writecommand)
    [Anonymous Symbol]                       0x00004f44   Section        0  st7735.o(.text.writecommand)
    writedata                                0x00004fc5   Thumb Code   128  st7735.o(.text.writedata)
    [Anonymous Symbol]                       0x00004fc4   Section        0  st7735.o(.text.writedata)
    xchg_spi                                 0x00005045   Thumb Code    86  diskio.o(.text.xchg_spi)
    [Anonymous Symbol]                       0x00005044   Section        0  diskio.o(.text.xchg_spi)
    xmit_datablock                           0x0000509d   Thumb Code   114  diskio.o(.text.xmit_datablock)
    [Anonymous Symbol]                       0x0000509c   Section        0  diskio.o(.text.xmit_datablock)
    xmit_spi_multi                           0x00005111   Thumb Code    82  diskio.o(.text.xmit_spi_multi)
    [Anonymous Symbol]                       0x00005110   Section        0  diskio.o(.text.xmit_spi_multi)
    i.__0sprintf                             0x00005164   Section        0  printfa.o(i.__0sprintf)
    i.__scatterload_copy                     0x0000518c   Section       14  handlers.o(i.__scatterload_copy)
    i.__scatterload_null                     0x0000519a   Section        2  handlers.o(i.__scatterload_null)
    i.__scatterload_zeroinit                 0x0000519c   Section       14  handlers.o(i.__scatterload_zeroinit)
    _fp_digits                               0x000051ad   Thumb Code   366  printfa.o(i._fp_digits)
    i._fp_digits                             0x000051ac   Section        0  printfa.o(i._fp_digits)
    _printf_core                             0x00005331   Thumb Code  1744  printfa.o(i._printf_core)
    i._printf_core                           0x00005330   Section        0  printfa.o(i._printf_core)
    _printf_post_padding                     0x00005a0d   Thumb Code    36  printfa.o(i._printf_post_padding)
    i._printf_post_padding                   0x00005a0c   Section        0  printfa.o(i._printf_post_padding)
    _printf_pre_padding                      0x00005a31   Thumb Code    46  printfa.o(i._printf_pre_padding)
    i._printf_pre_padding                    0x00005a30   Section        0  printfa.o(i._printf_pre_padding)
    _sputc                                   0x00005a5f   Thumb Code    10  printfa.o(i._sputc)
    i._sputc                                 0x00005a5e   Section        0  printfa.o(i._sputc)
    Font                                     0x00005a68   Data        1275  st7735.o(.rodata.Font)
    [Anonymous Symbol]                       0x00005a68   Section        0  st7735.o(.rodata.Font)
    Rcmd1                                    0x00005f63   Data          59  st7735.o(.rodata.Rcmd1)
    [Anonymous Symbol]                       0x00005f63   Section        0  st7735.o(.rodata.Rcmd1)
    Rcmd2green                               0x00005f9e   Data          13  st7735.o(.rodata.Rcmd2green)
    [Anonymous Symbol]                       0x00005f9e   Section        0  st7735.o(.rodata.Rcmd2green)
    Rcmd2red                                 0x00005fab   Data          13  st7735.o(.rodata.Rcmd2red)
    [Anonymous Symbol]                       0x00005fab   Section        0  st7735.o(.rodata.Rcmd2red)
    Rcmd3                                    0x00005fb8   Data          43  st7735.o(.rodata.Rcmd3)
    [Anonymous Symbol]                       0x00005fb8   Section        0  st7735.o(.rodata.Rcmd3)
    .L.str.16                                0x00005fe3   Data          18  lab9.o(.rodata.str1.1)
    .L__const.main.startLDC                  0x00005fe3   Data          18  lab9.o(.rodata.str1.1)
    [Anonymous Symbol]                       0x00005fe3   Section        0  lab9.o(.rodata.str1.1)
    .L.str                                   0x00005ff5   Data          16  ff.o(.rodata.str1.1)
    .L.str.4                                 0x00005ff5   Data          15  ff.o(.rodata.str1.1)
    [Anonymous Symbol]                       0x00005ff5   Section        0  ff.o(.rodata.str1.1)
    .L.str.11                                0x00006003   Data           1  ff.o(.rodata.str1.1)
    .L.str.11                                0x00006003   Data           1  ff.o(.rodata.str1.1)
    .L.str.1                                 0x00006004   Data          32  esp8266.o(.rodata.str1.1)
    [Anonymous Symbol]                       0x00006004   Section        0  esp8266.o(.rodata.str1.1)
    .L.str.1                                 0x00006005   Data          12  ff.o(.rodata.str1.1)
    .L.str.2                                 0x00006011   Data          20  ff.o(.rodata.str1.1)
    .L.str.3                                 0x00006024   Data          31  esp8266.o(.rodata.str1.1)
    .L.str.3                                 0x00006025   Data          20  ff.o(.rodata.str1.1)
    .L.str                                   0x00006043   Data          26  esp8266.o(.rodata.str1.1)
    .L.str.2                                 0x0000605a   Data           3  esp8266.o(.rodata.str1.1)
    .L.str.2                                 0x0000605d   Data          15  esp8266.o(.rodata.str1.1)
    .L.str                                   0x0000606c   Data           2  mqtt.o(.rodata.str1.1)
    .L.str.3                                 0x0000606c   Data          26  mqtt.o(.rodata.str1.1)
    [Anonymous Symbol]                       0x0000606c   Section        0  mqtt.o(.rodata.str1.1)
    .L.str.1                                 0x0000606e   Data          10  mqtt.o(.rodata.str1.1)
    .L.str.4                                 0x00006086   Data           6  mqtt.o(.rodata.str1.1)
    .L.str.15                                0x0000608c   Data          26  mqtt.o(.rodata.str1.1)
    .L.str.14                                0x000060a6   Data          26  mqtt.o(.rodata.str1.1)
    .L.str.12                                0x000060c0   Data          22  mqtt.o(.rodata.str1.1)
    .L.str.8                                 0x000060d6   Data          17  mqtt.o(.rodata.str1.1)
    .L.str.9                                 0x000060e7   Data          19  mqtt.o(.rodata.str1.1)
    .L.str.7                                 0x000060fa   Data          17  mqtt.o(.rodata.str1.1)
    .L.str.13                                0x0000610b   Data          19  mqtt.o(.rodata.str1.1)
    .L.str.5                                 0x0000611e   Data          15  mqtt.o(.rodata.str1.1)
    .L.str.6                                 0x0000612d   Data          19  mqtt.o(.rodata.str1.1)
    .L.str.10                                0x00006140   Data          17  mqtt.o(.rodata.str1.1)
    Stat                                     0x20000002   Data           1  diskio.o(.data.Stat)
    [Anonymous Symbol]                       0x20000002   Section        0  diskio.o(.data.Stat)
    _height                                  0x20000004   Data           2  st7735.o(.data._height)
    [Anonymous Symbol]                       0x20000004   Section        0  st7735.o(.data._height)
    _width                                   0x20000006   Data           2  st7735.o(.data._width)
    [Anonymous Symbol]                       0x20000006   Section        0  st7735.o(.data._width)
    CardType                                 0x20000090   Data           1  diskio.o(.bss.CardType)
    [Anonymous Symbol]                       0x20000090   Section        0  diskio.o(.bss.CardType)
    ColStart                                 0x20000091   Data           1  st7735.o(.bss.ColStart)
    [Anonymous Symbol]                       0x20000091   Section        0  st7735.o(.bss.ColStart)
    FatFs                                    0x20000094   Data           4  ff.o(.bss.FatFs)
    [Anonymous Symbol]                       0x20000094   Section        0  ff.o(.bss.FatFs)
    Fsid                                     0x2000009a   Data           2  ff.o(.bss.Fsid)
    [Anonymous Symbol]                       0x2000009a   Section        0  ff.o(.bss.Fsid)
    RowStart                                 0x200002d4   Data           1  st7735.o(.bss.RowStart)
    [Anonymous Symbol]                       0x200002d4   Section        0  st7735.o(.bss.RowStart)
    TabColor                                 0x200002e0   Data           1  st7735.o(.bss.TabColor)
    [Anonymous Symbol]                       0x200002e0   Section        0  st7735.o(.bss.TabColor)
    Timer1                                   0x200002e4   Data           4  diskio.o(.bss.Timer1)
    [Anonymous Symbol]                       0x200002e4   Section        0  diskio.o(.bss.Timer1)
    Timer2                                   0x200002e8   Data           4  diskio.o(.bss.Timer2)
    [Anonymous Symbol]                       0x200002e8   Section        0  diskio.o(.bss.Timer2)
    bufpos                                   0x2000032c   Data           4  mqtt.o(.bss.bufpos)
    [Anonymous Symbol]                       0x2000032c   Section        0  mqtt.o(.bss.bufpos)
    g_sFatFs2                                0x20000330   Data         564  sdcfile.o(.bss.g_sFatFs2)
    [Anonymous Symbol]                       0x20000330   Section        0  sdcfile.o(.bss.g_sFatFs2)
    StackMem                                 0x200005e8   Data           0  startup.o(STACK)
    STACK                                    0x200005e8   Section     1024  startup.o(STACK)

    Global Symbols

    Symbol Name                              Value     Ov Type        Size  Object(Section)

    BuildAttributes$$THM_ISAv4$E$P$D$K$B$S$7EM$PE$A:L22UL41UL21$X:L11$S22US41US21$IEEE1$IW$~IW$USESV6$~STKCKD$USESV7$~SHL$OSPACE$ROPI$EBA8$MICROLIB$REQ8$PRES8$EABIv2 0x00000000   Number         0  anon$$obj.o ABSOLUTE
    __Vectors                                0x00000000   Data           0  startup.o(RESET)
    __cpp_initialize__aeabi_                  - Undefined Weak Reference
    __cxa_finalize                            - Undefined Weak Reference
    __decompress                              - Undefined Weak Reference
    _clock_init                               - Undefined Weak Reference
    _microlib_exit                            - Undefined Weak Reference
    Reset_Handler                            0x0000026d   Thumb Code     0  startup.o(RESET)
    NMI_Handler                              0x00000271   Thumb Code     2  startup.o(RESET)
    HardFault_Handler                        0x00000273   Thumb Code     2  startup.o(RESET)
    MemManage_Handler                        0x00000275   Thumb Code     2  startup.o(RESET)
    BusFault_Handler                         0x00000277   Thumb Code     2  startup.o(RESET)
    UsageFault_Handler                       0x00000279   Thumb Code     2  startup.o(RESET)
    SVC_Handler                              0x0000027b   Thumb Code     2  startup.o(RESET)
    DebugMon_Handler                         0x0000027d   Thumb Code     2  startup.o(RESET)
    PendSV_Handler                           0x0000027f   Thumb Code     2  startup.o(RESET)
    SysTick_Handler                          0x00000281   Thumb Code     2  startup.o(RESET)
    ADC0Seq0_Handler                         0x00000283   Thumb Code     0  startup.o(RESET)
    ADC0Seq1_Handler                         0x00000283   Thumb Code     0  startup.o(RESET)
    ADC0Seq2_Handler                         0x00000283   Thumb Code     0  startup.o(RESET)
    ADC0Seq3_Handler                         0x00000283   Thumb Code     0  startup.o(RESET)
    ADC1Seq0_Handler                         0x00000283   Thumb Code     0  startup.o(RESET)
    ADC1Seq1_Handler                         0x00000283   Thumb Code     0  startup.o(RESET)
    ADC1Seq2_Handler                         0x00000283   Thumb Code     0  startup.o(RESET)
    ADC1Seq3_Handler                         0x00000283   Thumb Code     0  startup.o(RESET)
    CAN0_Handler                             0x00000283   Thumb Code     0  startup.o(RESET)
    CAN1_Handler                             0x00000283   Thumb Code     0  startup.o(RESET)
    CAN2_Handler                             0x00000283   Thumb Code     0  startup.o(RESET)
    Comp0_Handler                            0x00000283   Thumb Code     0  startup.o(RESET)
    Comp1_Handler                            0x00000283   Thumb Code     0  startup.o(RESET)
    Comp2_Handler                            0x00000283   Thumb Code     0  startup.o(RESET)
    Ethernet_Handler                         0x00000283   Thumb Code     0  startup.o(RESET)
    ExtBus_Handler                           0x00000283   Thumb Code     0  startup.o(RESET)
    FPU_Handler                              0x00000283   Thumb Code     0  startup.o(RESET)
    Fan0_Handler                             0x00000283   Thumb Code     0  startup.o(RESET)
    FlashCtl_Handler                         0x00000283   Thumb Code     0  startup.o(RESET)
    GPIOPortB_Handler                        0x00000283   Thumb Code     0  startup.o(RESET)
    GPIOPortC_Handler                        0x00000283   Thumb Code     0  startup.o(RESET)
    GPIOPortD_Handler                        0x00000283   Thumb Code     0  startup.o(RESET)
    GPIOPortE_Handler                        0x00000283   Thumb Code     0  startup.o(RESET)
    GPIOPortF_Handler                        0x00000283   Thumb Code     0  startup.o(RESET)
    GPIOPortG_Handler                        0x00000283   Thumb Code     0  startup.o(RESET)
    GPIOPortH_Handler                        0x00000283   Thumb Code     0  startup.o(RESET)
    GPIOPortJ_Handler                        0x00000283   Thumb Code     0  startup.o(RESET)
    GPIOPortK_Handler                        0x00000283   Thumb Code     0  startup.o(RESET)
    GPIOPortL_Handler                        0x00000283   Thumb Code     0  startup.o(RESET)
    GPIOPortM_Handler                        0x00000283   Thumb Code     0  startup.o(RESET)
    GPIOPortN_Handler                        0x00000283   Thumb Code     0  startup.o(RESET)
    GPIOPortP1_Handler                       0x00000283   Thumb Code     0  startup.o(RESET)
    GPIOPortP2_Handler                       0x00000283   Thumb Code     0  startup.o(RESET)
    GPIOPortP3_Handler                       0x00000283   Thumb Code     0  startup.o(RESET)
    GPIOPortP4_Handler                       0x00000283   Thumb Code     0  startup.o(RESET)
    GPIOPortP5_Handler                       0x00000283   Thumb Code     0  startup.o(RESET)
    GPIOPortP6_Handler                       0x00000283   Thumb Code     0  startup.o(RESET)
    GPIOPortP7_Handler                       0x00000283   Thumb Code     0  startup.o(RESET)
    GPIOPortP_Handler                        0x00000283   Thumb Code     0  startup.o(RESET)
    GPIOPortQ1_Handler                       0x00000283   Thumb Code     0  startup.o(RESET)
    GPIOPortQ2_Handler                       0x00000283   Thumb Code     0  startup.o(RESET)
    GPIOPortQ3_Handler                       0x00000283   Thumb Code     0  startup.o(RESET)
    GPIOPortQ4_Handler                       0x00000283   Thumb Code     0  startup.o(RESET)
    GPIOPortQ5_Handler                       0x00000283   Thumb Code     0  startup.o(RESET)
    GPIOPortQ6_Handler                       0x00000283   Thumb Code     0  startup.o(RESET)
    GPIOPortQ7_Handler                       0x00000283   Thumb Code     0  startup.o(RESET)
    GPIOPortQ_Handler                        0x00000283   Thumb Code     0  startup.o(RESET)
    GPIOPortR_Handler                        0x00000283   Thumb Code     0  startup.o(RESET)
    GPIOPortS_Handler                        0x00000283   Thumb Code     0  startup.o(RESET)
    Hibernate_Handler                        0x00000283   Thumb Code     0  startup.o(RESET)
    I2C0_Handler                             0x00000283   Thumb Code     0  startup.o(RESET)
    I2C1_Handler                             0x00000283   Thumb Code     0  startup.o(RESET)
    I2C2_Handler                             0x00000283   Thumb Code     0  startup.o(RESET)
    I2C3_Handler                             0x00000283   Thumb Code     0  startup.o(RESET)
    I2C4_Handler                             0x00000283   Thumb Code     0  startup.o(RESET)
    I2C5_Handler                             0x00000283   Thumb Code     0  startup.o(RESET)
    I2S0_Handler                             0x00000283   Thumb Code     0  startup.o(RESET)
    LPC0_Handler                             0x00000283   Thumb Code     0  startup.o(RESET)
    PECI0_Handler                            0x00000283   Thumb Code     0  startup.o(RESET)
    PWM0Fault_Handler                        0x00000283   Thumb Code     0  startup.o(RESET)
    PWM0Generator0_Handler                   0x00000283   Thumb Code     0  startup.o(RESET)
    PWM0Generator1_Handler                   0x00000283   Thumb Code     0  startup.o(RESET)
    PWM0Generator2_Handler                   0x00000283   Thumb Code     0  startup.o(RESET)
    PWM0Generator3_Handler                   0x00000283   Thumb Code     0  startup.o(RESET)
    PWM1Fault_Handler                        0x00000283   Thumb Code     0  startup.o(RESET)
    PWM1Generator0_Handler                   0x00000283   Thumb Code     0  startup.o(RESET)
    PWM1Generator1_Handler                   0x00000283   Thumb Code     0  startup.o(RESET)
    PWM1Generator2_Handler                   0x00000283   Thumb Code     0  startup.o(RESET)
    PWM1Generator3_Handler                   0x00000283   Thumb Code     0  startup.o(RESET)
    Quadrature0_Handler                      0x00000283   Thumb Code     0  startup.o(RESET)
    Quadrature1_Handler                      0x00000283   Thumb Code     0  startup.o(RESET)
    Quadrature2_Handler                      0x00000283   Thumb Code     0  startup.o(RESET)
    SSI0_Handler                             0x00000283   Thumb Code     0  startup.o(RESET)
    SSI1_Handler                             0x00000283   Thumb Code     0  startup.o(RESET)
    SSI2_Handler                             0x00000283   Thumb Code     0  startup.o(RESET)
    SSI3_Handler                             0x00000283   Thumb Code     0  startup.o(RESET)
    SysCtl_Handler                           0x00000283   Thumb Code     0  startup.o(RESET)
    Timer0B_Handler                          0x00000283   Thumb Code     0  startup.o(RESET)
    Timer1B_Handler                          0x00000283   Thumb Code     0  startup.o(RESET)
    Timer2B_Handler                          0x00000283   Thumb Code     0  startup.o(RESET)
    Timer3B_Handler                          0x00000283   Thumb Code     0  startup.o(RESET)
    Timer4A_Handler                          0x00000283   Thumb Code     0  startup.o(RESET)
    Timer4B_Handler                          0x00000283   Thumb Code     0  startup.o(RESET)
    Timer5B_Handler                          0x00000283   Thumb Code     0  startup.o(RESET)
    UART0_Handler                            0x00000283   Thumb Code     0  startup.o(RESET)
    UART1_Handler                            0x00000283   Thumb Code     0  startup.o(RESET)
    UART3_Handler                            0x00000283   Thumb Code     0  startup.o(RESET)
    UART4_Handler                            0x00000283   Thumb Code     0  startup.o(RESET)
    UART5_Handler                            0x00000283   Thumb Code     0  startup.o(RESET)
    UART6_Handler                            0x00000283   Thumb Code     0  startup.o(RESET)
    UART7_Handler                            0x00000283   Thumb Code     0  startup.o(RESET)
    USB0_Handler                             0x00000283   Thumb Code     0  startup.o(RESET)
    WDT_Handler                              0x00000283   Thumb Code     0  startup.o(RESET)
    WideTimer0A_Handler                      0x00000283   Thumb Code     0  startup.o(RESET)
    WideTimer0B_Handler                      0x00000283   Thumb Code     0  startup.o(RESET)
    WideTimer1A_Handler                      0x00000283   Thumb Code     0  startup.o(RESET)
    WideTimer1B_Handler                      0x00000283   Thumb Code     0  startup.o(RESET)
    WideTimer2A_Handler                      0x00000283   Thumb Code     0  startup.o(RESET)
    WideTimer2B_Handler                      0x00000283   Thumb Code     0  startup.o(RESET)
    WideTimer3A_Handler                      0x00000283   Thumb Code     0  startup.o(RESET)
    WideTimer3B_Handler                      0x00000283   Thumb Code     0  startup.o(RESET)
    WideTimer4A_Handler                      0x00000283   Thumb Code     0  startup.o(RESET)
    WideTimer4B_Handler                      0x00000283   Thumb Code     0  startup.o(RESET)
    WideTimer5A_Handler                      0x00000283   Thumb Code     0  startup.o(RESET)
    WideTimer5B_Handler                      0x00000283   Thumb Code     0  startup.o(RESET)
    uDMA_Error                               0x00000283   Thumb Code     0  startup.o(RESET)
    uDMA_Handler                             0x00000283   Thumb Code     0  startup.o(RESET)
    __main                                   0x00000285   Thumb Code     0  entry.o(.ARM.Collect$$$$00000000)
    _main_stk                                0x00000285   Thumb Code     0  entry2.o(.ARM.Collect$$$$00000001)
    _main_scatterload                        0x00000289   Thumb Code     0  entry5.o(.ARM.Collect$$$$00000004)
    __main_after_scatterload                 0x0000028d   Thumb Code     0  entry5.o(.ARM.Collect$$$$00000004)
    _main_clock                              0x0000028d   Thumb Code     0  entry7b.o(.ARM.Collect$$$$00000008)
    _main_cpp_init                           0x0000028d   Thumb Code     0  entry8b.o(.ARM.Collect$$$$0000000A)
    _main_init                               0x0000028d   Thumb Code     0  entry9a.o(.ARM.Collect$$$$0000000B)
    __rt_final_cpp                           0x00000295   Thumb Code     0  entry10a.o(.ARM.Collect$$$$0000000D)
    __rt_final_exit                          0x00000295   Thumb Code     0  entry11a.o(.ARM.Collect$$$$0000000F)
    DisableInterrupts                        0x00000299   Thumb Code     0  startup.o(.text)
    EnableInterrupts                         0x0000029d   Thumb Code     0  startup.o(.text)
    StartCritical                            0x000002a1   Thumb Code     0  startup.o(.text)
    EndCritical                              0x000002a9   Thumb Code     0  startup.o(.text)
    WaitForInterrupt                         0x000002af   Thumb Code     0  startup.o(.text)
    __aeabi_memcpy                           0x000002b5   Thumb Code    36  memcpya.o(.text)
    __aeabi_memcpy4                          0x000002b5   Thumb Code     0  memcpya.o(.text)
    __aeabi_memcpy8                          0x000002b5   Thumb Code     0  memcpya.o(.text)
    __aeabi_uidiv                            0x000002d9   Thumb Code     0  uidiv.o(.text)
    __aeabi_uidivmod                         0x000002d9   Thumb Code    44  uidiv.o(.text)
    __aeabi_uldivmod                         0x00000305   Thumb Code    98  uldiv.o(.text)
    __I$use$fp                               0x00000367   Thumb Code     0  iusefp.o(.text)
    __aeabi_dadd                             0x00000367   Thumb Code   322  dadd.o(.text)
    __aeabi_dsub                             0x000004a9   Thumb Code     6  dadd.o(.text)
    __aeabi_drsub                            0x000004af   Thumb Code     6  dadd.o(.text)
    __aeabi_dmul                             0x000004b5   Thumb Code   228  dmul.o(.text)
    __aeabi_ddiv                             0x00000599   Thumb Code   222  ddiv.o(.text)
    __aeabi_d2ulz                            0x00000677   Thumb Code    48  dfixul.o(.text)
    __aeabi_cdrcmple                         0x000006a9   Thumb Code    48  cdrcmple.o(.text)
    __scatterload                            0x000006d9   Thumb Code    28  init.o(.text)
    __scatterload_rt2                        0x000006d9   Thumb Code     0  init.o(.text)
    __aeabi_llsl                             0x000006fd   Thumb Code    30  llshl.o(.text)
    _ll_shift_l                              0x000006fd   Thumb Code     0  llshl.o(.text)
    __aeabi_llsr                             0x0000071b   Thumb Code    32  llushr.o(.text)
    _ll_ushift_r                             0x0000071b   Thumb Code     0  llushr.o(.text)
    __aeabi_lasr                             0x0000073b   Thumb Code    36  llsshr.o(.text)
    _ll_sshift_r                             0x0000073b   Thumb Code     0  llsshr.o(.text)
    _double_round                            0x0000075f   Thumb Code    30  depilogue.o(.text)
    _double_epilogue                         0x0000077d   Thumb Code   156  depilogue.o(.text)
    CS_Init                                  0x00000819   Thumb Code   164  diskio.o(.text.CS_Init)
    Delay1ms                                 0x000008bd   Thumb Code    46  st7735.o(.text.Delay1ms)
    DelayWait10ms                            0x000008ed   Thumb Code    46  esp8266.o(.text.DelayWait10ms)
    FlurryFight                              0x0000091d   Thumb Code    50  motor.o(.text.FlurryFight)
    GPIOPortA_Handler                        0x00000951   Thumb Code    14  ssd2119.o(.text.GPIOPortA_Handler)
    Hug4U                                    0x00000961   Thumb Code    66  motor.o(.text.Hug4U)
    LeftPunch                                0x000009a5   Thumb Code    66  motor.o(.text.LeftPunch)
    MQTT_to_TM4C                             0x000009e9   Thumb Code   472  mqtt.o(.text.MQTT_to_TM4C)
    MotorBackward                            0x00000bc1   Thumb Code   202  motor.o(.text.MotorBackward)
    MotorDriver_Init                         0x00000c8d   Thumb Code   386  motor.o(.text.MotorDriver_Init)
    MotorForward                             0x00000e11   Thumb Code   202  motor.o(.text.MotorForward)
    MotorStop                                0x00000edd   Thumb Code    94  motor.o(.text.MotorStop)
    PLL_Init                                 0x00000f3d   Thumb Code   138  pll.o(.text.PLL_Init)
    Reset_8266                               0x00000fc9   Thumb Code   120  esp8266.o(.text.Reset_8266)
    RightMotorHi                             0x00001041   Thumb Code    66  motor.o(.text.RightMotorHi)
    RightPunch                               0x00001085   Thumb Code    66  motor.o(.text.RightPunch)
    SDC_CS_Init                              0x000010c9   Thumb Code   164  st7735.o(.text.SDC_CS_Init)
    SDLCD                                    0x0000116d   Thumb Code   710  sdcfile.o(.text.SDLCD)
    SSI2_Init                                0x00001435   Thumb Code   462  diskio.o(.text.SSI2_Init)
    ST7735_DrawCharS                         0x00001605   Thumb Code   436  st7735.o(.text.ST7735_DrawCharS)
    ST7735_DrawPixel                         0x000017b9   Thumb Code   112  st7735.o(.text.ST7735_DrawPixel)
    ST7735_DrawString                        0x00001829   Thumb Code   154  st7735.o(.text.ST7735_DrawString)
    ST7735_FillRect                          0x000018c5   Thumb Code   318  st7735.o(.text.ST7735_FillRect)
    ST7735_FillScreen                        0x00001a05   Thumb Code    52  st7735.o(.text.ST7735_FillScreen)
    ST7735_InitR                             0x00001a39   Thumb Code   166  st7735.o(.text.ST7735_InitR)
    ST7735_SetCursor                         0x00001ae1   Thumb Code    54  st7735.o(.text.ST7735_SetCursor)
    SetupWiFi                                0x00001b19   Thumb Code   238  esp8266.o(.text.SetupWiFi)
    SysTick_Init                             0x00001c09   Thumb Code    42  motor.o(.text.SysTick_Init)
    SysTick_Wait                             0x00001c35   Thumb Code    56  motor.o(.text.SysTick_Wait)
    SysTick_Wait1ms                          0x00001c6d   Thumb Code    48  motor.o(.text.SysTick_Wait1ms)
    TM4C_to_MQTT                             0x00001c9d   Thumb Code    92  mqtt.o(.text.TM4C_to_MQTT)
    Timer0A_Handler                          0x00001cf9   Thumb Code    26  timer0a.o(.text.Timer0A_Handler)
    Timer1A_Handler                          0x00001d15   Thumb Code    28  timer1a.o(.text.Timer1A_Handler)
    Timer2A_Handler                          0x00001d31   Thumb Code    28  timer2a.o(.text.Timer2A_Handler)
    Timer2A_Init                             0x00001d4d   Thumb Code   160  timer2a.o(.text.Timer2A_Init)
    Timer3A_Handler                          0x00001ded   Thumb Code    28  timer3a.o(.text.Timer3A_Handler)
    Timer3A_Init                             0x00001e09   Thumb Code   158  timer3a.o(.text.Timer3A_Init)
    Timer5A_Handler                          0x00001ea9   Thumb Code    20  diskio.o(.text.Timer5A_Handler)
    Timer5_Init                              0x00001ebd   Thumb Code   160  diskio.o(.text.Timer5_Init)
    UART2_Handler                            0x00001f5d   Thumb Code    52  mqtt.o(.text.UART2_Handler)
    UART5_Init                               0x00001f91   Thumb Code   276  uart5.o(.text.UART5_Init)
    UART5_OutChar                            0x000020a5   Thumb Code    46  uart5.o(.text.UART5_OutChar)
    UART5_OutString                          0x000020d5   Thumb Code    36  uart5.o(.text.UART5_OutString)
    UART_Init                                0x000020f9   Thumb Code   160  uart.o(.text.UART_Init)
    UART_OutChar                             0x00002199   Thumb Code    46  uart.o(.text.UART_OutChar)
    UART_OutString                           0x000021c9   Thumb Code    36  uart.o(.text.UART_OutString)
    clust2sect                               0x000022e5   Thumb Code    54  ff.o(.text.clust2sect)
    disk_initialize                          0x00002ee9   Thumb Code   612  diskio.o(.text.disk_initialize)
    disk_ioctl                               0x0000314d   Thumb Code   726  diskio.o(.text.disk_ioctl)
    disk_read                                0x00003425   Thumb Code   218  diskio.o(.text.disk_read)
    disk_status                              0x00003501   Thumb Code    46  diskio.o(.text.disk_status)
    disk_timerproc                           0x00003531   Thumb Code   142  diskio.o(.text.disk_timerproc)
    disk_write                               0x000035c1   Thumb Code   278  diskio.o(.text.disk_write)
    f_close                                  0x000036d9   Thumb Code    60  ff.o(.text.f_close)
    f_mount                                  0x00003715   Thumb Code   158  ff.o(.text.f_mount)
    f_open                                   0x000037b5   Thumb Code   600  ff.o(.text.f_open)
    f_read                                   0x00003a0d   Thumb Code   642  ff.o(.text.f_read)
    f_sync                                   0x00003c91   Thumb Code   276  ff.o(.text.f_sync)
    get_fat                                  0x00004369   Thumb Code   304  ff.o(.text.get_fat)
    main                                     0x000045a9   Thumb Code   136  lab9.o(.text.main)
    put_fat                                  0x0000475d   Thumb Code   456  ff.o(.text.put_fat)
    __0sprintf                               0x00005165   Thumb Code    34  printfa.o(i.__0sprintf)
    __1sprintf                               0x00005165   Thumb Code     0  printfa.o(i.__0sprintf)
    __2sprintf                               0x00005165   Thumb Code     0  printfa.o(i.__0sprintf)
    __c89sprintf                             0x00005165   Thumb Code     0  printfa.o(i.__0sprintf)
    sprintf                                  0x00005165   Thumb Code     0  printfa.o(i.__0sprintf)
    __scatterload_copy                       0x0000518d   Thumb Code    14  handlers.o(i.__scatterload_copy)
    __scatterload_null                       0x0000519b   Thumb Code     2  handlers.o(i.__scatterload_null)
    __scatterload_zeroinit                   0x0000519d   Thumb Code    14  handlers.o(i.__scatterload_zeroinit)
    Region$$Table$$Base                      0x00006154   Number         0  anon$$obj.o(Region$$Table)
    Region$$Table$$Limit                     0x00006174   Number         0  anon$$obj.o(Region$$Table)
    StTextColor                              0x20000000   Data           2  st7735.o(.data.StTextColor)
    eid                                      0x20000008   Data          32  esp8266.o(.data.eid)
    mqtt_broker                              0x20000028   Data          32  esp8266.o(.data.mqtt_broker)
    mqtt_port                                0x20000048   Data           8  esp8266.o(.data.mqtt_port)
    pass                                     0x20000050   Data          32  esp8266.o(.data.pass)
    ssid                                     0x20000070   Data          32  esp8266.o(.data.ssid)
    Fresult                                  0x20000098   Data           1  sdcfile.o(.bss.Fresult)
    Handle3                                  0x2000009c   Data         548  sdcfile.o(.bss.Handle3)
    MountFresult                             0x200002c0   Data           1  sdcfile.o(.bss.MountFresult)
    PeriodicTask0                            0x200002c4   Data           4  timer0a.o(.bss.PeriodicTask0)
    PeriodicTask1                            0x200002c8   Data           4  timer1a.o(.bss.PeriodicTask1)
    PeriodicTask2                            0x200002cc   Data           4  timer2a.o(.bss.PeriodicTask2)
    PeriodicTask3                            0x200002d0   Data           4  timer3a.o(.bss.PeriodicTask3)
    StX                                      0x200002d8   Data           4  st7735.o(.bss.StX)
    StY                                      0x200002dc   Data           4  st7735.o(.bss.StY)
    b2w_buf                                  0x200002ec   Data          64  mqtt.o(.bss.b2w_buf)
    input_char                               0x20000564   Data           1  mqtt.o(.bss.input_char)
    w2b_buf                                  0x20000565   Data         128  mqtt.o(.bss.w2b_buf)
    __initial_sp                             0x200009e8   Data           0  startup.o(STACK)



==============================================================================

Memory Map of the image

  Image Entry point : 0x0000026d

  Load Region LR_1 (Base: 0x00000000, Size: 0x00006204, Max: 0xffffffff, ABSOLUTE)

    Execution Region ER_RO (Exec base: 0x00000000, Load base: 0x00000000, Size: 0x00006174, Max: 0xffffffff, ABSOLUTE)

    Exec Addr    Load Addr    Size         Type   Attr      Idx    E Section Name        Object

    0x00000000   0x00000000   0x00000284   Code   RO            3  * RESET               startup.o
    0x00000284   0x00000284   0x00000000   Code   RO          700  * .ARM.Collect$$$$00000000  mc_w.l(entry.o)
    0x00000284   0x00000284   0x00000004   Code   RO          747    .ARM.Collect$$$$00000001  mc_w.l(entry2.o)
    0x00000288   0x00000288   0x00000004   Code   RO          750    .ARM.Collect$$$$00000004  mc_w.l(entry5.o)
    0x0000028c   0x0000028c   0x00000000   Code   RO          752    .ARM.Collect$$$$00000008  mc_w.l(entry7b.o)
    0x0000028c   0x0000028c   0x00000000   Code   RO          754    .ARM.Collect$$$$0000000A  mc_w.l(entry8b.o)
    0x0000028c   0x0000028c   0x00000008   Code   RO          755    .ARM.Collect$$$$0000000B  mc_w.l(entry9a.o)
    0x00000294   0x00000294   0x00000000   Code   RO          757    .ARM.Collect$$$$0000000D  mc_w.l(entry10a.o)
    0x00000294   0x00000294   0x00000000   Code   RO          759    .ARM.Collect$$$$0000000F  mc_w.l(entry11a.o)
    0x00000294   0x00000294   0x00000004   Code   RO          748    .ARM.Collect$$$$00002712  mc_w.l(entry2.o)
    0x00000298   0x00000298   0x0000001c   Code   RO            4    .text               startup.o
    0x000002b4   0x000002b4   0x00000024   Code   RO          703    .text               mc_w.l(memcpya.o)
    0x000002d8   0x000002d8   0x0000002c   Code   RO          771    .text               mc_w.l(uidiv.o)
    0x00000304   0x00000304   0x00000062   Code   RO          773    .text               mc_w.l(uldiv.o)
    0x00000366   0x00000366   0x00000000   Code   RO          775    .text               mc_w.l(iusefp.o)
    0x00000366   0x00000366   0x0000014e   Code   RO          776    .text               mf_w.l(dadd.o)
    0x000004b4   0x000004b4   0x000000e4   Code   RO          778    .text               mf_w.l(dmul.o)
    0x00000598   0x00000598   0x000000de   Code   RO          780    .text               mf_w.l(ddiv.o)
    0x00000676   0x00000676   0x00000030   Code   RO          782    .text               mf_w.l(dfixul.o)
    0x000006a6   0x000006a6   0x00000002   PAD
    0x000006a8   0x000006a8   0x00000030   Code   RO          784    .text               mf_w.l(cdrcmple.o)
    0x000006d8   0x000006d8   0x00000024   Code   RO          786    .text               mc_w.l(init.o)
    0x000006fc   0x000006fc   0x0000001e   Code   RO          788    .text               mc_w.l(llshl.o)
    0x0000071a   0x0000071a   0x00000020   Code   RO          790    .text               mc_w.l(llushr.o)
    0x0000073a   0x0000073a   0x00000024   Code   RO          792    .text               mc_w.l(llsshr.o)
    0x0000075e   0x0000075e   0x000000ba   Code   RO          794    .text               mf_w.l(depilogue.o)
    0x00000818   0x00000818   0x000000a4   Code   RO          235    .text.CS_Init       diskio.o
    0x000008bc   0x000008bc   0x0000002e   Code   RO          443    .text.Delay1ms      st7735.o
    0x000008ea   0x000008ea   0x00000002   PAD
    0x000008ec   0x000008ec   0x0000002e   Code   RO          619    .text.DelayWait10ms  esp8266.o
    0x0000091a   0x0000091a   0x00000002   PAD
    0x0000091c   0x0000091c   0x00000032   Code   RO          220    .text.FlurryFight   motor.o
    0x0000094e   0x0000094e   0x00000002   PAD
    0x00000950   0x00000950   0x0000000e   Code   RO          105    .text.GPIOPortA_Handler  ssd2119.o
    0x0000095e   0x0000095e   0x00000002   PAD
    0x00000960   0x00000960   0x00000042   Code   RO          226    .text.Hug4U         motor.o
    0x000009a2   0x000009a2   0x00000002   PAD
    0x000009a4   0x000009a4   0x00000042   Code   RO          224    .text.LeftPunch     motor.o
    0x000009e6   0x000009e6   0x00000002   PAD
    0x000009e8   0x000009e8   0x000001d8   Code   RO          643    .text.MQTT_to_TM4C  mqtt.o
    0x00000bc0   0x00000bc0   0x000000ca   Code   RO          214    .text.MotorBackward  motor.o
    0x00000c8a   0x00000c8a   0x00000002   PAD
    0x00000c8c   0x00000c8c   0x00000182   Code   RO          202    .text.MotorDriver_Init  motor.o
    0x00000e0e   0x00000e0e   0x00000002   PAD
    0x00000e10   0x00000e10   0x000000ca   Code   RO          212    .text.MotorForward  motor.o
    0x00000eda   0x00000eda   0x00000002   PAD
    0x00000edc   0x00000edc   0x0000005e   Code   RO          210    .text.MotorStop     motor.o
    0x00000f3a   0x00000f3a   0x00000002   PAD
    0x00000f3c   0x00000f3c   0x0000008a   Code   RO           23    .text.PLL_Init      pll.o
    0x00000fc6   0x00000fc6   0x00000002   PAD
    0x00000fc8   0x00000fc8   0x00000078   Code   RO          621    .text.Reset_8266    esp8266.o
    0x00001040   0x00001040   0x00000042   Code   RO          218    .text.RightMotorHi  motor.o
    0x00001082   0x00001082   0x00000002   PAD
    0x00001084   0x00001084   0x00000042   Code   RO          222    .text.RightPunch    motor.o
    0x000010c6   0x000010c6   0x00000002   PAD
    0x000010c8   0x000010c8   0x000000a4   Code   RO          441    .text.SDC_CS_Init   st7735.o
    0x0000116c   0x0000116c   0x000002c6   Code   RO          416    .text.SDLCD         sdcfile.o
    0x00001432   0x00001432   0x00000002   PAD
    0x00001434   0x00001434   0x000001ce   Code   RO          237    .text.SSI2_Init     diskio.o
    0x00001602   0x00001602   0x00000002   PAD
    0x00001604   0x00001604   0x000001b4   Code   RO          483    .text.ST7735_DrawCharS  st7735.o
    0x000017b8   0x000017b8   0x00000070   Code   RO          461    .text.ST7735_DrawPixel  st7735.o
    0x00001828   0x00001828   0x0000009a   Code   RO          487    .text.ST7735_DrawString  st7735.o
    0x000018c2   0x000018c2   0x00000002   PAD
    0x000018c4   0x000018c4   0x0000013e   Code   RO          471    .text.ST7735_FillRect  st7735.o
    0x00001a02   0x00001a02   0x00000002   PAD
    0x00001a04   0x00001a04   0x00000034   Code   RO          451    .text.ST7735_FillScreen  st7735.o
    0x00001a38   0x00001a38   0x000000a6   Code   RO          453    .text.ST7735_InitR  st7735.o
    0x00001ade   0x00001ade   0x00000002   PAD
    0x00001ae0   0x00001ae0   0x00000036   Code   RO          449    .text.ST7735_SetCursor  st7735.o
    0x00001b16   0x00001b16   0x00000002   PAD
    0x00001b18   0x00001b18   0x000000ee   Code   RO          623    .text.SetupWiFi     esp8266.o
    0x00001c06   0x00001c06   0x00000002   PAD
    0x00001c08   0x00001c08   0x0000002a   Code   RO          204    .text.SysTick_Init  motor.o
    0x00001c32   0x00001c32   0x00000002   PAD
    0x00001c34   0x00001c34   0x00000038   Code   RO          206    .text.SysTick_Wait  motor.o
    0x00001c6c   0x00001c6c   0x00000030   Code   RO          208    .text.SysTick_Wait1ms  motor.o
    0x00001c9c   0x00001c9c   0x0000005c   Code   RO          641    .text.TM4C_to_MQTT  mqtt.o
    0x00001cf8   0x00001cf8   0x0000001a   Code   RO          126    .text.Timer0A_Handler  timer0a.o
    0x00001d12   0x00001d12   0x00000002   PAD
    0x00001d14   0x00001d14   0x0000001c   Code   RO          190    .text.Timer1A_Handler  timer1a.o
    0x00001d30   0x00001d30   0x0000001c   Code   RO          570    .text.Timer2A_Handler  timer2a.o
    0x00001d4c   0x00001d4c   0x000000a0   Code   RO          568    .text.Timer2A_Init  timer2a.o
    0x00001dec   0x00001dec   0x0000001c   Code   RO          689    .text.Timer3A_Handler  timer3a.o
    0x00001e08   0x00001e08   0x0000009e   Code   RO          687    .text.Timer3A_Init  timer3a.o
    0x00001ea6   0x00001ea6   0x00000002   PAD
    0x00001ea8   0x00001ea8   0x00000014   Code   RO          269    .text.Timer5A_Handler  diskio.o
    0x00001ebc   0x00001ebc   0x000000a0   Code   RO          239    .text.Timer5_Init   diskio.o
    0x00001f5c   0x00001f5c   0x00000034   Code   RO          645    .text.UART2_Handler  mqtt.o
    0x00001f90   0x00001f90   0x00000114   Code   RO          660    .text.UART5_Init    uart5.o
    0x000020a4   0x000020a4   0x0000002e   Code   RO          664    .text.UART5_OutChar  uart5.o
    0x000020d2   0x000020d2   0x00000002   PAD
    0x000020d4   0x000020d4   0x00000024   Code   RO          666    .text.UART5_OutString  uart5.o
    0x000020f8   0x000020f8   0x000000a0   Code   RO          590    .text.UART_Init     uart.o
    0x00002198   0x00002198   0x0000002e   Code   RO          594    .text.UART_OutChar  uart.o
    0x000021c6   0x000021c6   0x00000002   PAD
    0x000021c8   0x000021c8   0x00000024   Code   RO          596    .text.UART_OutString  uart.o
    0x000021ec   0x000021ec   0x000000bc   Code   RO          382    .text.check_fs      ff.o
    0x000022a8   0x000022a8   0x0000003c   Code   RO          376    .text.chk_chr       ff.o
    0x000022e4   0x000022e4   0x00000036   Code   RO          288    .text.clust2sect    ff.o
    0x0000231a   0x0000231a   0x00000002   PAD
    0x0000231c   0x0000231c   0x000000aa   Code   RO          455    .text.commandList   st7735.o
    0x000023c6   0x000023c6   0x00000002   PAD
    0x000023c8   0x000023c8   0x0000021a   Code   RO          447    .text.commonInit    st7735.o
    0x000025e2   0x000025e2   0x00000002   PAD
    0x000025e4   0x000025e4   0x0000014e   Code   RO          322    .text.create_chain  ff.o
    0x00002732   0x00002732   0x00000002   PAD
    0x00002734   0x00002734   0x0000031e   Code   RO          384    .text.create_name   ff.o
    0x00002a52   0x00002a52   0x00000002   PAD
    0x00002a54   0x00002a54   0x00000016   Code   RO          249    .text.deselect      diskio.o
    0x00002a6a   0x00002a6a   0x00000002   PAD
    0x00002a6c   0x00002a6c   0x0000009c   Code   RO          378    .text.dir_alloc     ff.o
    0x00002b08   0x00002b08   0x000000a4   Code   RO          386    .text.dir_find      ff.o
    0x00002bac   0x00002bac   0x000001c0   Code   RO          338    .text.dir_next      ff.o
    0x00002d6c   0x00002d6c   0x0000005c   Code   RO          306    .text.dir_register  ff.o
    0x00002dc8   0x00002dc8   0x0000011e   Code   RO          334    .text.dir_sdi       ff.o
    0x00002ee6   0x00002ee6   0x00000002   PAD
    0x00002ee8   0x00002ee8   0x00000264   Code   RO          241    .text.disk_initialize  diskio.o
    0x0000314c   0x0000314c   0x000002d6   Code   RO          261    .text.disk_ioctl    diskio.o
    0x00003422   0x00003422   0x00000002   PAD
    0x00003424   0x00003424   0x000000da   Code   RO          253    .text.disk_read     diskio.o
    0x000034fe   0x000034fe   0x00000002   PAD
    0x00003500   0x00003500   0x0000002e   Code   RO          251    .text.disk_status   diskio.o
    0x0000352e   0x0000352e   0x00000002   PAD
    0x00003530   0x00003530   0x0000008e   Code   RO          267    .text.disk_timerproc  diskio.o
    0x000035be   0x000035be   0x00000002   PAD
    0x000035c0   0x000035c0   0x00000116   Code   RO          257    .text.disk_write    diskio.o
    0x000036d6   0x000036d6   0x00000002   PAD
    0x000036d8   0x000036d8   0x0000003c   Code   RO          328    .text.f_close       ff.o
    0x00003714   0x00003714   0x0000009e   Code   RO          296    .text.f_mount       ff.o
    0x000037b2   0x000037b2   0x00000002   PAD
    0x000037b4   0x000037b4   0x00000258   Code   RO          302    .text.f_open        ff.o
    0x00003a0c   0x00003a0c   0x00000282   Code   RO          314    .text.f_read        ff.o
    0x00003c8e   0x00003c8e   0x00000002   PAD
    0x00003c90   0x00003c90   0x00000114   Code   RO          324    .text.f_sync        ff.o
    0x00003da4   0x00003da4   0x000004a6   Code   RO          300    .text.find_volume   ff.o
    0x0000424a   0x0000424a   0x00000002   PAD
    0x0000424c   0x0000424c   0x0000011c   Code   RO          304    .text.follow_path   ff.o
    0x00004368   0x00004368   0x00000130   Code   RO          290    .text.get_fat       ff.o
    0x00004498   0x00004498   0x000000aa   Code   RO          298    .text.get_ldnumber  ff.o
    0x00004542   0x00004542   0x00000002   PAD
    0x00004544   0x00004544   0x00000034   Code   RO          243    .text.init_spi      diskio.o
    0x00004578   0x00004578   0x00000030   Code   RO          308    .text.ld_clust      ff.o
    0x000045a8   0x000045a8   0x00000088   Code   RO           13    .text.main          lab9.o
    0x00004630   0x00004630   0x00000052   Code   RO          388    .text.mem_cmp       ff.o
    0x00004682   0x00004682   0x00000002   PAD
    0x00004684   0x00004684   0x00000032   Code   RO          318    .text.mem_cpy       ff.o
    0x000046b6   0x000046b6   0x00000002   PAD
    0x000046b8   0x000046b8   0x00000028   Code   RO          364    .text.mem_set       ff.o
    0x000046e0   0x000046e0   0x0000005e   Code   RO          292    .text.move_window   ff.o
    0x0000473e   0x0000473e   0x00000002   PAD
    0x00004740   0x00004740   0x0000001c   Code   RO          465    .text.pushColor     st7735.o
    0x0000475c   0x0000475c   0x000001c8   Code   RO          294    .text.put_fat       ff.o
    0x00004924   0x00004924   0x00000080   Code   RO          255    .text.rcvr_datablock  diskio.o
    0x000049a4   0x000049a4   0x00000046   Code   RO          273    .text.rcvr_spi      diskio.o
    0x000049ea   0x000049ea   0x00000002   PAD
    0x000049ec   0x000049ec   0x0000002a   Code   RO          271    .text.rcvr_spi_multi  diskio.o
    0x00004a16   0x00004a16   0x00000002   PAD
    0x00004a18   0x00004a18   0x000000b0   Code   RO          312    .text.remove_chain  ff.o
    0x00004ac8   0x00004ac8   0x00000044   Code   RO          263    .text.select        diskio.o
    0x00004b0c   0x00004b0c   0x00000128   Code   RO          247    .text.send_cmd      diskio.o
    0x00004c34   0x00004c34   0x00000094   Code   RO          463    .text.setAddrWindow  st7735.o
    0x00004cc8   0x00004cc8   0x00000028   Code   RO          310    .text.st_clust      ff.o
    0x00004cf0   0x00004cf0   0x0000010c   Code   RO          326    .text.sync_fs       ff.o
    0x00004dfc   0x00004dfc   0x0000008a   Code   RO          362    .text.sync_window   ff.o
    0x00004e86   0x00004e86   0x00000002   PAD
    0x00004e88   0x00004e88   0x00000060   Code   RO          316    .text.validate      ff.o
    0x00004ee8   0x00004ee8   0x0000005c   Code   RO          265    .text.wait_ready    diskio.o
    0x00004f44   0x00004f44   0x0000007e   Code   RO          457    .text.writecommand  st7735.o
    0x00004fc2   0x00004fc2   0x00000002   PAD
    0x00004fc4   0x00004fc4   0x00000080   Code   RO          459    .text.writedata     st7735.o
    0x00005044   0x00005044   0x00000056   Code   RO          245    .text.xchg_spi      diskio.o
    0x0000509a   0x0000509a   0x00000002   PAD
    0x0000509c   0x0000509c   0x00000072   Code   RO          259    .text.xmit_datablock  diskio.o
    0x0000510e   0x0000510e   0x00000002   PAD
    0x00005110   0x00005110   0x00000052   Code   RO          275    .text.xmit_spi_multi  diskio.o
    0x00005162   0x00005162   0x00000002   PAD
    0x00005164   0x00005164   0x00000028   Code   RO          718    i.__0sprintf        mc_w.l(printfa.o)
    0x0000518c   0x0000518c   0x0000000e   Code   RO          798    i.__scatterload_copy  mc_w.l(handlers.o)
    0x0000519a   0x0000519a   0x00000002   Code   RO          799    i.__scatterload_null  mc_w.l(handlers.o)
    0x0000519c   0x0000519c   0x0000000e   Code   RO          800    i.__scatterload_zeroinit  mc_w.l(handlers.o)
    0x000051aa   0x000051aa   0x00000002   PAD
    0x000051ac   0x000051ac   0x00000184   Code   RO          723    i._fp_digits        mc_w.l(printfa.o)
    0x00005330   0x00005330   0x000006dc   Code   RO          724    i._printf_core      mc_w.l(printfa.o)
    0x00005a0c   0x00005a0c   0x00000024   Code   RO          725    i._printf_post_padding  mc_w.l(printfa.o)
    0x00005a30   0x00005a30   0x0000002e   Code   RO          726    i._printf_pre_padding  mc_w.l(printfa.o)
    0x00005a5e   0x00005a5e   0x0000000a   Code   RO          728    i._sputc            mc_w.l(printfa.o)
    0x00005a68   0x00005a68   0x000004fb   Data   RO          550    .rodata.Font        st7735.o
    0x00005f63   0x00005f63   0x0000003b   Data   RO          539    .rodata.Rcmd1       st7735.o
    0x00005f9e   0x00005f9e   0x0000000d   Data   RO          540    .rodata.Rcmd2green  st7735.o
    0x00005fab   0x00005fab   0x0000000d   Data   RO          543    .rodata.Rcmd2red    st7735.o
    0x00005fb8   0x00005fb8   0x0000002b   Data   RO          544    .rodata.Rcmd3       st7735.o
    0x00005fe3   0x00005fe3   0x00000012   Data   RO           15    .rodata.str1.1      lab9.o
    0x00005ff5   0x00005ff5   0x0000000f   Data   RO          391    .rodata.str1.1      ff.o
    0x00006004   0x00006004   0x00000068   Data   RO          630    .rodata.str1.1      esp8266.o
    0x0000606c   0x0000606c   0x000000e5   Data   RO          648    .rodata.str1.1      mqtt.o
    0x00006151   0x00006151   0x00000003   PAD
    0x00006154   0x00006154   0x00000020   Data   RO          797    Region$$Table       anon$$obj.o


    Execution Region ER_RW (Exec base: 0x20000000, Load base: 0x00006174, Size: 0x00000090, Max: 0xffffffff, ABSOLUTE)

    Exec Addr    Load Addr    Size         Type   Attr      Idx    E Section Name        Object

    0x20000000   0x00006174   0x00000002   Data   RW          537    .data.StTextColor   st7735.o
    0x20000002   0x00006176   0x00000001   Data   RW          277    .data.Stat          diskio.o
    0x20000003   0x00006177   0x00000001   PAD
    0x20000004   0x00006178   0x00000002   Data   RW          547    .data._height       st7735.o
    0x20000006   0x0000617a   0x00000002   Data   RW          546    .data._width        st7735.o
    0x20000008   0x0000617c   0x00000020   Data   RW          625    .data.eid           esp8266.o
    0x20000028   0x0000619c   0x00000020   Data   RW          628    .data.mqtt_broker   esp8266.o
    0x20000048   0x000061bc   0x00000008   Data   RW          629    .data.mqtt_port     esp8266.o
    0x20000050   0x000061c4   0x00000020   Data   RW          627    .data.pass          esp8266.o
    0x20000070   0x000061e4   0x00000020   Data   RW          626    .data.ssid          esp8266.o


    Execution Region ER_ZI (Exec base: 0x20000090, Load base: 0x00006204, Size: 0x00000958, Max: 0xffffffff, ABSOLUTE)

    Exec Addr    Load Addr    Size         Type   Attr      Idx    E Section Name        Object

    0x20000090        -       0x00000001   Zero   RW          279    .bss.CardType       diskio.o
    0x20000091        -       0x00000001   Zero   RW          541    .bss.ColStart       st7735.o
    0x20000092   0x00006204   0x00000002   PAD
    0x20000094        -       0x00000004   Zero   RW          390    .bss.FatFs          ff.o
    0x20000098        -       0x00000001   Zero   RW          423    .bss.Fresult        sdcfile.o
    0x20000099   0x00006204   0x00000001   PAD
    0x2000009a        -       0x00000002   Zero   RW          394    .bss.Fsid           ff.o
    0x2000009c        -       0x00000224   Zero   RW          433    .bss.Handle3        sdcfile.o
    0x200002c0        -       0x00000001   Zero   RW          428    .bss.MountFresult   sdcfile.o
    0x200002c1   0x00006204   0x00000003   PAD
    0x200002c4        -       0x00000004   Zero   RW          130    .bss.PeriodicTask0  timer0a.o
    0x200002c8        -       0x00000004   Zero   RW          194    .bss.PeriodicTask1  timer1a.o
    0x200002cc        -       0x00000004   Zero   RW          574    .bss.PeriodicTask2  timer2a.o
    0x200002d0        -       0x00000004   Zero   RW          693    .bss.PeriodicTask3  timer3a.o
    0x200002d4        -       0x00000001   Zero   RW          542    .bss.RowStart       st7735.o
    0x200002d5   0x00006204   0x00000003   PAD
    0x200002d8        -       0x00000004   Zero   RW          535    .bss.StX            st7735.o
    0x200002dc        -       0x00000004   Zero   RW          536    .bss.StY            st7735.o
    0x200002e0        -       0x00000001   Zero   RW          545    .bss.TabColor       st7735.o
    0x200002e1   0x00006204   0x00000003   PAD
    0x200002e4        -       0x00000004   Zero   RW          278    .bss.Timer1         diskio.o
    0x200002e8        -       0x00000004   Zero   RW          280    .bss.Timer2         diskio.o
    0x200002ec        -       0x00000040   Zero   RW          649    .bss.b2w_buf        mqtt.o
    0x2000032c        -       0x00000004   Zero   RW          651    .bss.bufpos         mqtt.o
    0x20000330        -       0x00000234   Zero   RW          432    .bss.g_sFatFs2      sdcfile.o
    0x20000564        -       0x00000001   Zero   RW          650    .bss.input_char     mqtt.o
    0x20000565        -       0x00000080   Zero   RW          647    .bss.w2b_buf        mqtt.o
    0x200005e5   0x00006204   0x00000003   PAD
    0x200005e8        -       0x00000400   Zero   RW            1    STACK               startup.o


==============================================================================

Image component sizes


      Code (inc. data)   RO Data    RW Data    ZI Data      Debug   Object Name

      3880         10          0          1          9       6605   diskio.o
       404          0        104        136          0       1169   esp8266.o
      7752          0         15          0          6      26775   ff.o
       136          0         18          0          0        694   lab9.o
      1344          0          0          0          0       2345   motor.o
       616         10        229          0        197       1387   mqtt.o
       138          0          0          0          0        589   pll.o
       710          0          0          0       1114       7085   sdcfile.o
        14          0          0          0          0      12063   ssd2119.o
      2640          0       1403          6         11      12834   st7735.o
       672        622          0          0       1024        980   startup.o
        26          0          0          0          4        921   timer0a.o
        28          0          0          0          4        920   timer1a.o
       188          0          0          0          4        920   timer2a.o
       186          0          0          0          4        920   timer3a.o
       242          0          0          0          0       2626   uart.o
       358          0          0          0          0       2621   uart5.o

    ----------------------------------------------------------------------
     19436        642       1804        144       2392      81454   Object Totals
         0          0         32          0          0          0   (incl. Generated)
       102          0          3          1         15          0   (incl. Padding)

    ----------------------------------------------------------------------

      Code (inc. data)   RO Data    RW Data    ZI Data      Debug   Library Member Name

         0          0          0          0          0          0   entry.o
         0          0          0          0          0          0   entry10a.o
         0          0          0          0          0          0   entry11a.o
         8          4          0          0          0          0   entry2.o
         4          0          0          0          0          0   entry5.o
         0          0          0          0          0          0   entry7b.o
         0          0          0          0          0          0   entry8b.o
         8          4          0          0          0          0   entry9a.o
        30          0          0          0          0          0   handlers.o
        36          8          0          0          0         68   init.o
         0          0          0          0          0          0   iusefp.o
        30          0          0          0          0         68   llshl.o
        36          0          0          0          0         68   llsshr.o
        32          0          0          0          0         68   llushr.o
        36          0          0          0          0         68   memcpya.o
      2276         86          0          0          0        520   printfa.o
        44          0          0          0          0         80   uidiv.o
        98          0          0          0          0         92   uldiv.o
        48          0          0          0          0         68   cdrcmple.o
       334          0          0          0          0        148   dadd.o
       222          0          0          0          0        100   ddiv.o
       186          0          0          0          0        176   depilogue.o
        48          0          0          0          0         68   dfixul.o
       228          0          0          0          0         96   dmul.o

    ----------------------------------------------------------------------
      3708        102          0          0          0       1688   Library Totals
         4          0          0          0          0          0   (incl. Padding)

    ----------------------------------------------------------------------

      Code (inc. data)   RO Data    RW Data    ZI Data      Debug   Library Name

      2638        102          0          0          0       1032   mc_w.l
      1066          0          0          0          0        656   mf_w.l

    ----------------------------------------------------------------------
      3708        102          0          0          0       1688   Library Totals

    ----------------------------------------------------------------------

==============================================================================


      Code (inc. data)   RO Data    RW Data    ZI Data      Debug   

     23144        744       1804        144       2392      82170   Grand Totals
     23144        744       1804        144       2392      82170   ELF Image Totals
     23144        744       1804        144          0          0   ROM Totals

==============================================================================

    Total RO  Size (Code + RO Data)                24948 (  24.36kB)
    Total RW  Size (RW Data + ZI Data)              2536 (   2.48kB)
    Total ROM Size (Code + RO Data + RW Data)      25092 (  24.50kB)

==============================================================================

