<html>
<body>
<pre>
<h1>µVision Build Log</h1>
<h2>Tool Versions:</h2>
IDE-Version: µVision V5.34.0.0
Copyright (C) 2021 ARM Ltd and ARM Germany GmbH. All rights reserved.
License Information: Murtaza Jetpurwala, UT Austin, LIC=----
 
Tool Versions:
Toolchain:       MDK-Lite  Version: 5.34.0.0
Toolchain Path:  C:\Keil_v5\ARM\ARMCC\Bin
C Compiler:      Armcc.exe V5.06 update 7 (build 960)
Assembler:       Armasm.exe V5.06 update 7 (build 960)
Linker/Locator:  ArmLink.exe V5.06 update 7 (build 960)
Library Manager: ArmAr.exe V5.06 update 7 (build 960)
Hex Converter:   FromElf.exe V5.06 update 7 (build 960)
CPU DLL:         SARMCM3.DLL V5.34.0.0
Dialog DLL:      DCM.DLL V1.17.3.0
Target DLL:      lmidk-agdi.dll V???
Dialog DLL:      TCM.DLL V1.48.0.0
 
<h2>Project:</h2>
C:\Users\Jetpu\OneDrive\Documents\GitHub\ece-445l-lab-3-redux-grace-and-murtaza\sw\src\Lab3.uvprojx
Project File Date:  09/24/2024

<h2>Output:</h2>
*** Using Compiler 'V5.06 update 7 (build 960)', folder: 'C:\Keil_v5\ARM\ARMCC\Bin'
Rebuild target 'Lab3'
compiling PLL.c...
compiling MainMenu.c...
compiling Timer2A.c...
compiling Timer.c...
assembling startup.s...
compiling Lab3Main.c...
compiling ST7735.c...
compiling Display.c...
compiling Sine.c...
compiling Timer1A.c...
compiling Stopwatch.c...
Stopwatch.c(115): warning:  #1-D: last line of file ends without a newline
  }
Stopwatch.c: 1 warning, 0 errors
compiling Alarm.c...
compiling Time.c...
Time.c(18): warning:  #1-D: last line of file ends without a newline
  }
Time.c: 1 warning, 0 errors
compiling Timer0A.c...
compiling Menu.c...
compiling SysTick.c...
compiling SetAlarms.c...
SetAlarms.c(24): warning:  #1-D: last line of file ends without a newline
  }
SetAlarms.c: 1 warning, 0 errors
compiling SetTime.c...
linking...
Program Size: Code=11448 RO-data=2324 RW-data=196 ZI-data=1148  
".\Lab3.axf" - 0 Error(s), 3 Warning(s).

<h2>Software Packages used:</h2>

Package Vendor: ARM
                http://www.keil.com/pack/ARM.CMSIS.5.7.0.pack
                ARM.CMSIS.5.7.0
                CMSIS (Cortex Microcontroller Software Interface Standard)
   * Component: CORE Version: 5.4.0

Package Vendor: Keil
                http://www.keil.com/pack/Keil.LM4F_DFP.1.0.0.pack
                Keil.LM4F_DFP.1.0.0
                Texas Instruments LM4F Series Device Support

<h2>Collection of Component include folders:</h2>
  .\RTE\_Lab3
  C:\Users\Jetpu\AppData\Local\Arm\Packs\ARM\CMSIS\5.7.0\CMSIS\Core\Include
  C:\Users\Jetpu\AppData\Local\Arm\Packs\Keil\LM4F_DFP\1.0.0\Device\Include

<h2>Collection of Component Files used:</h2>

   * Component: ARM::CMSIS:CORE:5.4.0
Build Time Elapsed:  00:00:03
</pre>
</body>
</html>
