Component: ARM Compiler 5.06 update 7 (build 960) Tool: armlink [4d3601]

==============================================================================

Section Cross References

    st7735.o(i.Output_Clear) refers to st7735.o(i.ST7735_FillScreen) for ST7735_FillScreen
    st7735.o(i.Output_Color) refers to st7735.o(i.ST7735_SetTextColor) for ST7735_SetTextColor
    st7735.o(i.Output_Init) refers to st7735.o(i.ST7735_InitR) for ST7735_InitR
    st7735.o(i.Output_Init) refers to st7735.o(i.ST7735_FillScreen) for ST7735_FillScreen
    st7735.o(i.Output_Off) refers to st7735.o(i.Output_Clear) for Output_Clear
    st7735.o(i.Output_On) refers to st7735.o(i.Output_Init) for Output_Init
    st7735.o(i.ST7735_DrawBitmap) refers to st7735.o(i.setAddrWindow) for setAddrWindow
    st7735.o(i.ST7735_DrawBitmap) refers to st7735.o(i.writedata) for writedata
    st7735.o(i.ST7735_DrawBitmap) refers to st7735.o(i.deselect) for deselect
    st7735.o(i.ST7735_DrawBitmap) refers to st7735.o(.data) for _width
    st7735.o(i.ST7735_DrawChar) refers to st7735.o(i.setAddrWindow) for setAddrWindow
    st7735.o(i.ST7735_DrawChar) refers to st7735.o(i.pushColor) for pushColor
    st7735.o(i.ST7735_DrawChar) refers to st7735.o(i.deselect) for deselect
    st7735.o(i.ST7735_DrawChar) refers to st7735.o(.data) for _width
    st7735.o(i.ST7735_DrawChar) refers to st7735.o(.constdata) for Font
    st7735.o(i.ST7735_DrawCharS) refers to st7735.o(i.ST7735_DrawPixel) for ST7735_DrawPixel
    st7735.o(i.ST7735_DrawCharS) refers to st7735.o(i.ST7735_FillRect) for ST7735_FillRect
    st7735.o(i.ST7735_DrawCharS) refers to st7735.o(.data) for _width
    st7735.o(i.ST7735_DrawCharS) refers to st7735.o(.constdata) for Font
    st7735.o(i.ST7735_DrawCircle) refers to st7735.o(i.setAddrWindow) for setAddrWindow
    st7735.o(i.ST7735_DrawCircle) refers to st7735.o(i.writedata) for writedata
    st7735.o(i.ST7735_DrawCircle) refers to st7735.o(i.deselect) for deselect
    st7735.o(i.ST7735_DrawCircle) refers to st7735.o(.data) for _width
    st7735.o(i.ST7735_DrawCircle) refers to st7735.o(.constdata) for circle
    st7735.o(i.ST7735_DrawFastHLine) refers to st7735.o(i.setAddrWindow) for setAddrWindow
    st7735.o(i.ST7735_DrawFastHLine) refers to st7735.o(i.writedata) for writedata
    st7735.o(i.ST7735_DrawFastHLine) refers to st7735.o(i.deselect) for deselect
    st7735.o(i.ST7735_DrawFastHLine) refers to st7735.o(.data) for _width
    st7735.o(i.ST7735_DrawFastVLine) refers to st7735.o(i.setAddrWindow) for setAddrWindow
    st7735.o(i.ST7735_DrawFastVLine) refers to st7735.o(i.writedata) for writedata
    st7735.o(i.ST7735_DrawFastVLine) refers to st7735.o(i.deselect) for deselect
    st7735.o(i.ST7735_DrawFastVLine) refers to st7735.o(.data) for _width
    st7735.o(i.ST7735_DrawLine) refers to st7735.o(i.ST7735_DrawPixel) for ST7735_DrawPixel
    st7735.o(i.ST7735_DrawPixel) refers to st7735.o(i.setAddrWindow) for setAddrWindow
    st7735.o(i.ST7735_DrawPixel) refers to st7735.o(i.pushColor) for pushColor
    st7735.o(i.ST7735_DrawPixel) refers to st7735.o(i.deselect) for deselect
    st7735.o(i.ST7735_DrawPixel) refers to st7735.o(.data) for _width
    st7735.o(i.ST7735_DrawSmallCircle) refers to st7735.o(i.setAddrWindow) for setAddrWindow
    st7735.o(i.ST7735_DrawSmallCircle) refers to st7735.o(i.writedata) for writedata
    st7735.o(i.ST7735_DrawSmallCircle) refers to st7735.o(i.deselect) for deselect
    st7735.o(i.ST7735_DrawSmallCircle) refers to st7735.o(.data) for _width
    st7735.o(i.ST7735_DrawSmallCircle) refers to st7735.o(.constdata) for smallCircle
    st7735.o(i.ST7735_DrawString) refers to st7735.o(i.ST7735_DrawCharS) for ST7735_DrawCharS
    st7735.o(i.ST7735_FillRect) refers to st7735.o(i.setAddrWindow) for setAddrWindow
    st7735.o(i.ST7735_FillRect) refers to st7735.o(i.writedata) for writedata
    st7735.o(i.ST7735_FillRect) refers to st7735.o(i.deselect) for deselect
    st7735.o(i.ST7735_FillRect) refers to st7735.o(.data) for _width
    st7735.o(i.ST7735_FillScreen) refers to st7735.o(i.ST7735_FillRect) for ST7735_FillRect
    st7735.o(i.ST7735_FillScreen) refers to st7735.o(.data) for _height
    st7735.o(i.ST7735_InitB) refers to st7735.o(i.commonInit) for commonInit
    st7735.o(i.ST7735_InitB) refers to st7735.o(i.ST7735_SetCursor) for ST7735_SetCursor
    st7735.o(i.ST7735_InitB) refers to st7735.o(i.ST7735_FillScreen) for ST7735_FillScreen
    st7735.o(i.ST7735_InitB) refers to st7735.o(.constdata) for Bcmd
    st7735.o(i.ST7735_InitB) refers to st7735.o(.data) for StTextColor
    st7735.o(i.ST7735_InitR) refers to st7735.o(i.commonInit) for commonInit
    st7735.o(i.ST7735_InitR) refers to st7735.o(i.commandList) for commandList
    st7735.o(i.ST7735_InitR) refers to st7735.o(i.writecommand) for writecommand
    st7735.o(i.ST7735_InitR) refers to st7735.o(i.writedata) for writedata
    st7735.o(i.ST7735_InitR) refers to st7735.o(i.ST7735_SetCursor) for ST7735_SetCursor
    st7735.o(i.ST7735_InitR) refers to st7735.o(i.ST7735_FillScreen) for ST7735_FillScreen
    st7735.o(i.ST7735_InitR) refers to st7735.o(.constdata) for Rcmd1
    st7735.o(i.ST7735_InitR) refers to st7735.o(.data) for ColStart
    st7735.o(i.ST7735_InvertDisplay) refers to st7735.o(i.writecommand) for writecommand
    st7735.o(i.ST7735_InvertDisplay) refers to st7735.o(i.deselect) for deselect
    st7735.o(i.ST7735_Line) refers to st7735.o(i.plotLineX) for plotLineX
    st7735.o(i.ST7735_Line) refers to st7735.o(i.plotLineY) for plotLineY
    st7735.o(i.ST7735_OutChar) refers to st7735.o(i.ST7735_DrawString) for ST7735_DrawString
    st7735.o(i.ST7735_OutChar) refers to st7735.o(i.ST7735_DrawCharS) for ST7735_DrawCharS
    st7735.o(i.ST7735_OutChar) refers to st7735.o(.data) for StY
    st7735.o(i.ST7735_OutString) refers to st7735.o(i.ST7735_OutChar) for ST7735_OutChar
    st7735.o(i.ST7735_OutUDec) refers to st7735.o(i.fillmessage) for fillmessage
    st7735.o(i.ST7735_OutUDec) refers to st7735.o(i.ST7735_DrawString) for ST7735_DrawString
    st7735.o(i.ST7735_OutUDec) refers to st7735.o(i.ST7735_DrawCharS) for ST7735_DrawCharS
    st7735.o(i.ST7735_OutUDec) refers to st7735.o(.data) for Messageindex
    st7735.o(i.ST7735_OutUDec) refers to st7735.o(.bss) for Message
    st7735.o(i.ST7735_OutUDec4) refers to st7735.o(i.fillmessage4) for fillmessage4
    st7735.o(i.ST7735_OutUDec4) refers to st7735.o(i.ST7735_DrawString) for ST7735_DrawString
    st7735.o(i.ST7735_OutUDec4) refers to st7735.o(i.ST7735_DrawCharS) for ST7735_DrawCharS
    st7735.o(i.ST7735_OutUDec4) refers to st7735.o(.data) for Messageindex
    st7735.o(i.ST7735_OutUDec4) refers to st7735.o(.bss) for Message
    st7735.o(i.ST7735_OutUDec5) refers to st7735.o(i.fillmessage5) for fillmessage5
    st7735.o(i.ST7735_OutUDec5) refers to st7735.o(i.ST7735_DrawString) for ST7735_DrawString
    st7735.o(i.ST7735_OutUDec5) refers to st7735.o(i.ST7735_DrawCharS) for ST7735_DrawCharS
    st7735.o(i.ST7735_OutUDec5) refers to st7735.o(.data) for Messageindex
    st7735.o(i.ST7735_OutUDec5) refers to st7735.o(.bss) for Message
    st7735.o(i.ST7735_PlotBar) refers to st7735.o(i.ST7735_DrawFastVLine) for ST7735_DrawFastVLine
    st7735.o(i.ST7735_PlotBar) refers to st7735.o(.data) for Ymin
    st7735.o(i.ST7735_PlotClear) refers to st7735.o(i.ST7735_Color565) for ST7735_Color565
    st7735.o(i.ST7735_PlotClear) refers to st7735.o(i.ST7735_FillRect) for ST7735_FillRect
    st7735.o(i.ST7735_PlotClear) refers to st7735.o(.data) for Ymax
    st7735.o(i.ST7735_PlotLine) refers to st7735.o(i.ST7735_DrawPixel) for ST7735_DrawPixel
    st7735.o(i.ST7735_PlotLine) refers to st7735.o(.data) for Ymin
    st7735.o(i.ST7735_PlotNext) refers to st7735.o(.data) for X
    st7735.o(i.ST7735_PlotNextErase) refers to st7735.o(i.ST7735_Color565) for ST7735_Color565
    st7735.o(i.ST7735_PlotNextErase) refers to st7735.o(i.ST7735_DrawFastVLine) for ST7735_DrawFastVLine
    st7735.o(i.ST7735_PlotNextErase) refers to st7735.o(.data) for X
    st7735.o(i.ST7735_PlotPoint) refers to st7735.o(i.ST7735_DrawPixel) for ST7735_DrawPixel
    st7735.o(i.ST7735_PlotPoint) refers to st7735.o(.data) for Ymin
    st7735.o(i.ST7735_PlotPoints) refers to st7735.o(i.ST7735_DrawPixel) for ST7735_DrawPixel
    st7735.o(i.ST7735_PlotPoints) refers to st7735.o(.data) for Ymin
    st7735.o(i.ST7735_PlotdBfs) refers to st7735.o(i.ST7735_DrawFastVLine) for ST7735_DrawFastVLine
    st7735.o(i.ST7735_PlotdBfs) refers to st7735.o(.constdata) for dBfs
    st7735.o(i.ST7735_PlotdBfs) refers to st7735.o(.data) for X
    st7735.o(i.ST7735_SetCursor) refers to st7735.o(.data) for StX
    st7735.o(i.ST7735_SetRotation) refers to st7735.o(i.writecommand) for writecommand
    st7735.o(i.ST7735_SetRotation) refers to st7735.o(i.writedata) for writedata
    st7735.o(i.ST7735_SetRotation) refers to st7735.o(i.deselect) for deselect
    st7735.o(i.ST7735_SetRotation) refers to st7735.o(.data) for Rotation
    st7735.o(i.ST7735_SetTextColor) refers to st7735.o(.data) for StTextColor
    st7735.o(i.ST7735_SetX) refers to st7735.o(.data) for X
    st7735.o(i.commandList) refers to st7735.o(i.writecommand) for writecommand
    st7735.o(i.commandList) refers to st7735.o(i.writedata) for writedata
    st7735.o(i.commandList) refers to st7735.o(i.Delay1ms) for Delay1ms
    st7735.o(i.commonInit) refers to st7735.o(i.Delay1ms) for Delay1ms
    st7735.o(i.commonInit) refers to st7735.o(i.commandList) for commandList
    st7735.o(i.commonInit) refers to st7735.o(.data) for RowStart
    st7735.o(i.fillmessage) refers to st7735.o(.bss) for Message
    st7735.o(i.fillmessage) refers to st7735.o(.data) for Messageindex
    st7735.o(i.fillmessage4) refers to st7735.o(i.fillmessage) for fillmessage
    st7735.o(i.fillmessage4) refers to st7735.o(.data) for Messageindex
    st7735.o(i.fillmessage4) refers to st7735.o(.bss) for Message
    st7735.o(i.fillmessage5) refers to st7735.o(i.fillmessage) for fillmessage
    st7735.o(i.fillmessage5) refers to st7735.o(.data) for Messageindex
    st7735.o(i.fillmessage5) refers to st7735.o(.bss) for Message
    st7735.o(i.fputc) refers to st7735.o(i.ST7735_OutChar) for ST7735_OutChar
    st7735.o(i.plotLineX) refers to st7735.o(i.ST7735_DrawPixel) for ST7735_DrawPixel
    st7735.o(i.plotLineY) refers to st7735.o(i.ST7735_DrawPixel) for ST7735_DrawPixel
    st7735.o(i.pushColor) refers to st7735.o(i.writedata) for writedata
    st7735.o(i.setAddrWindow) refers to st7735.o(i.writecommand) for writecommand
    st7735.o(i.setAddrWindow) refers to st7735.o(i.writedata) for writedata
    st7735.o(i.setAddrWindow) refers to st7735.o(.data) for ColStart
    startup.o(RESET) refers to startup.o(STACK) for StackMem
    startup.o(RESET) refers to timer0a.o(i.Timer0A_Handler) for Timer0A_Handler
    startup.o(RESET) refers to timer1a.o(i.Timer1A_Handler) for Timer1A_Handler
    startup.o(RESET) refers to timer2a.o(i.Timer2A_Handler) for Timer2A_Handler
    startup.o(RESET) refers to entry.o(.ARM.Collect$$$$00000000) for __main
    lab3main.o(i.SoundOut) refers to startup.o(.text) for DisableInterrupts
    lab3main.o(i.main) refers to startup.o(.text) for DisableInterrupts
    lab3main.o(i.main) refers to pll.o(i.PLL_Init) for PLL_Init
    lab3main.o(i.main) refers to timer0a.o(i.Timer0A_Init) for Timer0A_Init
    lab3main.o(i.main) refers to lab3main.o(i.Port_Init) for Port_Init
    lab3main.o(i.main) refers to st7735.o(i.Output_Init) for Output_Init
    lab3main.o(i.main) refers to display.o(i.analogInit) for analogInit
    lab3main.o(i.main) refers to timer.o(i.Clock_Delay1ms) for Clock_Delay1ms
    lab3main.o(i.main) refers to display.o(i.digitalInit) for digitalInit
    lab3main.o(i.main) refers to menu.o(i.menu) for menu
    lab3main.o(i.main) refers to timer2a.o(i.Timer2A_Stop) for Timer2A_Stop
    lab3main.o(i.main) refers to timer.o(i.Timer) for Timer
    lab3main.o(i.main) refers to display.o(.data) for clockflag
    lab3main.o(i.main) refers to timer.o(.data) for alarmSounding
    timer0a.o(i.Timer0A_Handler) refers to timer0a.o(.data) for PeriodicTask0
    timer0a.o(i.Timer0A_Init) refers to timer0a.o(.data) for PeriodicTask0
    timer1a.o(i.Timer1A_Handler) refers to timer1a.o(.data) for PeriodicTask1
    timer1a.o(i.Timer1A_Init) refers to timer1a.o(.data) for PeriodicTask1
    timer2a.o(i.Timer2A_Handler) refers to timer2a.o(.data) for PeriodicTask2
    timer2a.o(i.Timer2A_Init) refers to timer2a.o(.data) for PeriodicTask2
    display.o(i.analogInit) refers to st7735.o(i.ST7735_FillScreen) for ST7735_FillScreen
    display.o(i.analogInit) refers to memseta.o(.text) for __aeabi_memclr4
    display.o(i.analogInit) refers to sine.o(i.Sin) for Sin
    display.o(i.analogInit) refers to st7735.o(i.ST7735_DrawPixel) for ST7735_DrawPixel
    display.o(i.analogInit) refers to st7735.o(i.ST7735_DrawChar) for ST7735_DrawChar
    display.o(i.analogInit) refers to display.o(.data) for clockflag
    display.o(i.digitalInit) refers to st7735.o(i.ST7735_FillScreen) for ST7735_FillScreen
    display.o(i.digitalInit) refers to st7735.o(i.ST7735_DrawChar) for ST7735_DrawChar
    display.o(i.digitalInit) refers to display.o(i.ssgDigit) for ssgDigit
    display.o(i.digitalInit) refers to display.o(.data) for clockflag
    display.o(i.digitalInit) refers to timer.o(.data) for hours
    display.o(i.ssgDigit) refers to st7735.o(i.ST7735_FillRect) for ST7735_FillRect
    display.o(i.updateDisplayA) refers to st7735.o(i.ST7735_Line) for ST7735_Line
    display.o(i.updateDisplayA) refers to st7735.o(i.ST7735_Color565) for ST7735_Color565
    display.o(i.updateDisplayA) refers to sine.o(i.Sin) for Sin
    display.o(i.updateDisplayA) refers to display.o(.data) for oldsecy
    display.o(i.updateDisplayA) refers to timer.o(.data) for minutes
    display.o(i.updateDisplayD) refers to st7735.o(i.ST7735_FillRect) for ST7735_FillRect
    display.o(i.updateDisplayD) refers to display.o(i.ssgDigit) for ssgDigit
    display.o(i.updateDisplayD) refers to display.o(.data) for oldhour1
    alarm.o(i.AlarmMenu) refers to st7735.o(i.ST7735_FillScreen) for ST7735_FillScreen
    alarm.o(i.AlarmMenu) refers to st7735.o(i.ST7735_DrawString) for ST7735_DrawString
    alarm.o(i.AlarmMenu) refers to alarm.o(i.PlotDot) for PlotDot
    alarm.o(i.AlarmMenu) refers to timer.o(i.Clock_Delay1ms) for Clock_Delay1ms
    alarm.o(i.AlarmMenu) refers to alarm.o(i.EraseDot) for EraseDot
    alarm.o(i.AlarmMenu) refers to alarm.o(i.SetAlarm) for SetAlarm
    alarm.o(i.AlarmMenu) refers to alarm.o(.data) for alarm1
    alarm.o(i.EraseDot) refers to st7735.o(i.ST7735_DrawSmallCircle) for ST7735_DrawSmallCircle
    alarm.o(i.PlotDot) refers to st7735.o(i.ST7735_DrawSmallCircle) for ST7735_DrawSmallCircle
    alarm.o(i.SetAlarm) refers to st7735.o(i.ST7735_FillScreen) for ST7735_FillScreen
    alarm.o(i.SetAlarm) refers to st7735.o(i.ST7735_DrawString) for ST7735_DrawString
    alarm.o(i.SetAlarm) refers to st7735.o(i.ST7735_DrawChar) for ST7735_DrawChar
    alarm.o(i.SetAlarm) refers to timer.o(i.Clock_Delay1ms) for Clock_Delay1ms
    alarm.o(i.SetAlarm) refers to alarm.o(i.SetPrintedAlarm) for SetPrintedAlarm
    alarm.o(i.SetAlarm) refers to alarm.o(i.PlotDot) for PlotDot
    alarm.o(i.SetAlarm) refers to alarm.o(.data) for hour1
    alarm.o(i.SetAlarm) refers to alarm.o(.bss) for hourflag
    alarm.o(i.SetPrintedAlarm) refers to alarm.o(.data) for hour1
    timer.o(i.Clock_Delay1ms) refers to timer.o(i.Clock_Delay) for Clock_Delay
    timer.o(i.Stopwatch) refers to timer.o(.data) for stopmil
    timer.o(i.Timer) refers to display.o(i.updateDisplayA) for updateDisplayA
    timer.o(i.Timer) refers to display.o(i.updateDisplayD) for updateDisplayD
    timer.o(i.Timer) refers to timer2a.o(i.Timer2A_Init) for Timer2A_Init
    timer.o(i.Timer) refers to timer.o(.data) for seconds
    timer.o(i.Timer) refers to menu.o(.data) for menuflag
    timer.o(i.Timer) refers to display.o(.data) for clockflag
    timer.o(i.Timer) refers to alarm.o(.bss) for alarmSet
    timer.o(i.Timer) refers to timer.o(.bss) for cooldown
    timer.o(i.Timer) refers to lab3main.o(i.SoundOut) for SoundOut
    stopwatch.o(i.StopwatchMenu) refers to st7735.o(i.ST7735_FillScreen) for ST7735_FillScreen
    stopwatch.o(i.StopwatchMenu) refers to st7735.o(i.ST7735_DrawString) for ST7735_DrawString
    stopwatch.o(i.StopwatchMenu) refers to st7735.o(i.ST7735_DrawChar) for ST7735_DrawChar
    stopwatch.o(i.StopwatchMenu) refers to timer.o(i.Clock_Delay1ms) for Clock_Delay1ms
    stopwatch.o(i.StopwatchMenu) refers to timer1a.o(i.Timer1A_Init) for Timer1A_Init
    stopwatch.o(i.StopwatchMenu) refers to timer1a.o(i.Timer1A_Stop) for Timer1A_Stop
    stopwatch.o(i.StopwatchMenu) refers to timer.o(i.Stopwatch) for Stopwatch
    stopwatch.o(i.StopwatchMenu) refers to timer.o(.data) for stopmin
    sine.o(i.Sin) refers to sine.o(.constdata) for IxTab
    menu.o(i.menu) refers to st7735.o(i.ST7735_FillScreen) for ST7735_FillScreen
    menu.o(i.menu) refers to st7735.o(i.ST7735_Color565) for ST7735_Color565
    menu.o(i.menu) refers to st7735.o(i.ST7735_DrawString) for ST7735_DrawString
    menu.o(i.menu) refers to timer.o(i.Clock_Delay1ms) for Clock_Delay1ms
    menu.o(i.menu) refers to display.o(i.analogInit) for analogInit
    menu.o(i.menu) refers to display.o(i.digitalInit) for digitalInit
    menu.o(i.menu) refers to settime.o(i.SetTimeMenu) for SetTimeMenu
    menu.o(i.menu) refers to alarm.o(i.AlarmMenu) for AlarmMenu
    menu.o(i.menu) refers to stopwatch.o(i.StopwatchMenu) for StopwatchMenu
    menu.o(i.menu) refers to menu.o(.data) for menuflag
    menu.o(i.menu) refers to display.o(.data) for clockflag
    settime.o(i.SetTimeMenu) refers to st7735.o(i.ST7735_FillScreen) for ST7735_FillScreen
    settime.o(i.SetTimeMenu) refers to st7735.o(i.ST7735_DrawString) for ST7735_DrawString
    settime.o(i.SetTimeMenu) refers to st7735.o(i.ST7735_DrawChar) for ST7735_DrawChar
    settime.o(i.SetTimeMenu) refers to timer.o(i.Clock_Delay1ms) for Clock_Delay1ms
    settime.o(i.SetTimeMenu) refers to timer.o(.data) for hours
    systick.o(i.SysTick50_Wait10ms) refers to systick.o(i.SysTick_Wait) for SysTick_Wait
    systick.o(i.SysTick80_Wait10ms) refers to systick.o(i.SysTick_Wait) for SysTick_Wait
    systick.o(i.SysTick_Start) refers to systick.o(.data) for Time
    systick.o(i.SysTick_Stop) refers to systick.o(.data) for Time
    systick.o(i.SysTick_Wait10ms) refers to systick.o(i.SysTick_Wait) for SysTick_Wait
    entry.o(.ARM.Collect$$$$00000000) refers (Special) to entry10a.o(.ARM.Collect$$$$0000000F) for __rt_final_cpp
    entry.o(.ARM.Collect$$$$00000000) refers (Special) to entry11a.o(.ARM.Collect$$$$00000011) for __rt_final_exit
    entry.o(.ARM.Collect$$$$00000000) refers (Special) to entry12b.o(.ARM.Collect$$$$0000000E) for __rt_lib_shutdown_fini
    entry.o(.ARM.Collect$$$$00000000) refers (Special) to entry7b.o(.ARM.Collect$$$$00000008) for _main_clock
    entry.o(.ARM.Collect$$$$00000000) refers (Special) to entry8b.o(.ARM.Collect$$$$0000000A) for _main_cpp_init
    entry.o(.ARM.Collect$$$$00000000) refers (Special) to entry9a.o(.ARM.Collect$$$$0000000B) for _main_init
    entry.o(.ARM.Collect$$$$00000000) refers (Special) to entry5.o(.ARM.Collect$$$$00000004) for _main_scatterload
    entry.o(.ARM.Collect$$$$00000000) refers (Special) to entry2.o(.ARM.Collect$$$$00000001) for _main_stk
    entry2.o(.ARM.Collect$$$$00000001) refers to entry2.o(.ARM.Collect$$$$00002712) for __lit__00000000
    entry2.o(.ARM.Collect$$$$00002712) refers to startup.o(STACK) for __initial_sp
    entry2.o(__vectab_stack_and_reset_area) refers to startup.o(STACK) for __initial_sp
    entry2.o(__vectab_stack_and_reset_area) refers to entry.o(.ARM.Collect$$$$00000000) for __main
    entry5.o(.ARM.Collect$$$$00000004) refers to init.o(.text) for __scatterload
    entry9a.o(.ARM.Collect$$$$0000000B) refers to lab3main.o(i.main) for main
    entry9b.o(.ARM.Collect$$$$0000000C) refers to lab3main.o(i.main) for main
    init.o(.text) refers to entry5.o(.ARM.Collect$$$$00000004) for __main_after_scatterload


==============================================================================

Removing Unused input sections from the image.

    Removing st7735.o(i.Output_Clear), (10 bytes).
    Removing st7735.o(i.Output_Color), (12 bytes).
    Removing st7735.o(i.Output_Off), (8 bytes).
    Removing st7735.o(i.Output_On), (8 bytes).
    Removing st7735.o(i.ST7735_DrawBitmap), (292 bytes).
    Removing st7735.o(i.ST7735_DrawCircle), (172 bytes).
    Removing st7735.o(i.ST7735_DrawFastHLine), (128 bytes).
    Removing st7735.o(i.ST7735_DrawFastVLine), (128 bytes).
    Removing st7735.o(i.ST7735_DrawLine), (246 bytes).
    Removing st7735.o(i.ST7735_InitB), (40 bytes).
    Removing st7735.o(i.ST7735_InvertDisplay), (26 bytes).
    Removing st7735.o(i.ST7735_OutChar), (212 bytes).
    Removing st7735.o(i.ST7735_OutString), (24 bytes).
    Removing st7735.o(i.ST7735_OutUDec), (140 bytes).
    Removing st7735.o(i.ST7735_OutUDec4), (140 bytes).
    Removing st7735.o(i.ST7735_OutUDec5), (140 bytes).
    Removing st7735.o(i.ST7735_PlotBar), (88 bytes).
    Removing st7735.o(i.ST7735_PlotClear), (92 bytes).
    Removing st7735.o(i.ST7735_PlotLine), (264 bytes).
    Removing st7735.o(i.ST7735_PlotNext), (32 bytes).
    Removing st7735.o(i.ST7735_PlotNextErase), (64 bytes).
    Removing st7735.o(i.ST7735_PlotPoint), (152 bytes).
    Removing st7735.o(i.ST7735_PlotPoints), (172 bytes).
    Removing st7735.o(i.ST7735_PlotdBfs), (60 bytes).
    Removing st7735.o(i.ST7735_SetRotation), (216 bytes).
    Removing st7735.o(i.ST7735_SetTextColor), (12 bytes).
    Removing st7735.o(i.ST7735_SetX), (36 bytes).
    Removing st7735.o(i.ST7735_SwapColor), (18 bytes).
    Removing st7735.o(i.ST7735_XYplot), (2 bytes).
    Removing st7735.o(i.ST7735_XYplotInit), (6 bytes).
    Removing st7735.o(i.ST7735_sDecOut2), (2 bytes).
    Removing st7735.o(i.ST7735_uBinOut6), (2 bytes).
    Removing st7735.o(i.ferror), (8 bytes).
    Removing st7735.o(i.fgetc), (6 bytes).
    Removing st7735.o(i.fillmessage), (72 bytes).
    Removing st7735.o(i.fillmessage4), (100 bytes).
    Removing st7735.o(i.fillmessage5), (128 bytes).
    Removing st7735.o(i.fputc), (16 bytes).
    Removing st7735.o(.bss), (12 bytes).
    Removing startup.o(HEAP), (0 bytes).
    Removing timer0a.o(i.Timer0A_Stop), (24 bytes).
    Removing time.o(i.SetTimer), (2 bytes).
    Removing stopwatch.o(.data), (4 bytes).
    Removing systick.o(i.SysTick50_Wait10ms), (28 bytes).
    Removing systick.o(i.SysTick80_Wait10ms), (28 bytes).
    Removing systick.o(i.SysTick_Init), (24 bytes).
    Removing systick.o(i.SysTick_Start), (16 bytes).
    Removing systick.o(i.SysTick_Stop), (24 bytes).
    Removing systick.o(i.SysTick_Wait), (30 bytes).
    Removing systick.o(i.SysTick_Wait10ms), (28 bytes).
    Removing systick.o(.data), (4 bytes).
    Removing setalarms.o(i.SetAlarmMenu), (2 bytes).

52 unused section(s) (total 3500 bytes) removed from the image.

==============================================================================

Image Symbol Table

    Local Symbols

    Symbol Name                              Value     Ov Type        Size  Object(Section)

    RESET                                    0x00000000   Section      644  startup.o(RESET)
    ../clib/microlib/init/entry.s            0x00000000   Number         0  entry8b.o ABSOLUTE
    ../clib/microlib/init/entry.s            0x00000000   Number         0  entry2.o ABSOLUTE
    ../clib/microlib/init/entry.s            0x00000000   Number         0  entry5.o ABSOLUTE
    ../clib/microlib/init/entry.s            0x00000000   Number         0  entry7a.o ABSOLUTE
    ../clib/microlib/init/entry.s            0x00000000   Number         0  entry7b.o ABSOLUTE
    ../clib/microlib/init/entry.s            0x00000000   Number         0  entry8a.o ABSOLUTE
    ../clib/microlib/init/entry.s            0x00000000   Number         0  entry9a.o ABSOLUTE
    ../clib/microlib/init/entry.s            0x00000000   Number         0  entry12b.o ABSOLUTE
    ../clib/microlib/init/entry.s            0x00000000   Number         0  entry12a.o ABSOLUTE
    ../clib/microlib/init/entry.s            0x00000000   Number         0  entry11b.o ABSOLUTE
    ../clib/microlib/init/entry.s            0x00000000   Number         0  entry11a.o ABSOLUTE
    ../clib/microlib/init/entry.s            0x00000000   Number         0  entry10b.o ABSOLUTE
    ../clib/microlib/init/entry.s            0x00000000   Number         0  entry10a.o ABSOLUTE
    ../clib/microlib/init/entry.s            0x00000000   Number         0  entry9b.o ABSOLUTE
    ../clib/microlib/init/entry.s            0x00000000   Number         0  entry.o ABSOLUTE
    ../clib/microlib/string/memset.c         0x00000000   Number         0  memseta.o ABSOLUTE
    ..\inc\PLL.c                             0x00000000   Number         0  pll.o ABSOLUTE
    ..\inc\ST7735.c                          0x00000000   Number         0  st7735.o ABSOLUTE
    ..\inc\Sine.c                            0x00000000   Number         0  sine.o ABSOLUTE
    ..\inc\SysTick.c                         0x00000000   Number         0  systick.o ABSOLUTE
    ..\inc\Timer0A.c                         0x00000000   Number         0  timer0a.o ABSOLUTE
    ..\inc\Timer1A.c                         0x00000000   Number         0  timer1a.o ABSOLUTE
    ..\inc\Timer2A.c                         0x00000000   Number         0  timer2a.o ABSOLUTE
    Alarm.c                                  0x00000000   Number         0  alarm.o ABSOLUTE
    Display.c                                0x00000000   Number         0  display.o ABSOLUTE
    Lab3Main.c                               0x00000000   Number         0  lab3main.o ABSOLUTE
    MainMenu.c                               0x00000000   Number         0  mainmenu.o ABSOLUTE
    Menu.c                                   0x00000000   Number         0  menu.o ABSOLUTE
    SetAlarms.c                              0x00000000   Number         0  setalarms.o ABSOLUTE
    SetTime.c                                0x00000000   Number         0  settime.o ABSOLUTE
    Stopwatch.c                              0x00000000   Number         0  stopwatch.o ABSOLUTE
    Time.c                                   0x00000000   Number         0  time.o ABSOLUTE
    Timer.c                                  0x00000000   Number         0  timer.o ABSOLUTE
    dc.s                                     0x00000000   Number         0  dc.o ABSOLUTE
    handlers.s                               0x00000000   Number         0  handlers.o ABSOLUTE
    init.s                                   0x00000000   Number         0  init.o ABSOLUTE
    startup.s                                0x00000000   Number         0  startup.o ABSOLUTE
    $v0                                      0x0000026c   Number         0  startup.o(RESET)
    .ARM.Collect$$$$00000000                 0x00000284   Section        0  entry.o(.ARM.Collect$$$$00000000)
    .ARM.Collect$$$$00000001                 0x00000284   Section        4  entry2.o(.ARM.Collect$$$$00000001)
    .ARM.Collect$$$$00000004                 0x00000288   Section        4  entry5.o(.ARM.Collect$$$$00000004)
    .ARM.Collect$$$$00000008                 0x0000028c   Section        0  entry7b.o(.ARM.Collect$$$$00000008)
    .ARM.Collect$$$$0000000A                 0x0000028c   Section        0  entry8b.o(.ARM.Collect$$$$0000000A)
    .ARM.Collect$$$$0000000B                 0x0000028c   Section        8  entry9a.o(.ARM.Collect$$$$0000000B)
    .ARM.Collect$$$$0000000E                 0x00000294   Section        4  entry12b.o(.ARM.Collect$$$$0000000E)
    .ARM.Collect$$$$0000000F                 0x00000298   Section        0  entry10a.o(.ARM.Collect$$$$0000000F)
    .ARM.Collect$$$$00000011                 0x00000298   Section        0  entry11a.o(.ARM.Collect$$$$00000011)
    .ARM.Collect$$$$00002712                 0x00000298   Section        4  entry2.o(.ARM.Collect$$$$00002712)
    __lit__00000000                          0x00000298   Data           4  entry2.o(.ARM.Collect$$$$00002712)
    .text                                    0x0000029c   Section       28  startup.o(.text)
    $v0                                      0x0000029c   Number         0  startup.o(.text)
    .text                                    0x000002b8   Section        0  memseta.o(.text)
    .text                                    0x000002dc   Section       36  init.o(.text)
    i.AlarmMenu                              0x00000300   Section        0  alarm.o(i.AlarmMenu)
    i.Clock_Delay                            0x00000554   Section        0  timer.o(i.Clock_Delay)
    i.Clock_Delay1ms                         0x0000055e   Section        0  timer.o(i.Clock_Delay1ms)
    i.Delay1ms                               0x00000574   Section        0  st7735.o(i.Delay1ms)
    i.EraseDot                               0x00000594   Section        0  alarm.o(i.EraseDot)
    i.Output_Init                            0x000005be   Section        0  st7735.o(i.Output_Init)
    i.PLL_Init                               0x000005d0   Section        0  pll.o(i.PLL_Init)
    i.PlotDot                                0x0000064c   Section        0  alarm.o(i.PlotDot)
    i.Port_Init                              0x00000668   Section        0  lab3main.o(i.Port_Init)
    i.ST7735_Color565                        0x00000760   Section        0  st7735.o(i.ST7735_Color565)
    i.ST7735_DrawChar                        0x00000778   Section        0  st7735.o(i.ST7735_DrawChar)
    i.ST7735_DrawCharS                       0x0000088c   Section        0  st7735.o(i.ST7735_DrawCharS)
    i.ST7735_DrawPixel                       0x00000984   Section        0  st7735.o(i.ST7735_DrawPixel)
    i.ST7735_DrawSmallCircle                 0x000009d0   Section        0  st7735.o(i.ST7735_DrawSmallCircle)
    i.ST7735_DrawString                      0x00000a7c   Section        0  st7735.o(i.ST7735_DrawString)
    i.ST7735_FillRect                        0x00000ad4   Section        0  st7735.o(i.ST7735_FillRect)
    i.ST7735_FillScreen                      0x00000b84   Section        0  st7735.o(i.ST7735_FillScreen)
    i.ST7735_InitR                           0x00000ba8   Section        0  st7735.o(i.ST7735_InitR)
    i.ST7735_Line                            0x00000c24   Section        0  st7735.o(i.ST7735_Line)
    i.ST7735_SetCursor                       0x00000ca4   Section        0  st7735.o(i.ST7735_SetCursor)
    i.SetAlarm                               0x00000cc4   Section        0  alarm.o(i.SetAlarm)
    i.SetPrintedAlarm                        0x00001198   Section        0  alarm.o(i.SetPrintedAlarm)
    i.SetTimeMenu                            0x00001240   Section        0  settime.o(i.SetTimeMenu)
    i.Sin                                    0x00001470   Section        0  sine.o(i.Sin)
    i.SoundOut                               0x000014b8   Section        0  lab3main.o(i.SoundOut)
    i.Stopwatch                              0x000014dc   Section        0  timer.o(i.Stopwatch)
    i.StopwatchMenu                          0x00001530   Section        0  stopwatch.o(i.StopwatchMenu)
    i.Timer                                  0x00001908   Section        0  timer.o(i.Timer)
    i.Timer0A_Handler                        0x00001a1c   Section        0  timer0a.o(i.Timer0A_Handler)
    i.Timer0A_Init                           0x00001a34   Section        0  timer0a.o(i.Timer0A_Init)
    i.Timer1A_Handler                        0x00001aac   Section        0  timer1a.o(i.Timer1A_Handler)
    i.Timer1A_Init                           0x00001ac4   Section        0  timer1a.o(i.Timer1A_Init)
    i.Timer1A_Stop                           0x00001b24   Section        0  timer1a.o(i.Timer1A_Stop)
    i.Timer2A_Handler                        0x00001b3c   Section        0  timer2a.o(i.Timer2A_Handler)
    i.Timer2A_Init                           0x00001b54   Section        0  timer2a.o(i.Timer2A_Init)
    i.Timer2A_Stop                           0x00001bb4   Section        0  timer2a.o(i.Timer2A_Stop)
    i.__scatterload_copy                     0x00001bcc   Section       14  handlers.o(i.__scatterload_copy)
    i.__scatterload_null                     0x00001bda   Section        2  handlers.o(i.__scatterload_null)
    i.__scatterload_zeroinit                 0x00001bdc   Section       14  handlers.o(i.__scatterload_zeroinit)
    i.analogInit                             0x00001bec   Section        0  display.o(i.analogInit)
    i.commandList                            0x00001e30   Section        0  st7735.o(i.commandList)
    commandList                              0x00001e31   Thumb Code    86  st7735.o(i.commandList)
    i.commonInit                             0x00001e88   Section        0  st7735.o(i.commonInit)
    commonInit                               0x00001e89   Thumb Code   342  st7735.o(i.commonInit)
    i.deselect                               0x00002010   Section        0  st7735.o(i.deselect)
    deselect                                 0x00002011   Thumb Code    24  st7735.o(i.deselect)
    i.digitalInit                            0x0000202c   Section        0  display.o(i.digitalInit)
    i.main                                   0x000020fc   Section        0  lab3main.o(i.main)
    i.menu                                   0x0000219c   Section        0  menu.o(i.menu)
    i.plotLineX                              0x000022bc   Section        0  st7735.o(i.plotLineX)
    i.plotLineY                              0x00002362   Section        0  st7735.o(i.plotLineY)
    i.pushColor                              0x00002406   Section        0  st7735.o(i.pushColor)
    pushColor                                0x00002407   Thumb Code    18  st7735.o(i.pushColor)
    i.setAddrWindow                          0x00002418   Section        0  st7735.o(i.setAddrWindow)
    setAddrWindow                            0x00002419   Thumb Code   106  st7735.o(i.setAddrWindow)
    i.ssgDigit                               0x0000248c   Section        0  display.o(i.ssgDigit)
    i.updateDisplayA                         0x00002924   Section        0  display.o(i.updateDisplayA)
    i.updateDisplayD                         0x00002b1c   Section        0  display.o(i.updateDisplayD)
    i.writecommand                           0x00002c5c   Section        0  st7735.o(i.writecommand)
    writecommand                             0x00002c5d   Thumb Code    46  st7735.o(i.writecommand)
    i.writedata                              0x00002c94   Section        0  st7735.o(i.writedata)
    writedata                                0x00002c95   Thumb Code    26  st7735.o(i.writedata)
    .constdata                               0x00002cb8   Section     2114  st7735.o(.constdata)
    Font                                     0x00002cb8   Data        1275  st7735.o(.constdata)
    Bcmd                                     0x000031b3   Data         103  st7735.o(.constdata)
    Rcmd1                                    0x0000321a   Data          59  st7735.o(.constdata)
    Rcmd2green                               0x00003255   Data          13  st7735.o(.constdata)
    Rcmd2red                                 0x00003262   Data          13  st7735.o(.constdata)
    Rcmd3                                    0x0000326f   Data          43  st7735.o(.constdata)
    .constdata                               0x000034fc   Section      176  sine.o(.constdata)
    .data                                    0x20000000   Section       44  st7735.o(.data)
    ColStart                                 0x2000000a   Data           1  st7735.o(.data)
    RowStart                                 0x2000000b   Data           1  st7735.o(.data)
    Rotation                                 0x2000000c   Data           1  st7735.o(.data)
    TabColor                                 0x2000000d   Data           1  st7735.o(.data)
    _width                                   0x2000000e   Data           2  st7735.o(.data)
    _height                                  0x20000010   Data           2  st7735.o(.data)
    .data                                    0x2000002c   Section        4  timer0a.o(.data)
    .data                                    0x20000030   Section        4  timer1a.o(.data)
    .data                                    0x20000034   Section        4  timer2a.o(.data)
    .data                                    0x20000038   Section       52  display.o(.data)
    .data                                    0x2000006c   Section       56  alarm.o(.data)
    .data                                    0x200000a4   Section       28  timer.o(.data)
    .data                                    0x200000c0   Section        4  menu.o(.data)
    .bss                                     0x200000c4   Section      100  alarm.o(.bss)
    .bss                                     0x20000128   Section       20  timer.o(.bss)
    STACK                                    0x20000140   Section     1024  startup.o(STACK)
    StackMem                                 0x20000140   Data           0  startup.o(STACK)

    Global Symbols

    Symbol Name                              Value     Ov Type        Size  Object(Section)

    BuildAttributes$$THM_ISAv4$E$P$D$K$B$S$7EM$VFPi3$EXTD16$VFPS$VFMA$PE$A:L22UL41UL21$X:L11$S22US41US21$IEEE1$IW$USESV6$~STKCKD$USESV7$~SHL$OSPACE$EBA8$MICROLIB$REQ8$PRES8$EABIv2 0x00000000   Number         0  anon$$obj.o ABSOLUTE
    __ARM_use_no_argv                        0x00000000   Number         0  lab3main.o ABSOLUTE
    __Vectors                                0x00000000   Data           0  startup.o(RESET)
    __arm_fini_                               - Undefined Weak Reference
    __cpp_initialize__aeabi_                  - Undefined Weak Reference
    __cxa_finalize                            - Undefined Weak Reference
    __decompress                              - Undefined Weak Reference
    _clock_init                               - Undefined Weak Reference
    _microlib_exit                            - Undefined Weak Reference
    Reset_Handler                            0x0000026d   Thumb Code     0  startup.o(RESET)
    NMI_Handler                              0x00000271   Thumb Code     2  startup.o(RESET)
    HardFault_Handler                        0x00000273   Thumb Code     2  startup.o(RESET)
    MemManage_Handler                        0x00000275   Thumb Code     2  startup.o(RESET)
    BusFault_Handler                         0x00000277   Thumb Code     2  startup.o(RESET)
    UsageFault_Handler                       0x00000279   Thumb Code     2  startup.o(RESET)
    SVC_Handler                              0x0000027b   Thumb Code     2  startup.o(RESET)
    DebugMon_Handler                         0x0000027d   Thumb Code     2  startup.o(RESET)
    PendSV_Handler                           0x0000027f   Thumb Code     2  startup.o(RESET)
    SysTick_Handler                          0x00000281   Thumb Code     2  startup.o(RESET)
    ADC0Seq0_Handler                         0x00000283   Thumb Code     0  startup.o(RESET)
    ADC0Seq1_Handler                         0x00000283   Thumb Code     0  startup.o(RESET)
    ADC0Seq2_Handler                         0x00000283   Thumb Code     0  startup.o(RESET)
    ADC0Seq3_Handler                         0x00000283   Thumb Code     0  startup.o(RESET)
    ADC1Seq0_Handler                         0x00000283   Thumb Code     0  startup.o(RESET)
    ADC1Seq1_Handler                         0x00000283   Thumb Code     0  startup.o(RESET)
    ADC1Seq2_Handler                         0x00000283   Thumb Code     0  startup.o(RESET)
    ADC1Seq3_Handler                         0x00000283   Thumb Code     0  startup.o(RESET)
    CAN0_Handler                             0x00000283   Thumb Code     0  startup.o(RESET)
    CAN1_Handler                             0x00000283   Thumb Code     0  startup.o(RESET)
    CAN2_Handler                             0x00000283   Thumb Code     0  startup.o(RESET)
    Comp0_Handler                            0x00000283   Thumb Code     0  startup.o(RESET)
    Comp1_Handler                            0x00000283   Thumb Code     0  startup.o(RESET)
    Comp2_Handler                            0x00000283   Thumb Code     0  startup.o(RESET)
    Ethernet_Handler                         0x00000283   Thumb Code     0  startup.o(RESET)
    ExtBus_Handler                           0x00000283   Thumb Code     0  startup.o(RESET)
    FPU_Handler                              0x00000283   Thumb Code     0  startup.o(RESET)
    Fan0_Handler                             0x00000283   Thumb Code     0  startup.o(RESET)
    FlashCtl_Handler                         0x00000283   Thumb Code     0  startup.o(RESET)
    GPIOPortA_Handler                        0x00000283   Thumb Code     0  startup.o(RESET)
    GPIOPortB_Handler                        0x00000283   Thumb Code     0  startup.o(RESET)
    GPIOPortC_Handler                        0x00000283   Thumb Code     0  startup.o(RESET)
    GPIOPortD_Handler                        0x00000283   Thumb Code     0  startup.o(RESET)
    GPIOPortE_Handler                        0x00000283   Thumb Code     0  startup.o(RESET)
    GPIOPortF_Handler                        0x00000283   Thumb Code     0  startup.o(RESET)
    GPIOPortG_Handler                        0x00000283   Thumb Code     0  startup.o(RESET)
    GPIOPortH_Handler                        0x00000283   Thumb Code     0  startup.o(RESET)
    GPIOPortJ_Handler                        0x00000283   Thumb Code     0  startup.o(RESET)
    GPIOPortK_Handler                        0x00000283   Thumb Code     0  startup.o(RESET)
    GPIOPortL_Handler                        0x00000283   Thumb Code     0  startup.o(RESET)
    GPIOPortM_Handler                        0x00000283   Thumb Code     0  startup.o(RESET)
    GPIOPortN_Handler                        0x00000283   Thumb Code     0  startup.o(RESET)
    GPIOPortP1_Handler                       0x00000283   Thumb Code     0  startup.o(RESET)
    GPIOPortP2_Handler                       0x00000283   Thumb Code     0  startup.o(RESET)
    GPIOPortP3_Handler                       0x00000283   Thumb Code     0  startup.o(RESET)
    GPIOPortP4_Handler                       0x00000283   Thumb Code     0  startup.o(RESET)
    GPIOPortP5_Handler                       0x00000283   Thumb Code     0  startup.o(RESET)
    GPIOPortP6_Handler                       0x00000283   Thumb Code     0  startup.o(RESET)
    GPIOPortP7_Handler                       0x00000283   Thumb Code     0  startup.o(RESET)
    GPIOPortP_Handler                        0x00000283   Thumb Code     0  startup.o(RESET)
    GPIOPortQ1_Handler                       0x00000283   Thumb Code     0  startup.o(RESET)
    GPIOPortQ2_Handler                       0x00000283   Thumb Code     0  startup.o(RESET)
    GPIOPortQ3_Handler                       0x00000283   Thumb Code     0  startup.o(RESET)
    GPIOPortQ4_Handler                       0x00000283   Thumb Code     0  startup.o(RESET)
    GPIOPortQ5_Handler                       0x00000283   Thumb Code     0  startup.o(RESET)
    GPIOPortQ6_Handler                       0x00000283   Thumb Code     0  startup.o(RESET)
    GPIOPortQ7_Handler                       0x00000283   Thumb Code     0  startup.o(RESET)
    GPIOPortQ_Handler                        0x00000283   Thumb Code     0  startup.o(RESET)
    GPIOPortR_Handler                        0x00000283   Thumb Code     0  startup.o(RESET)
    GPIOPortS_Handler                        0x00000283   Thumb Code     0  startup.o(RESET)
    Hibernate_Handler                        0x00000283   Thumb Code     0  startup.o(RESET)
    I2C0_Handler                             0x00000283   Thumb Code     0  startup.o(RESET)
    I2C1_Handler                             0x00000283   Thumb Code     0  startup.o(RESET)
    I2C2_Handler                             0x00000283   Thumb Code     0  startup.o(RESET)
    I2C3_Handler                             0x00000283   Thumb Code     0  startup.o(RESET)
    I2C4_Handler                             0x00000283   Thumb Code     0  startup.o(RESET)
    I2C5_Handler                             0x00000283   Thumb Code     0  startup.o(RESET)
    I2S0_Handler                             0x00000283   Thumb Code     0  startup.o(RESET)
    LPC0_Handler                             0x00000283   Thumb Code     0  startup.o(RESET)
    PECI0_Handler                            0x00000283   Thumb Code     0  startup.o(RESET)
    PWM0Fault_Handler                        0x00000283   Thumb Code     0  startup.o(RESET)
    PWM0Generator0_Handler                   0x00000283   Thumb Code     0  startup.o(RESET)
    PWM0Generator1_Handler                   0x00000283   Thumb Code     0  startup.o(RESET)
    PWM0Generator2_Handler                   0x00000283   Thumb Code     0  startup.o(RESET)
    PWM0Generator3_Handler                   0x00000283   Thumb Code     0  startup.o(RESET)
    PWM1Fault_Handler                        0x00000283   Thumb Code     0  startup.o(RESET)
    PWM1Generator0_Handler                   0x00000283   Thumb Code     0  startup.o(RESET)
    PWM1Generator1_Handler                   0x00000283   Thumb Code     0  startup.o(RESET)
    PWM1Generator2_Handler                   0x00000283   Thumb Code     0  startup.o(RESET)
    PWM1Generator3_Handler                   0x00000283   Thumb Code     0  startup.o(RESET)
    Quadrature0_Handler                      0x00000283   Thumb Code     0  startup.o(RESET)
    Quadrature1_Handler                      0x00000283   Thumb Code     0  startup.o(RESET)
    Quadrature2_Handler                      0x00000283   Thumb Code     0  startup.o(RESET)
    SSI0_Handler                             0x00000283   Thumb Code     0  startup.o(RESET)
    SSI1_Handler                             0x00000283   Thumb Code     0  startup.o(RESET)
    SSI2_Handler                             0x00000283   Thumb Code     0  startup.o(RESET)
    SSI3_Handler                             0x00000283   Thumb Code     0  startup.o(RESET)
    SysCtl_Handler                           0x00000283   Thumb Code     0  startup.o(RESET)
    Timer0B_Handler                          0x00000283   Thumb Code     0  startup.o(RESET)
    Timer1B_Handler                          0x00000283   Thumb Code     0  startup.o(RESET)
    Timer2B_Handler                          0x00000283   Thumb Code     0  startup.o(RESET)
    Timer3A_Handler                          0x00000283   Thumb Code     0  startup.o(RESET)
    Timer3B_Handler                          0x00000283   Thumb Code     0  startup.o(RESET)
    Timer4A_Handler                          0x00000283   Thumb Code     0  startup.o(RESET)
    Timer4B_Handler                          0x00000283   Thumb Code     0  startup.o(RESET)
    Timer5A_Handler                          0x00000283   Thumb Code     0  startup.o(RESET)
    Timer5B_Handler                          0x00000283   Thumb Code     0  startup.o(RESET)
    UART0_Handler                            0x00000283   Thumb Code     0  startup.o(RESET)
    UART1_Handler                            0x00000283   Thumb Code     0  startup.o(RESET)
    UART2_Handler                            0x00000283   Thumb Code     0  startup.o(RESET)
    UART3_Handler                            0x00000283   Thumb Code     0  startup.o(RESET)
    UART4_Handler                            0x00000283   Thumb Code     0  startup.o(RESET)
    UART5_Handler                            0x00000283   Thumb Code     0  startup.o(RESET)
    UART6_Handler                            0x00000283   Thumb Code     0  startup.o(RESET)
    UART7_Handler                            0x00000283   Thumb Code     0  startup.o(RESET)
    USB0_Handler                             0x00000283   Thumb Code     0  startup.o(RESET)
    WDT_Handler                              0x00000283   Thumb Code     0  startup.o(RESET)
    WideTimer0A_Handler                      0x00000283   Thumb Code     0  startup.o(RESET)
    WideTimer0B_Handler                      0x00000283   Thumb Code     0  startup.o(RESET)
    WideTimer1A_Handler                      0x00000283   Thumb Code     0  startup.o(RESET)
    WideTimer1B_Handler                      0x00000283   Thumb Code     0  startup.o(RESET)
    WideTimer2A_Handler                      0x00000283   Thumb Code     0  startup.o(RESET)
    WideTimer2B_Handler                      0x00000283   Thumb Code     0  startup.o(RESET)
    WideTimer3A_Handler                      0x00000283   Thumb Code     0  startup.o(RESET)
    WideTimer3B_Handler                      0x00000283   Thumb Code     0  startup.o(RESET)
    WideTimer4A_Handler                      0x00000283   Thumb Code     0  startup.o(RESET)
    WideTimer4B_Handler                      0x00000283   Thumb Code     0  startup.o(RESET)
    WideTimer5A_Handler                      0x00000283   Thumb Code     0  startup.o(RESET)
    WideTimer5B_Handler                      0x00000283   Thumb Code     0  startup.o(RESET)
    uDMA_Error                               0x00000283   Thumb Code     0  startup.o(RESET)
    uDMA_Handler                             0x00000283   Thumb Code     0  startup.o(RESET)
    __main                                   0x00000285   Thumb Code     0  entry.o(.ARM.Collect$$$$00000000)
    _main_stk                                0x00000285   Thumb Code     0  entry2.o(.ARM.Collect$$$$00000001)
    _main_scatterload                        0x00000289   Thumb Code     0  entry5.o(.ARM.Collect$$$$00000004)
    __main_after_scatterload                 0x0000028d   Thumb Code     0  entry5.o(.ARM.Collect$$$$00000004)
    _main_clock                              0x0000028d   Thumb Code     0  entry7b.o(.ARM.Collect$$$$00000008)
    _main_cpp_init                           0x0000028d   Thumb Code     0  entry8b.o(.ARM.Collect$$$$0000000A)
    _main_init                               0x0000028d   Thumb Code     0  entry9a.o(.ARM.Collect$$$$0000000B)
    __rt_lib_shutdown_fini                   0x00000295   Thumb Code     0  entry12b.o(.ARM.Collect$$$$0000000E)
    __rt_final_cpp                           0x00000299   Thumb Code     0  entry10a.o(.ARM.Collect$$$$0000000F)
    __rt_final_exit                          0x00000299   Thumb Code     0  entry11a.o(.ARM.Collect$$$$00000011)
    DisableInterrupts                        0x0000029d   Thumb Code     0  startup.o(.text)
    EnableInterrupts                         0x000002a1   Thumb Code     0  startup.o(.text)
    StartCritical                            0x000002a5   Thumb Code     0  startup.o(.text)
    EndCritical                              0x000002ad   Thumb Code     0  startup.o(.text)
    WaitForInterrupt                         0x000002b3   Thumb Code     0  startup.o(.text)
    __aeabi_memset                           0x000002b9   Thumb Code    14  memseta.o(.text)
    __aeabi_memset4                          0x000002b9   Thumb Code     0  memseta.o(.text)
    __aeabi_memset8                          0x000002b9   Thumb Code     0  memseta.o(.text)
    __aeabi_memclr                           0x000002c7   Thumb Code     4  memseta.o(.text)
    __aeabi_memclr4                          0x000002c7   Thumb Code     0  memseta.o(.text)
    __aeabi_memclr8                          0x000002c7   Thumb Code     0  memseta.o(.text)
    _memset$wrapper                          0x000002cb   Thumb Code    18  memseta.o(.text)
    __scatterload                            0x000002dd   Thumb Code    28  init.o(.text)
    __scatterload_rt2                        0x000002dd   Thumb Code     0  init.o(.text)
    AlarmMenu                                0x00000301   Thumb Code   398  alarm.o(i.AlarmMenu)
    Clock_Delay                              0x00000555   Thumb Code    10  timer.o(i.Clock_Delay)
    Clock_Delay1ms                           0x0000055f   Thumb Code    22  timer.o(i.Clock_Delay1ms)
    Delay1ms                                 0x00000575   Thumb Code    32  st7735.o(i.Delay1ms)
    EraseDot                                 0x00000595   Thumb Code    42  alarm.o(i.EraseDot)
    Output_Init                              0x000005bf   Thumb Code    16  st7735.o(i.Output_Init)
    PLL_Init                                 0x000005d1   Thumb Code   120  pll.o(i.PLL_Init)
    PlotDot                                  0x0000064d   Thumb Code    28  alarm.o(i.PlotDot)
    Port_Init                                0x00000669   Thumb Code   210  lab3main.o(i.Port_Init)
    ST7735_Color565                          0x00000761   Thumb Code    24  st7735.o(i.ST7735_Color565)
    ST7735_DrawChar                          0x00000779   Thumb Code   264  st7735.o(i.ST7735_DrawChar)
    ST7735_DrawCharS                         0x0000088d   Thumb Code   236  st7735.o(i.ST7735_DrawCharS)
    ST7735_DrawPixel                         0x00000985   Thumb Code    68  st7735.o(i.ST7735_DrawPixel)
    ST7735_DrawSmallCircle                   0x000009d1   Thumb Code   158  st7735.o(i.ST7735_DrawSmallCircle)
    ST7735_DrawString                        0x00000a7d   Thumb Code    86  st7735.o(i.ST7735_DrawString)
    ST7735_FillRect                          0x00000ad5   Thumb Code   168  st7735.o(i.ST7735_FillRect)
    ST7735_FillScreen                        0x00000b85   Thumb Code    28  st7735.o(i.ST7735_FillScreen)
    ST7735_InitR                             0x00000ba9   Thumb Code    90  st7735.o(i.ST7735_InitR)
    ST7735_Line                              0x00000c25   Thumb Code   126  st7735.o(i.ST7735_Line)
    ST7735_SetCursor                         0x00000ca5   Thumb Code    22  st7735.o(i.ST7735_SetCursor)
    SetAlarm                                 0x00000cc5   Thumb Code   874  alarm.o(i.SetAlarm)
    SetPrintedAlarm                          0x00001199   Thumb Code   132  alarm.o(i.SetPrintedAlarm)
    SetTimeMenu                              0x00001241   Thumb Code   416  settime.o(i.SetTimeMenu)
    Sin                                      0x00001471   Thumb Code    64  sine.o(i.Sin)
    SoundOut                                 0x000014b9   Thumb Code    26  lab3main.o(i.SoundOut)
    Stopwatch                                0x000014dd   Thumb Code    70  timer.o(i.Stopwatch)
    StopwatchMenu                            0x00001531   Thumb Code   878  stopwatch.o(i.StopwatchMenu)
    Timer                                    0x00001909   Thumb Code   232  timer.o(i.Timer)
    Timer0A_Handler                          0x00001a1d   Thumb Code    16  timer0a.o(i.Timer0A_Handler)
    Timer0A_Init                             0x00001a35   Thumb Code    98  timer0a.o(i.Timer0A_Init)
    Timer1A_Handler                          0x00001aad   Thumb Code    16  timer1a.o(i.Timer1A_Handler)
    Timer1A_Init                             0x00001ac5   Thumb Code    76  timer1a.o(i.Timer1A_Init)
    Timer1A_Stop                             0x00001b25   Thumb Code    16  timer1a.o(i.Timer1A_Stop)
    Timer2A_Handler                          0x00001b3d   Thumb Code    16  timer2a.o(i.Timer2A_Handler)
    Timer2A_Init                             0x00001b55   Thumb Code    76  timer2a.o(i.Timer2A_Init)
    Timer2A_Stop                             0x00001bb5   Thumb Code    16  timer2a.o(i.Timer2A_Stop)
    __scatterload_copy                       0x00001bcd   Thumb Code    14  handlers.o(i.__scatterload_copy)
    __scatterload_null                       0x00001bdb   Thumb Code     2  handlers.o(i.__scatterload_null)
    __scatterload_zeroinit                   0x00001bdd   Thumb Code    14  handlers.o(i.__scatterload_zeroinit)
    analogInit                               0x00001bed   Thumb Code   574  display.o(i.analogInit)
    digitalInit                              0x0000202d   Thumb Code   186  display.o(i.digitalInit)
    main                                     0x000020fd   Thumb Code   134  lab3main.o(i.main)
    menu                                     0x0000219d   Thumb Code   204  menu.o(i.menu)
    plotLineX                                0x000022bd   Thumb Code   166  st7735.o(i.plotLineX)
    plotLineY                                0x00002363   Thumb Code   164  st7735.o(i.plotLineY)
    ssgDigit                                 0x0000248d   Thumb Code  1174  display.o(i.ssgDigit)
    updateDisplayA                           0x00002925   Thumb Code   470  display.o(i.updateDisplayA)
    updateDisplayD                           0x00002b1d   Thumb Code   294  display.o(i.updateDisplayD)
    smallCircle                              0x0000329a   Data          36  st7735.o(.constdata)
    circle                                   0x000032be   Data          60  st7735.o(.constdata)
    dBfs                                     0x000032fa   Data         512  st7735.o(.constdata)
    IxTab                                    0x000034fc   Data          88  sine.o(.constdata)
    IyTab                                    0x00003554   Data          88  sine.o(.constdata)
    Region$$Table$$Base                      0x000035ac   Number         0  anon$$obj.o(Region$$Table)
    Region$$Table$$Limit                     0x000035cc   Number         0  anon$$obj.o(Region$$Table)
    StX                                      0x20000000   Data           4  st7735.o(.data)
    StY                                      0x20000004   Data           4  st7735.o(.data)
    StTextColor                              0x20000008   Data           2  st7735.o(.data)
    Messageindex                             0x20000014   Data           4  st7735.o(.data)
    Ymax                                     0x20000018   Data           4  st7735.o(.data)
    Ymin                                     0x2000001c   Data           4  st7735.o(.data)
    X                                        0x20000020   Data           4  st7735.o(.data)
    Yrange                                   0x20000024   Data           4  st7735.o(.data)
    lastj                                    0x20000028   Data           4  st7735.o(.data)
    PeriodicTask0                            0x2000002c   Data           4  timer0a.o(.data)
    PeriodicTask1                            0x20000030   Data           4  timer1a.o(.data)
    PeriodicTask2                            0x20000034   Data           4  timer2a.o(.data)
    oldsecx                                  0x20000038   Data           4  display.o(.data)
    oldsecy                                  0x2000003c   Data           4  display.o(.data)
    oldminx                                  0x20000040   Data           4  display.o(.data)
    oldminy                                  0x20000044   Data           4  display.o(.data)
    oldhourx                                 0x20000048   Data           4  display.o(.data)
    oldhoury                                 0x2000004c   Data           4  display.o(.data)
    clockflag                                0x20000050   Data           4  display.o(.data)
    oldhour1                                 0x20000054   Data           4  display.o(.data)
    oldhour2                                 0x20000058   Data           4  display.o(.data)
    oldmin1                                  0x2000005c   Data           4  display.o(.data)
    oldmin2                                  0x20000060   Data           4  display.o(.data)
    oldsec1                                  0x20000064   Data           4  display.o(.data)
    oldsec2                                  0x20000068   Data           4  display.o(.data)
    hour1                                    0x2000006c   Data           5  alarm.o(.data)
    hour2                                    0x20000071   Data           5  alarm.o(.data)
    minute1                                  0x20000076   Data           5  alarm.o(.data)
    minute2                                  0x2000007b   Data           5  alarm.o(.data)
    alarm1                                   0x20000080   Data           6  alarm.o(.data)
    alarm2                                   0x20000086   Data           6  alarm.o(.data)
    alarm3                                   0x2000008c   Data           6  alarm.o(.data)
    alarm4                                   0x20000092   Data           6  alarm.o(.data)
    alarm5                                   0x20000098   Data           6  alarm.o(.data)
    slot                                     0x200000a0   Data           4  alarm.o(.data)
    hours                                    0x200000a4   Data           4  timer.o(.data)
    minutes                                  0x200000a8   Data           4  timer.o(.data)
    seconds                                  0x200000ac   Data           4  timer.o(.data)
    stopmin                                  0x200000b0   Data           4  timer.o(.data)
    stopsec                                  0x200000b4   Data           4  timer.o(.data)
    stopmil                                  0x200000b8   Data           4  timer.o(.data)
    alarmSounding                            0x200000bc   Data           4  timer.o(.data)
    menuflag                                 0x200000c0   Data           4  menu.o(.data)
    hourflag                                 0x200000c4   Data          20  alarm.o(.bss)
    minuteflag                               0x200000d8   Data          20  alarm.o(.bss)
    alarmHours                               0x200000ec   Data          20  alarm.o(.bss)
    alarmMinutes                             0x20000100   Data          20  alarm.o(.bss)
    alarmSet                                 0x20000114   Data          20  alarm.o(.bss)
    cooldown                                 0x20000128   Data          20  timer.o(.bss)
    __initial_sp                             0x20000540   Data           0  startup.o(STACK)



==============================================================================

Memory Map of the image

  Image Entry point : 0x0000026d

  Load Region LR_1 (Base: 0x00000000, Size: 0x00003690, Max: 0xffffffff, ABSOLUTE)

    Execution Region ER_RO (Exec base: 0x00000000, Load base: 0x00000000, Size: 0x000035cc, Max: 0xffffffff, ABSOLUTE)

    Exec Addr    Load Addr    Size         Type   Attr      Idx    E Section Name        Object

    0x00000000   0x00000000   0x00000284   Code   RO          385  * RESET               startup.o
    0x00000284   0x00000284   0x00000000   Code   RO          814  * .ARM.Collect$$$$00000000  mc_w.l(entry.o)
    0x00000284   0x00000284   0x00000004   Code   RO          819    .ARM.Collect$$$$00000001  mc_w.l(entry2.o)
    0x00000288   0x00000288   0x00000004   Code   RO          822    .ARM.Collect$$$$00000004  mc_w.l(entry5.o)
    0x0000028c   0x0000028c   0x00000000   Code   RO          824    .ARM.Collect$$$$00000008  mc_w.l(entry7b.o)
    0x0000028c   0x0000028c   0x00000000   Code   RO          826    .ARM.Collect$$$$0000000A  mc_w.l(entry8b.o)
    0x0000028c   0x0000028c   0x00000008   Code   RO          827    .ARM.Collect$$$$0000000B  mc_w.l(entry9a.o)
    0x00000294   0x00000294   0x00000004   Code   RO          834    .ARM.Collect$$$$0000000E  mc_w.l(entry12b.o)
    0x00000298   0x00000298   0x00000000   Code   RO          829    .ARM.Collect$$$$0000000F  mc_w.l(entry10a.o)
    0x00000298   0x00000298   0x00000000   Code   RO          831    .ARM.Collect$$$$00000011  mc_w.l(entry11a.o)
    0x00000298   0x00000298   0x00000004   Code   RO          820    .ARM.Collect$$$$00002712  mc_w.l(entry2.o)
    0x0000029c   0x0000029c   0x0000001c   Code   RO          386    .text               startup.o
    0x000002b8   0x000002b8   0x00000024   Code   RO          817    .text               mc_w.l(memseta.o)
    0x000002dc   0x000002dc   0x00000024   Code   RO          835    .text               mc_w.l(init.o)
    0x00000300   0x00000300   0x00000254   Code   RO          613    i.AlarmMenu         alarm.o
    0x00000554   0x00000554   0x0000000a   Code   RO          653    i.Clock_Delay       timer.o
    0x0000055e   0x0000055e   0x00000016   Code   RO          654    i.Clock_Delay1ms    timer.o
    0x00000574   0x00000574   0x00000020   Code   RO            1    i.Delay1ms          st7735.o
    0x00000594   0x00000594   0x0000002a   Code   RO          614    i.EraseDot          alarm.o
    0x000005be   0x000005be   0x00000010   Code   RO            4    i.Output_Init       st7735.o
    0x000005ce   0x000005ce   0x00000002   PAD
    0x000005d0   0x000005d0   0x0000007c   Code   RO          456    i.PLL_Init          pll.o
    0x0000064c   0x0000064c   0x0000001c   Code   RO          615    i.PlotDot           alarm.o
    0x00000668   0x00000668   0x000000f8   Code   RO          393    i.Port_Init         lab3main.o
    0x00000760   0x00000760   0x00000018   Code   RO            7    i.ST7735_Color565   st7735.o
    0x00000778   0x00000778   0x00000114   Code   RO            9    i.ST7735_DrawChar   st7735.o
    0x0000088c   0x0000088c   0x000000f8   Code   RO           10    i.ST7735_DrawCharS  st7735.o
    0x00000984   0x00000984   0x0000004c   Code   RO           15    i.ST7735_DrawPixel  st7735.o
    0x000009d0   0x000009d0   0x000000ac   Code   RO           16    i.ST7735_DrawSmallCircle  st7735.o
    0x00000a7c   0x00000a7c   0x00000056   Code   RO           17    i.ST7735_DrawString  st7735.o
    0x00000ad2   0x00000ad2   0x00000002   PAD
    0x00000ad4   0x00000ad4   0x000000b0   Code   RO           18    i.ST7735_FillRect   st7735.o
    0x00000b84   0x00000b84   0x00000024   Code   RO           19    i.ST7735_FillScreen  st7735.o
    0x00000ba8   0x00000ba8   0x0000007c   Code   RO           21    i.ST7735_InitR      st7735.o
    0x00000c24   0x00000c24   0x0000007e   Code   RO           23    i.ST7735_Line       st7735.o
    0x00000ca2   0x00000ca2   0x00000002   PAD
    0x00000ca4   0x00000ca4   0x00000020   Code   RO           37    i.ST7735_SetCursor  st7735.o
    0x00000cc4   0x00000cc4   0x000004d4   Code   RO          616    i.SetAlarm          alarm.o
    0x00001198   0x00001198   0x000000a8   Code   RO          617    i.SetPrintedAlarm   alarm.o
    0x00001240   0x00001240   0x00000230   Code   RO          739    i.SetTimeMenu       settime.o
    0x00001470   0x00001470   0x00000048   Code   RO          705    i.Sin               sine.o
    0x000014b8   0x000014b8   0x00000024   Code   RO          394    i.SoundOut          lab3main.o
    0x000014dc   0x000014dc   0x00000054   Code   RO          655    i.Stopwatch         timer.o
    0x00001530   0x00001530   0x000003d8   Code   RO          690    i.StopwatchMenu     stopwatch.o
    0x00001908   0x00001908   0x00000114   Code   RO          656    i.Timer             timer.o
    0x00001a1c   0x00001a1c   0x00000018   Code   RO          471    i.Timer0A_Handler   timer0a.o
    0x00001a34   0x00001a34   0x00000078   Code   RO          472    i.Timer0A_Init      timer0a.o
    0x00001aac   0x00001aac   0x00000018   Code   RO          501    i.Timer1A_Handler   timer1a.o
    0x00001ac4   0x00001ac4   0x00000060   Code   RO          502    i.Timer1A_Init      timer1a.o
    0x00001b24   0x00001b24   0x00000018   Code   RO          503    i.Timer1A_Stop      timer1a.o
    0x00001b3c   0x00001b3c   0x00000018   Code   RO          528    i.Timer2A_Handler   timer2a.o
    0x00001b54   0x00001b54   0x00000060   Code   RO          529    i.Timer2A_Init      timer2a.o
    0x00001bb4   0x00001bb4   0x00000018   Code   RO          530    i.Timer2A_Stop      timer2a.o
    0x00001bcc   0x00001bcc   0x0000000e   Code   RO          839    i.__scatterload_copy  mc_w.l(handlers.o)
    0x00001bda   0x00001bda   0x00000002   Code   RO          840    i.__scatterload_null  mc_w.l(handlers.o)
    0x00001bdc   0x00001bdc   0x0000000e   Code   RO          841    i.__scatterload_zeroinit  mc_w.l(handlers.o)
    0x00001bea   0x00001bea   0x00000002   PAD
    0x00001bec   0x00001bec   0x00000244   Code   RO          555    i.analogInit        display.o
    0x00001e30   0x00001e30   0x00000056   Code   RO           46    i.commandList       st7735.o
    0x00001e86   0x00001e86   0x00000002   PAD
    0x00001e88   0x00001e88   0x00000188   Code   RO           47    i.commonInit        st7735.o
    0x00002010   0x00002010   0x0000001c   Code   RO           48    i.deselect          st7735.o
    0x0000202c   0x0000202c   0x000000d0   Code   RO          556    i.digitalInit       display.o
    0x000020fc   0x000020fc   0x000000a0   Code   RO          395    i.main              lab3main.o
    0x0000219c   0x0000219c   0x00000120   Code   RO          720    i.menu              menu.o
    0x000022bc   0x000022bc   0x000000a6   Code   RO           55    i.plotLineX         st7735.o
    0x00002362   0x00002362   0x000000a4   Code   RO           56    i.plotLineY         st7735.o
    0x00002406   0x00002406   0x00000012   Code   RO           57    i.pushColor         st7735.o
    0x00002418   0x00002418   0x00000074   Code   RO           58    i.setAddrWindow     st7735.o
    0x0000248c   0x0000248c   0x00000496   Code   RO          557    i.ssgDigit          display.o
    0x00002922   0x00002922   0x00000002   PAD
    0x00002924   0x00002924   0x000001f8   Code   RO          558    i.updateDisplayA    display.o
    0x00002b1c   0x00002b1c   0x00000140   Code   RO          559    i.updateDisplayD    display.o
    0x00002c5c   0x00002c5c   0x00000038   Code   RO           59    i.writecommand      st7735.o
    0x00002c94   0x00002c94   0x00000024   Code   RO           60    i.writedata         st7735.o
    0x00002cb8   0x00002cb8   0x00000842   Data   RO           62    .constdata          st7735.o
    0x000034fa   0x000034fa   0x00000002   PAD
    0x000034fc   0x000034fc   0x000000b0   Data   RO          706    .constdata          sine.o
    0x000035ac   0x000035ac   0x00000020   Data   RO          837    Region$$Table       anon$$obj.o


    Execution Region ER_RW (Exec base: 0x20000000, Load base: 0x000035cc, Size: 0x000000c4, Max: 0xffffffff, ABSOLUTE)

    Exec Addr    Load Addr    Size         Type   Attr      Idx    E Section Name        Object

    0x20000000   0x000035cc   0x0000002c   Data   RW           63    .data               st7735.o
    0x2000002c   0x000035f8   0x00000004   Data   RW          474    .data               timer0a.o
    0x20000030   0x000035fc   0x00000004   Data   RW          504    .data               timer1a.o
    0x20000034   0x00003600   0x00000004   Data   RW          531    .data               timer2a.o
    0x20000038   0x00003604   0x00000034   Data   RW          560    .data               display.o
    0x2000006c   0x00003638   0x00000038   Data   RW          619    .data               alarm.o
    0x200000a4   0x00003670   0x0000001c   Data   RW          658    .data               timer.o
    0x200000c0   0x0000368c   0x00000004   Data   RW          721    .data               menu.o


    Execution Region ER_ZI (Exec base: 0x200000c4, Load base: 0x00003690, Size: 0x0000047c, Max: 0xffffffff, ABSOLUTE)

    Exec Addr    Load Addr    Size         Type   Attr      Idx    E Section Name        Object

    0x200000c4        -       0x00000064   Zero   RW          618    .bss                alarm.o
    0x20000128        -       0x00000014   Zero   RW          657    .bss                timer.o
    0x2000013c   0x00003690   0x00000004   PAD
    0x20000140        -       0x00000400   Zero   RW          383    STACK               startup.o


==============================================================================

Image component sizes


      Code (inc. data)   RO Data    RW Data    ZI Data      Debug   Object Name

      2070        596          0         56        100       4365   alarm.o
      2786         98          0         52          0       4548   display.o
       444         74          0          0          0       2242   lab3main.o
       288         84          0          4          0        858   menu.o
       124          4          0          0          0        547   pll.o
       560        144          0          0          0        842   settime.o
        72          8        176          0          0       1268   sine.o
      2486        190       2114         44          0      24914   st7735.o
       672        622          0          0       1024       1092   startup.o
       984        106          0          0          0        916   stopwatch.o
       392         58          0         28         20       3174   timer.o
       144         30          0          4          0       2077   timer0a.o
       144         36          0          4          0       2284   timer1a.o
       144         36          0          4          0       2284   timer2a.o

    ----------------------------------------------------------------------
     11320       2086       2324        196       1148      51411   Object Totals
         0          0         32          0          0          0   (incl. Generated)
        10          0          2          0          4          0   (incl. Padding)

    ----------------------------------------------------------------------

      Code (inc. data)   RO Data    RW Data    ZI Data      Debug   Library Member Name

         0          0          0          0          0          0   entry.o
         0          0          0          0          0          0   entry10a.o
         0          0          0          0          0          0   entry11a.o
         4          0          0          0          0          0   entry12b.o
         8          4          0          0          0          0   entry2.o
         4          0          0          0          0          0   entry5.o
         0          0          0          0          0          0   entry7b.o
         0          0          0          0          0          0   entry8b.o
         8          4          0          0          0          0   entry9a.o
        30          0          0          0          0          0   handlers.o
        36          8          0          0          0         68   init.o
        36          0          0          0          0        108   memseta.o

    ----------------------------------------------------------------------
       128         16          0          0          0        176   Library Totals
         2          0          0          0          0          0   (incl. Padding)

    ----------------------------------------------------------------------

      Code (inc. data)   RO Data    RW Data    ZI Data      Debug   Library Name

       126         16          0          0          0        176   mc_w.l

    ----------------------------------------------------------------------
       128         16          0          0          0        176   Library Totals

    ----------------------------------------------------------------------

==============================================================================


      Code (inc. data)   RO Data    RW Data    ZI Data      Debug   

     11448       2102       2324        196       1148      47091   Grand Totals
     11448       2102       2324        196       1148      47091   ELF Image Totals
     11448       2102       2324        196          0          0   ROM Totals

==============================================================================

    Total RO  Size (Code + RO Data)                13772 (  13.45kB)
    Total RW  Size (RW Data + ZI Data)              1344 (   1.31kB)
    Total ROM Size (Code + RO Data + RW Data)      13968 (  13.64kB)

==============================================================================

